Resolving dependencies...
Downloading packages...
  _fe_analyzer_shared 85.0.0 (94.0.0 available)
  analyzer 7.7.1 (10.0.2 available)
  android_alarm_manager_plus 4.0.8 (5.0.0 available)
  build 3.1.0 (4.0.4 available)
  build_resolvers 3.0.3 (3.0.4 available)
  build_runner 2.7.1 (2.11.0 available)
  build_runner_core 9.3.1 (9.3.2 available)
  characters 1.4.0 (1.4.1 available)
  dart_style 3.1.1 (3.1.5 available)
  dbus 0.7.11 (0.7.12 available)
  file_selector_ios 0.5.3+4 (0.5.3+5 available)
  flex_color_picker 3.7.2 (3.8.0 available)
  flex_color_scheme 8.3.1 (8.4.0 available)
  flex_seed_scheme 3.6.1 (4.0.1 available)
  flutter_local_notifications 19.5.0 (20.0.0 available)
  flutter_local_notifications_linux 6.0.0 (7.0.0 available)
  flutter_local_notifications_platform_interface 9.1.0 (10.0.0 available)
  flutter_local_notifications_windows 1.0.3 (2.0.0 available)
  flutter_markdown 0.7.7+1 (discontinued replaced by flutter_markdown_plus)
  flutter_secure_storage 9.2.4 (10.0.0 available)
  flutter_secure_storage_linux 1.2.3 (3.0.0 available)
  flutter_secure_storage_macos 3.1.3 (4.0.0 available)
  flutter_secure_storage_platform_interface 1.1.2 (2.0.1 available)
  flutter_secure_storage_web 1.2.1 (2.1.0 available)
  flutter_secure_storage_windows 3.1.2 (4.1.0 available)
  geocoding_platform_interface 3.2.0 (5.0.0 available)
  geolocator_linux 0.2.3 (0.2.4 available)
  http_server 1.0.0 (discontinued replaced by shelf)
  idb_shim 2.6.7+1 (2.8.2+2 available)
  image_picker_ios 0.8.13+3 (0.8.13+6 available)
  js 0.6.7 (0.7.2 available)
  local_auth 2.3.0 (3.0.0 available)
  local_auth_android 1.0.56 (2.0.4 available)
  local_auth_darwin 1.6.1 (2.0.1 available)
  local_auth_windows 1.0.11 (2.0.1 available)
  matcher 0.12.17 (0.12.18 available)
  material_color_utilities 0.11.1 (0.13.0 available)
  meta 1.17.0 (1.18.1 available)
  mime 1.0.6 (2.0.0 available)
  mmkv 1.3.16 (2.3.0 available)
  mmkv_android 1.0.11 (2.3.0 available)
  mmkv_ios 1.0.9 (2.3.0 available)
  mmkv_ohos 1.0.5 (2.3.0 available)
  mmkv_platform_interface 1.0.3 (2.3.0 available)
  mockito 5.5.0 (5.6.3 available)
  package_info_plus 8.3.1 (9.0.0 available)
  path_provider_foundation 2.5.1 (2.6.0 available)
  process_run 1.2.4 (1.3.0 available)
  rhttp 0.14.0 (0.15.1 available)
  sembast 3.8.5+2 (3.8.6 available)
  source_gen 3.1.0 (4.2.0 available)
  source_span 1.10.1 (1.10.2 available)
  sqflite_common_ffi 2.3.7+1 (2.4.0+2 available)
  sqflite_common_ffi_web 1.0.2 (1.1.1 available)
  sqlite3 2.9.4 (3.1.4 available)
  test 1.26.3 (1.29.0 available)
  test_api 0.7.7 (0.7.9 available)
  test_core 0.6.12 (0.6.15 available)
  timezone 0.10.1 (0.11.0 available)
  url_launcher_web 2.4.1 (2.4.2 available)
  video_player_avfoundation 2.8.9 (2.9.1 available)
  wakelock_plus 1.3.3 (1.4.0 available)
Got dependencies!
2 packages are discontinued.
60 packages have newer versions incompatible with dependency constraints.
Try `flutter pub outdated` for more information.
00:00 +0: loading /app/test/unit/services/ai_card_generation_service_isolate_test.dart                                                                                                                 00:01 +0: loading /app/test/unit/services/ai_card_generation_service_isolate_test.dart                                                                                                                 lib/services/ai_service.dart:12:8: Error: Error when reading 'lib/gen_l10n/app_localizations.dart': No such file or directory
import '../gen_l10n/app_localizations.dart';
       ^
lib/utils/daily_prompt_generator.dart:3:8: Error: Error when reading 'lib/gen_l10n/app_localizations.dart': No such file or directory
import '../gen_l10n/app_localizations.dart';
       ^
lib/services/weather_service.dart:6:8: Error: Error when reading 'lib/gen_l10n/app_localizations.dart': No such file or directory
import '../gen_l10n/app_localizations.dart';
       ^
lib/utils/time_utils.dart:3:8: Error: Error when reading 'lib/gen_l10n/app_localizations.dart': No such file or directory
import '../gen_l10n/app_localizations.dart';
       ^
lib/main.dart:10:8: Error: Error when reading 'lib/gen_l10n/app_localizations.dart': No such file or directory
import 'package:thoughtecho/gen_l10n/app_localizations.dart';
       ^
lib/models/weather_data.dart:2:8: Error: Error when reading 'lib/gen_l10n/app_localizations.dart': No such file or directory
import 'package:thoughtecho/gen_l10n/app_localizations.dart';
       ^
lib/services/apk_download_service.dart:8:8: Error: Error when reading 'lib/gen_l10n/app_localizations.dart': No such file or directory
import '../gen_l10n/app_localizations.dart';
       ^
lib/pages/home_page.dart:35:8: Error: Error when reading 'lib/gen_l10n/app_localizations.dart': No such file or directory
import '../gen_l10n/app_localizations.dart';
       ^
lib/pages/onboarding_page.dart:5:8: Error: Error when reading 'lib/gen_l10n/app_localizations.dart': No such file or directory
import '../gen_l10n/app_localizations.dart';
       ^
lib/pages/backup_restore_page.dart:3:8: Error: Error when reading 'lib/gen_l10n/app_localizations.dart': No such file or directory
import '../gen_l10n/app_localizations.dart';
       ^
lib/widgets/media_player_widget.dart:10:8: Error: Error when reading 'lib/gen_l10n/app_localizations.dart': No such file or directory
import '../gen_l10n/app_localizations.dart';
       ^
lib/widgets/add_note_dialog.dart:5:8: Error: Error when reading 'lib/gen_l10n/app_localizations.dart': No such file or directory
import '../gen_l10n/app_localizations.dart';
       ^
lib/widgets/update_dialog.dart:7:8: Error: Error when reading 'lib/gen_l10n/app_localizations.dart': No such file or directory
import '../gen_l10n/app_localizations.dart';
       ^
lib/widgets/daily_quote_view.dart:12:8: Error: Error when reading 'lib/gen_l10n/app_localizations.dart': No such file or directory
import '../gen_l10n/app_localizations.dart';
       ^
lib/widgets/note_list_view.dart:7:8: Error: Error when reading 'lib/gen_l10n/app_localizations.dart': No such file or directory
import '../gen_l10n/app_localizations.dart';
       ^
lib/widgets/local_ai/ocr_capture_page.dart:3:8: Error: Error when reading 'lib/gen_l10n/app_localizations.dart': No such file or directory
import '../../gen_l10n/app_localizations.dart';
       ^
lib/widgets/local_ai/ocr_result_sheet.dart:2:8: Error: Error when reading 'lib/gen_l10n/app_localizations.dart': No such file or directory
import '../../gen_l10n/app_localizations.dart';
       ^
lib/widgets/local_ai/voice_input_overlay.dart:4:8: Error: Error when reading 'lib/gen_l10n/app_localizations.dart': No such file or directory
import '../../gen_l10n/app_localizations.dart';
       ^
lib/pages/ai_features_page.dart:2:8: Error: Error when reading 'lib/gen_l10n/app_localizations.dart': No such file or directory
import '../gen_l10n/app_localizations.dart';
       ^
lib/pages/settings_page.dart:4:8: Error: Error when reading 'lib/gen_l10n/app_localizations.dart': No such file or directory
import 'package:thoughtecho/gen_l10n/app_localizations.dart';
       ^
lib/pages/note_qa_chat_page.dart:10:8: Error: Error when reading 'lib/gen_l10n/app_localizations.dart': No such file or directory
import '../gen_l10n/app_localizations.dart';
       ^
lib/pages/note_full_editor_page.dart:7:8: Error: Error when reading 'lib/gen_l10n/app_localizations.dart': No such file or directory
import '../gen_l10n/app_localizations.dart';
       ^
lib/widgets/svg_card_widget.dart:4:8: Error: Error when reading 'lib/gen_l10n/app_localizations.dart': No such file or directory
import '../gen_l10n/app_localizations.dart';
       ^
lib/config/onboarding_config.dart:4:8: Error: Error when reading 'lib/gen_l10n/app_localizations.dart': No such file or directory
import '../gen_l10n/app_localizations.dart';
       ^
lib/widgets/onboarding/page_views.dart:3:8: Error: Error when reading 'lib/gen_l10n/app_localizations.dart': No such file or directory
import '../../gen_l10n/app_localizations.dart';
       ^
lib/widgets/onboarding/preferences_page_view.dart:4:8: Error: Error when reading 'lib/gen_l10n/app_localizations.dart': No such file or directory
import '../../gen_l10n/app_localizations.dart';
       ^
lib/widgets/accessible_color_grid.dart:2:8: Error: Error when reading 'lib/gen_l10n/app_localizations.dart': No such file or directory
import '../gen_l10n/app_localizations.dart';
       ^
lib/widgets/add_note_ai_menu.dart:10:8: Error: Error when reading 'lib/gen_l10n/app_localizations.dart': No such file or directory
import '../gen_l10n/app_localizations.dart';
       ^
lib/widgets/add_note_dialog_parts.dart:2:8: Error: Error when reading 'lib/gen_l10n/app_localizations.dart': No such file or directory
import '../gen_l10n/app_localizations.dart';
       ^
lib/utils/icon_utils.dart:2:8: Error: Error when reading 'lib/gen_l10n/app_localizations.dart': No such file or directory
import '../gen_l10n/app_localizations.dart';
       ^
lib/services/api_service.dart:6:8: Error: Error when reading 'lib/gen_l10n/app_localizations.dart': No such file or directory
import '../gen_l10n/app_localizations.dart';
       ^
lib/widgets/quote_item_widget.dart:13:8: Error: Error when reading 'lib/gen_l10n/app_localizations.dart': No such file or directory
import '../gen_l10n/app_localizations.dart';
       ^
lib/widgets/note_filter_sort_sheet.dart:8:8: Error: Error when reading 'lib/gen_l10n/app_localizations.dart': No such file or directory
import '../gen_l10n/app_localizations.dart';
       ^
lib/widgets/local_ai/ai_action_buttons.dart:2:8: Error: Error when reading 'lib/gen_l10n/app_localizations.dart': No such file or directory
import '../../gen_l10n/app_localizations.dart';
       ^
lib/pages/insights_page.dart:4:8: Error: Error when reading 'lib/gen_l10n/app_localizations.dart': No such file or directory
import '../gen_l10n/app_localizations.dart';
       ^
lib/pages/ai_periodic_report_page.dart:23:8: Error: Error when reading 'lib/gen_l10n/app_localizations.dart': No such file or directory
import '../gen_l10n/app_localizations.dart';
       ^
lib/pages/ai_settings_page.dart:13:8: Error: Error when reading 'lib/gen_l10n/app_localizations.dart': No such file or directory
import '../gen_l10n/app_localizations.dart';
       ^
lib/pages/hitokoto_settings_page.dart:6:8: Error: Error when reading 'lib/gen_l10n/app_localizations.dart': No such file or directory
import '../gen_l10n/app_localizations.dart';
       ^
lib/pages/theme_settings_page.dart:6:8: Error: Error when reading 'lib/gen_l10n/app_localizations.dart': No such file or directory
import '../gen_l10n/app_localizations.dart';
       ^
lib/pages/logs_settings_page.dart:6:8: Error: Error when reading 'lib/gen_l10n/app_localizations.dart': No such file or directory
import '../gen_l10n/app_localizations.dart';
       ^
lib/pages/note_sync_page.dart:10:8: Error: Error when reading 'lib/gen_l10n/app_localizations.dart': No such file or directory
import '../gen_l10n/app_localizations.dart';
       ^
lib/widgets/city_search_widget.dart:4:8: Error: Error when reading 'lib/gen_l10n/app_localizations.dart': No such file or directory
import '../gen_l10n/app_localizations.dart';
       ^
lib/pages/category_settings_page.dart:8:8: Error: Error when reading 'lib/gen_l10n/app_localizations.dart': No such file or directory
import '../gen_l10n/app_localizations.dart';
       ^
lib/pages/annual_report_page.dart:11:8: Error: Error when reading 'lib/gen_l10n/app_localizations.dart': No such file or directory
import '../gen_l10n/app_localizations.dart';
       ^
lib/pages/ai_annual_report_webview.dart:11:8: Error: Error when reading 'lib/gen_l10n/app_localizations.dart': No such file or directory
import '../gen_l10n/app_localizations.dart';
       ^
lib/pages/license_page.dart:7:8: Error: Error when reading 'lib/gen_l10n/app_localizations.dart': No such file or directory
import '../gen_l10n/app_localizations.dart';
       ^
lib/pages/preferences_detail_page.dart:4:8: Error: Error when reading 'lib/gen_l10n/app_localizations.dart': No such file or directory
import '../gen_l10n/app_localizations.dart';
       ^
lib/pages/user_guide_page.dart:5:8: Error: Error when reading 'lib/gen_l10n/app_localizations.dart': No such file or directory
import 'package:thoughtecho/gen_l10n/app_localizations.dart';
       ^
lib/pages/storage_management_page.dart:11:8: Error: Error when reading 'lib/gen_l10n/app_localizations.dart': No such file or directory
import '../gen_l10n/app_localizations.dart';
       ^
lib/pages/local_ai_settings_page.dart:3:8: Error: Error when reading 'lib/gen_l10n/app_localizations.dart': No such file or directory
import '../gen_l10n/app_localizations.dart';
       ^
lib/pages/smart_push_settings_page.dart:3:8: Error: Error when reading 'lib/gen_l10n/app_localizations.dart': No such file or directory
import '../gen_l10n/app_localizations.dart';
       ^
lib/widgets/streaming_text_dialog.dart:4:8: Error: Error when reading 'lib/gen_l10n/app_localizations.dart': No such file or directory
import 'package:thoughtecho/gen_l10n/app_localizations.dart';
       ^
lib/models/feature_guide.dart:2:8: Error: Error when reading 'lib/gen_l10n/app_localizations.dart': No such file or directory
import '../gen_l10n/app_localizations.dart';
       ^
00:02 +0: loading /app/test/unit/services/ai_card_generation_service_isolate_test.dart                                                                                                                 lib/pages/ai_analysis_history_page_clean.dart:5:8: Error: Error when reading 'lib/gen_l10n/app_localizations.dart': No such file or directory
import '../gen_l10n/app_localizations.dart';
       ^
lib/pages/logs_page.dart:13:8: Error: Error when reading 'lib/gen_l10n/app_localizations.dart': No such file or directory
import '../gen_l10n/app_localizations.dart';
       ^
lib/widgets/unified_media_import_dialog.dart:12:8: Error: Error when reading 'lib/gen_l10n/app_localizations.dart': No such file or directory
import '../gen_l10n/app_localizations.dart';
       ^
00:03 +0: loading /app/test/unit/services/ai_card_generation_service_isolate_test.dart                                                                                                                 00:04 +0: loading /app/test/unit/services/ai_card_generation_service_isolate_test.dart                                                                                                                 lib/services/ai_service.dart:389:5: Error: Type 'AppLocalizations' not found.
    AppLocalizations l10n, {
    ^^^^^^^^^^^^^^^^
lib/services/ai_service.dart:477:30: Error: Type 'AppLocalizations' not found.
  String generateDailyPrompt(AppLocalizations l10n) {
                             ^^^^^^^^^^^^^^^^
lib/utils/daily_prompt_generator.dart:7:34: Error: Type 'AppLocalizations' not found.
  static String getDefaultPrompt(AppLocalizations l10n) {
                                 ^^^^^^^^^^^^^^^^
lib/utils/daily_prompt_generator.dart:34:5: Error: Type 'AppLocalizations' not found.
    AppLocalizations l10n, {
    ^^^^^^^^^^^^^^^^
lib/utils/daily_prompt_generator.dart:102:5: Error: Type 'AppLocalizations' not found.
    AppLocalizations l10n,
    ^^^^^^^^^^^^^^^^
lib/utils/daily_prompt_generator.dart:144:5: Error: Type 'AppLocalizations' not found.
    AppLocalizations l10n,
    ^^^^^^^^^^^^^^^^
lib/utils/daily_prompt_generator.dart:193:5: Error: Type 'AppLocalizations' not found.
    AppLocalizations l10n,
    ^^^^^^^^^^^^^^^^
lib/utils/daily_prompt_generator.dart:228:5: Error: Type 'AppLocalizations' not found.
    AppLocalizations l10n,
    ^^^^^^^^^^^^^^^^
lib/services/weather_service.dart:214:30: Error: Type 'AppLocalizations' not found.
  String getFormattedWeather(AppLocalizations l10n) {
                             ^^^^^^^^^^^^^^^^
lib/services/weather_service.dart:236:5: Error: Type 'AppLocalizations' not found.
    AppLocalizations l10n,
    ^^^^^^^^^^^^^^^^
lib/models/weather_data.dart:27:24: Error: Type 'AppLocalizations' not found.
  String formattedText(AppLocalizations l10n) {
                       ^^^^^^^^^^^^^^^^
lib/models/weather_data.dart:219:41: Error: Type 'AppLocalizations' not found.
  static String getLocalizedDescription(AppLocalizations l10n, String key) {
                                        ^^^^^^^^^^^^^^^^
lib/pages/backup_restore_page.dart:30:3: Error: Type 'AppLocalizations' not found.
  AppLocalizations get l10n => AppLocalizations.of(context);
  ^^^^^^^^^^^^^^^^
lib/widgets/media_player_widget.dart:33:3: Error: Type 'AppLocalizations' not found.
  AppLocalizations get l10n => AppLocalizations.of(context);
  ^^^^^^^^^^^^^^^^
lib/pages/note_qa_chat_page.dart:27:3: Error: Type 'AppLocalizations' not found.
  AppLocalizations get l10n => AppLocalizations.of(context);
  ^^^^^^^^^^^^^^^^
lib/widgets/onboarding/page_views.dart:250:57: Error: Type 'AppLocalizations' not found.
  Widget _buildCompactLanguageSelector(ThemeData theme, AppLocalizations l10n) {
                                                        ^^^^^^^^^^^^^^^^
lib/utils/icon_utils.dart:191:5: Error: Type 'AppLocalizations' not found.
    AppLocalizations l10n,
    ^^^^^^^^^^^^^^^^
lib/utils/icon_utils.dart:219:5: Error: Type 'AppLocalizations' not found.
    AppLocalizations l10n,
    ^^^^^^^^^^^^^^^^
lib/services/api_service.dart:31:47: Error: Type 'AppLocalizations' not found.
  static Map<String, String> getHitokotoTypes(AppLocalizations l10n) {
                                              ^^^^^^^^^^^^^^^^
lib/services/api_service.dart:52:5: Error: Type 'AppLocalizations' not found.
    AppLocalizations l10n,
    ^^^^^^^^^^^^^^^^
lib/services/api_service.dart:134:5: Error: Type 'AppLocalizations' not found.
    AppLocalizations l10n,
    ^^^^^^^^^^^^^^^^
lib/services/api_service.dart:168:48: Error: Type 'AppLocalizations' not found.
  static Map<String, dynamic> _getDefaultQuote(AppLocalizations l10n) {
                                               ^^^^^^^^^^^^^^^^
lib/widgets/note_filter_sort_sheet.dart:47:40: Error: Type 'AppLocalizations' not found.
  String _getSortTypeLabel(String key, AppLocalizations l10n) {
                                       ^^^^^^^^^^^^^^^^
lib/widgets/note_filter_sort_sheet.dart:298:44: Error: Type 'AppLocalizations' not found.
  Widget _buildTagsFilter(ThemeData theme, AppLocalizations l10n) {
                                           ^^^^^^^^^^^^^^^^
lib/widgets/note_filter_sort_sheet.dart:374:5: Error: Type 'AppLocalizations' not found.
    AppLocalizations l10n,
    ^^^^^^^^^^^^^^^^
lib/widgets/note_filter_sort_sheet.dart:501:45: Error: Type 'AppLocalizations' not found.
  Widget _buildSortOptions(ThemeData theme, AppLocalizations l10n) {
                                            ^^^^^^^^^^^^^^^^
lib/pages/insights_page.dart:43:48: Error: Type 'AppLocalizations' not found.
  List<Map<String, dynamic>> _getAnalysisTypes(AppLocalizations l10n) {
                                               ^^^^^^^^^^^^^^^^
lib/pages/insights_page.dart:73:49: Error: Type 'AppLocalizations' not found.
  List<Map<String, dynamic>> _getAnalysisStyles(AppLocalizations l10n) {
                                                ^^^^^^^^^^^^^^^^
lib/pages/ai_periodic_report_page.dart:544:5: Error: Type 'AppLocalizations' not found.
    AppLocalizations l10n, {
    ^^^^^^^^^^^^^^^^
lib/pages/ai_periodic_report_page.dart:719:25: Error: Type 'AppLocalizations' not found.
  String _getPeriodName(AppLocalizations l10n) {
                        ^^^^^^^^^^^^^^^^
lib/pages/ai_periodic_report_page.dart:732:28: Error: Type 'AppLocalizations' not found.
  String _getDateRangeText(AppLocalizations l10n) {
                           ^^^^^^^^^^^^^^^^
lib/pages/ai_settings_page.dart:59:43: Error: Type 'AppLocalizations' not found.
  List<Map<String, String>> _getAiPresets(AppLocalizations l10n) {
                                          ^^^^^^^^^^^^^^^^
lib/pages/hitokoto_settings_page.dart:455:54: Error: Type 'AppLocalizations' not found.
  List<Widget> _buildHelpItems(BuildContext context, AppLocalizations l10n) {
                                                     ^^^^^^^^^^^^^^^^
lib/pages/note_sync_page.dart:1275:54: Error: Type 'AppLocalizations' not found.
  String _localizeProgressMessage(String rawMessage, AppLocalizations l10n) {
                                                     ^^^^^^^^^^^^^^^^
lib/pages/note_sync_page.dart:1305:48: Error: Type 'AppLocalizations' not found.
  String _getSyncStatusText(SyncStatus status, AppLocalizations l10n) {
                                               ^^^^^^^^^^^^^^^^
lib/widgets/city_search_widget.dart:362:5: Error: Type 'AppLocalizations' not found.
    AppLocalizations l10n,
    ^^^^^^^^^^^^^^^^
lib/pages/annual_report_page.dart:1516:5: Error: Type 'AppLocalizations' not found.
    AppLocalizations l10n,
    ^^^^^^^^^^^^^^^^
lib/pages/ai_annual_report_webview.dart:29:3: Error: Type 'AppLocalizations' not found.
  AppLocalizations get l10n => AppLocalizations.of(context);
  ^^^^^^^^^^^^^^^^
lib/pages/storage_management_page.dart:453:5: Error: Type 'AppLocalizations' not found.
    AppLocalizations l10n,
    ^^^^^^^^^^^^^^^^
lib/pages/storage_management_page.dart:602:5: Error: Type 'AppLocalizations' not found.
    AppLocalizations l10n,
    ^^^^^^^^^^^^^^^^
lib/pages/storage_management_page.dart:635:5: Error: Type 'AppLocalizations' not found.
    AppLocalizations l10n,
    ^^^^^^^^^^^^^^^^
lib/pages/storage_management_page.dart:673:5: Error: Type 'AppLocalizations' not found.
    AppLocalizations l10n,
    ^^^^^^^^^^^^^^^^
lib/pages/storage_management_page.dart:708:55: Error: Type 'AppLocalizations' not found.
  Widget _buildActionButtons(ColorScheme colorScheme, AppLocalizations l10n) {
                                                      ^^^^^^^^^^^^^^^^
lib/pages/storage_management_page.dart:952:5: Error: Type 'AppLocalizations' not found.
    AppLocalizations l10n,
    ^^^^^^^^^^^^^^^^
lib/pages/smart_push_settings_page.dart:297:7: Error: Type 'AppLocalizations' not found.
      AppLocalizations l10n, ThemeData theme, ColorScheme colorScheme) {
      ^^^^^^^^^^^^^^^^
lib/pages/smart_push_settings_page.dart:412:7: Error: Type 'AppLocalizations' not found.
      AppLocalizations l10n, ThemeData theme, ColorScheme colorScheme) {
      ^^^^^^^^^^^^^^^^
lib/pages/smart_push_settings_page.dart:586:7: Error: Type 'AppLocalizations' not found.
      AppLocalizations l10n, ThemeData theme, ColorScheme colorScheme) {
      ^^^^^^^^^^^^^^^^
lib/pages/smart_push_settings_page.dart:632:5: Error: Type 'AppLocalizations' not found.
    AppLocalizations l10n,
    ^^^^^^^^^^^^^^^^
lib/pages/smart_push_settings_page.dart:740:7: Error: Type 'AppLocalizations' not found.
      AppLocalizations l10n, ThemeData theme, ColorScheme colorScheme) {
      ^^^^^^^^^^^^^^^^
lib/pages/smart_push_settings_page.dart:792:7: Error: Type 'AppLocalizations' not found.
      AppLocalizations l10n, ThemeData theme, ColorScheme colorScheme) {
      ^^^^^^^^^^^^^^^^
lib/pages/smart_push_settings_page.dart:995:7: Error: Type 'AppLocalizations' not found.
      AppLocalizations l10n, ThemeData theme, ColorScheme colorScheme) {
      ^^^^^^^^^^^^^^^^
lib/pages/smart_push_settings_page.dart:1020:7: Error: Type 'AppLocalizations' not found.
      AppLocalizations l10n, ThemeData theme, ColorScheme colorScheme) {
      ^^^^^^^^^^^^^^^^
lib/pages/smart_push_settings_page.dart:1066:29: Error: Type 'AppLocalizations' not found.
  String _getFrequencyLabel(AppLocalizations l10n, PushFrequency freq) {
                            ^^^^^^^^^^^^^^^^
lib/pages/smart_push_settings_page.dart:1096:32: Error: Type 'AppLocalizations' not found.
  String _getPastNoteTypeLabel(AppLocalizations l10n, PastNoteType type) {
                               ^^^^^^^^^^^^^^^^
lib/pages/smart_push_settings_page.dart:1128:27: Error: Type 'AppLocalizations' not found.
  String _getWeatherLabel(AppLocalizations l10n, WeatherFilterType weather) {
                          ^^^^^^^^^^^^^^^^
lib/pages/smart_push_settings_page.dart:1173:7: Error: Type 'AppLocalizations' not found.
      AppLocalizations l10n, ThemeData theme, ColorScheme colorScheme) {
      ^^^^^^^^^^^^^^^^
lib/pages/smart_push_settings_page.dart:1261:7: Error: Type 'AppLocalizations' not found.
      AppLocalizations l10n, ThemeData theme, ColorScheme colorScheme) {
      ^^^^^^^^^^^^^^^^
lib/pages/smart_push_settings_page.dart:1446:14: Error: Type 'AppLocalizations' not found.
    required AppLocalizations l10n,
             ^^^^^^^^^^^^^^^^
lib/pages/smart_push_settings_page.dart:1516:14: Error: Type 'AppLocalizations' not found.
    required AppLocalizations l10n,
             ^^^^^^^^^^^^^^^^
lib/widgets/streaming_text_dialog.dart:30:3: Error: Type 'AppLocalizations' not found.
  AppLocalizations get l10n => AppLocalizations.of(context);
  ^^^^^^^^^^^^^^^^
lib/widgets/unified_media_import_dialog.dart:38:3: Error: Type 'AppLocalizations' not found.
  AppLocalizations get l10n => AppLocalizations.of(context);
  ^^^^^^^^^^^^^^^^
00:05 +0: loading /app/test/unit/services/ai_card_generation_service_isolate_test.dart                                                                                                                 00:06 +0: loading /app/test/unit/services/ai_card_generation_service_isolate_test.dart                                                                                                                 00:07 +0: loading /app/test/unit/services/ai_card_generation_service_isolate_test.dart                                                                                                                 00:08 +0: loading /app/test/unit/services/ai_card_generation_service_isolate_test.dart                                                                                                                 lib/services/ai_service.dart:389:5: Error: 'AppLocalizations' isn't a type.
    AppLocalizations l10n, {
    ^^^^^^^^^^^^^^^^
lib/services/ai_service.dart:477:30: Error: 'AppLocalizations' isn't a type.
  String generateDailyPrompt(AppLocalizations l10n) {
                             ^^^^^^^^^^^^^^^^
00:09 +0: loading /app/test/unit/services/ai_card_generation_service_isolate_test.dart                                                                                                                 00:10 +0: loading /app/test/unit/services/ai_card_generation_service_isolate_test.dart                                                                                                                 00:11 +0: loading /app/test/unit/services/ai_card_generation_service_isolate_test.dart                                                                                                                 lib/utils/daily_prompt_generator.dart:7:34: Error: 'AppLocalizations' isn't a type.
  static String getDefaultPrompt(AppLocalizations l10n) {
                                 ^^^^^^^^^^^^^^^^
lib/utils/daily_prompt_generator.dart:34:5: Error: 'AppLocalizations' isn't a type.
    AppLocalizations l10n, {
    ^^^^^^^^^^^^^^^^
lib/utils/daily_prompt_generator.dart:102:5: Error: 'AppLocalizations' isn't a type.
    AppLocalizations l10n,
    ^^^^^^^^^^^^^^^^
lib/utils/daily_prompt_generator.dart:144:5: Error: 'AppLocalizations' isn't a type.
    AppLocalizations l10n,
    ^^^^^^^^^^^^^^^^
lib/utils/daily_prompt_generator.dart:193:5: Error: 'AppLocalizations' isn't a type.
    AppLocalizations l10n,
    ^^^^^^^^^^^^^^^^
lib/utils/daily_prompt_generator.dart:228:5: Error: 'AppLocalizations' isn't a type.
    AppLocalizations l10n,
    ^^^^^^^^^^^^^^^^
lib/services/weather_service.dart:214:30: Error: 'AppLocalizations' isn't a type.
  String getFormattedWeather(AppLocalizations l10n) {
                             ^^^^^^^^^^^^^^^^
lib/services/weather_service.dart:236:5: Error: 'AppLocalizations' isn't a type.
    AppLocalizations l10n,
    ^^^^^^^^^^^^^^^^
lib/services/weather_service.dart:374:18: Error: Undefined name 'AppLocalizations'.
    final l10n = AppLocalizations.of(context);
                 ^^^^^^^^^^^^^^^^
lib/utils/time_utils.dart:35:18: Error: Undefined name 'AppLocalizations'.
    final l10n = AppLocalizations.of(context);
                 ^^^^^^^^^^^^^^^^
lib/main.dart:855:13: Error: Not a constant expression.
            AppLocalizations.delegate,
            ^^^^^^^^^^^^^^^^
lib/main.dart:861:29: Error: The getter 'AppLocalizations' isn't defined for the type '_MyAppState'.
 - '_MyAppState' is from 'package:thoughtecho/main.dart' ('lib/main.dart').
Try correcting the name to the name of an existing getter, or defining a getter or field named 'AppLocalizations'.
          supportedLocales: AppLocalizations.supportedLocales,
                            ^^^^^^^^^^^^^^^^
lib/main.dart:874:18: Error: The getter 'AppLocalizations' isn't defined for the type 'EmergencyRecoveryPage'.
 - 'EmergencyRecoveryPage' is from 'package:thoughtecho/main.dart' ('lib/main.dart').
Try correcting the name to the name of an existing getter, or defining a getter or field named 'AppLocalizations'.
    final l10n = AppLocalizations.of(context);
                 ^^^^^^^^^^^^^^^^
lib/main.dart:998:18: Error: The getter 'AppLocalizations' isn't defined for the type 'EmergencyApp'.
 - 'EmergencyApp' is from 'package:thoughtecho/main.dart' ('lib/main.dart').
Try correcting the name to the name of an existing getter, or defining a getter or field named 'AppLocalizations'.
    final l10n = AppLocalizations.of(context);
                 ^^^^^^^^^^^^^^^^
lib/main.dart:1027:18: Error: The getter 'AppLocalizations' isn't defined for the type 'EmergencyHomePage'.
 - 'EmergencyHomePage' is from 'package:thoughtecho/main.dart' ('lib/main.dart').
Try correcting the name to the name of an existing getter, or defining a getter or field named 'AppLocalizations'.
    final l10n = AppLocalizations.of(context);
                 ^^^^^^^^^^^^^^^^
lib/main.dart:1191:18: Error: The getter 'AppLocalizations' isn't defined for the type '_EmergencyBackupPageState'.
 - '_EmergencyBackupPageState' is from 'package:thoughtecho/main.dart' ('lib/main.dart').
Try correcting the name to the name of an existing getter, or defining a getter or field named 'AppLocalizations'.
    final l10n = AppLocalizations.of(context);
                 ^^^^^^^^^^^^^^^^
lib/main.dart:1298:18: Error: The getter 'AppLocalizations' isn't defined for the type '_EmergencyBackupPageState'.
 - '_EmergencyBackupPageState' is from 'package:thoughtecho/main.dart' ('lib/main.dart').
Try correcting the name to the name of an existing getter, or defining a getter or field named 'AppLocalizations'.
    final l10n = AppLocalizations.of(this.context);
                 ^^^^^^^^^^^^^^^^
lib/models/weather_data.dart:27:24: Error: 'AppLocalizations' isn't a type.
  String formattedText(AppLocalizations l10n) {
                       ^^^^^^^^^^^^^^^^
lib/models/weather_data.dart:219:41: Error: 'AppLocalizations' isn't a type.
  static String getLocalizedDescription(AppLocalizations l10n, String key) {
                                        ^^^^^^^^^^^^^^^^
lib/services/apk_download_service.dart:80:24: Error: Undefined name 'AppLocalizations'.
          final l10n = AppLocalizations.of(context);
                       ^^^^^^^^^^^^^^^^
lib/services/apk_download_service.dart:108:22: Error: Undefined name 'AppLocalizations'.
        final l10n = AppLocalizations.of(context);
                     ^^^^^^^^^^^^^^^^
lib/services/apk_download_service.dart:209:18: Error: Undefined name 'AppLocalizations'.
    final l10n = AppLocalizations.of(context);
                 ^^^^^^^^^^^^^^^^
lib/services/apk_download_service.dart:255:18: Error: Undefined name 'AppLocalizations'.
    final l10n = AppLocalizations.of(context);
                 ^^^^^^^^^^^^^^^^
lib/services/apk_download_service.dart:303:27: Error: Undefined name 'AppLocalizations'.
        final errorL10n = AppLocalizations.of(context);
                          ^^^^^^^^^^^^^^^^
lib/services/apk_download_service.dart:321:18: Error: Undefined name 'AppLocalizations'.
    final l10n = AppLocalizations.of(context);
                 ^^^^^^^^^^^^^^^^
lib/services/apk_download_service.dart:418:18: Error: Undefined name 'AppLocalizations'.
    final l10n = AppLocalizations.of(context);
                 ^^^^^^^^^^^^^^^^
lib/services/apk_download_service.dart:445:18: Error: Undefined name 'AppLocalizations'.
    final l10n = AppLocalizations.of(context);
                 ^^^^^^^^^^^^^^^^
lib/services/apk_download_service.dart:472:18: Error: Undefined name 'AppLocalizations'.
    final l10n = AppLocalizations.of(context);
                 ^^^^^^^^^^^^^^^^
lib/pages/home_page.dart:132:22: Error: The getter 'AppLocalizations' isn't defined for the type '_HomePageState'.
 - '_HomePageState' is from 'package:thoughtecho/pages/home_page.dart' ('lib/pages/home_page.dart').
Try correcting the name to the name of an existing getter, or defining a getter or field named 'AppLocalizations'.
        final l10n = AppLocalizations.of(context);
                     ^^^^^^^^^^^^^^^^
lib/pages/home_page.dart:160:20: Error: The getter 'AppLocalizations' isn't defined for the type '_HomePageState'.
 - '_HomePageState' is from 'package:thoughtecho/pages/home_page.dart' ('lib/pages/home_page.dart').
Try correcting the name to the name of an existing getter, or defining a getter or field named 'AppLocalizations'.
      final l10n = AppLocalizations.of(context);
                   ^^^^^^^^^^^^^^^^
lib/pages/home_page.dart:191:26: Error: The getter 'AppLocalizations' isn't defined for the type '_HomePageState'.
 - '_HomePageState' is from 'package:thoughtecho/pages/home_page.dart' ('lib/pages/home_page.dart').
Try correcting the name to the name of an existing getter, or defining a getter or field named 'AppLocalizations'.
            final l10n = AppLocalizations.of(context);
                         ^^^^^^^^^^^^^^^^
lib/pages/home_page.dart:227:22: Error: The getter 'AppLocalizations' isn't defined for the type '_HomePageState'.
 - '_HomePageState' is from 'package:thoughtecho/pages/home_page.dart' ('lib/pages/home_page.dart').
Try correcting the name to the name of an existing getter, or defining a getter or field named 'AppLocalizations'.
        final l10n = AppLocalizations.of(context);
                     ^^^^^^^^^^^^^^^^
lib/pages/home_page.dart:277:15: Error: The getter 'AppLocalizations' isn't defined for the type '_HomePageState'.
 - '_HomePageState' is from 'package:thoughtecho/pages/home_page.dart' ('lib/pages/home_page.dart').
Try correcting the name to the name of an existing getter, or defining a getter or field named 'AppLocalizations'.
              AppLocalizations.of(context).refreshFailed(e.toString()),
              ^^^^^^^^^^^^^^^^
lib/pages/home_page.dart:425:20: Error: The getter 'AppLocalizations' isn't defined for the type '_HomePageState'.
 - '_HomePageState' is from 'package:thoughtecho/pages/home_page.dart' ('lib/pages/home_page.dart').
Try correcting the name to the name of an existing getter, or defining a getter or field named 'AppLocalizations'.
      final l10n = AppLocalizations.of(context);
                   ^^^^^^^^^^^^^^^^
lib/pages/home_page.dart:926:25: Error: The getter 'AppLocalizations' isn't defined for the type '_HomePageState'.
 - '_HomePageState' is from 'package:thoughtecho/pages/home_page.dart' ('lib/pages/home_page.dart').
Try correcting the name to the name of an existing getter, or defining a getter or field named 'AppLocalizations'.
          content: Text(AppLocalizations.of(context).loadingDataPleaseWait),
                        ^^^^^^^^^^^^^^^^
lib/pages/home_page.dart:939:29: Error: The getter 'AppLocalizations' isn't defined for the type '_HomePageState'.
 - '_HomePageState' is from 'package:thoughtecho/pages/home_page.dart' ('lib/pages/home_page.dart').
Try correcting the name to the name of an existing getter, or defining a getter or field named 'AppLocalizations'.
              content: Text(AppLocalizations.of(context).noTagsAvailable),
                            ^^^^^^^^^^^^^^^^
lib/pages/home_page.dart:1018:19: Error: The getter 'AppLocalizations' isn't defined for the type '_HomePageState'.
 - '_HomePageState' is from 'package:thoughtecho/pages/home_page.dart' ('lib/pages/home_page.dart').
Try correcting the name to the name of an existing getter, or defining a getter or field named 'AppLocalizations'.
                  AppLocalizations.of(this.context).featureComingSoon,
                  ^^^^^^^^^^^^^^^^
lib/pages/home_page.dart:1046:18: Error: The getter 'AppLocalizations' isn't defined for the type '_HomePageState'.
 - '_HomePageState' is from 'package:thoughtecho/pages/home_page.dart' ('lib/pages/home_page.dart').
Try correcting the name to the name of an existing getter, or defining a getter or field named 'AppLocalizations'.
    final l10n = AppLocalizations.of(context);
                 ^^^^^^^^^^^^^^^^
lib/pages/home_page.dart:1091:17: Error: The getter 'AppLocalizations' isn't defined for the type '_HomePageState'.
 - '_HomePageState' is from 'package:thoughtecho/pages/home_page.dart' ('lib/pages/home_page.dart').
Try correcting the name to the name of an existing getter, or defining a getter or field named 'AppLocalizations'.
                AppLocalizations.of(context).cannotOpenFullEditor(e.toString()),
                ^^^^^^^^^^^^^^^^
lib/pages/home_page.dart:1097:24: Error: The getter 'AppLocalizations' isn't defined for the type '_HomePageState'.
 - '_HomePageState' is from 'package:thoughtecho/pages/home_page.dart' ('lib/pages/home_page.dart').
Try correcting the name to the name of an existing getter, or defining a getter or field named 'AppLocalizations'.
                label: AppLocalizations.of(context).retry,
                       ^^^^^^^^^^^^^^^^
lib/pages/home_page.dart:1130:21: Error: The getter 'AppLocalizations' isn't defined for the type '_HomePageState'.
 - '_HomePageState' is from 'package:thoughtecho/pages/home_page.dart' ('lib/pages/home_page.dart').
Try correcting the name to the name of an existing getter, or defining a getter or field named 'AppLocalizations'.
        title: Text(AppLocalizations.of(context).deleteNote),
                    ^^^^^^^^^^^^^^^^
lib/pages/home_page.dart:1131:23: Error: The getter 'AppLocalizations' isn't defined for the type '_HomePageState'.
 - '_HomePageState' is from 'package:thoughtecho/pages/home_page.dart' ('lib/pages/home_page.dart').
Try correcting the name to the name of an existing getter, or defining a getter or field named 'AppLocalizations'.
        content: Text(AppLocalizations.of(context).deleteNoteConfirmation),
                      ^^^^^^^^^^^^^^^^
lib/pages/home_page.dart:1135:25: Error: The getter 'AppLocalizations' isn't defined for the type '_HomePageState'.
 - '_HomePageState' is from 'package:thoughtecho/pages/home_page.dart' ('lib/pages/home_page.dart').
Try correcting the name to the name of an existing getter, or defining a getter or field named 'AppLocalizations'.
            child: Text(AppLocalizations.of(context).cancel),
                        ^^^^^^^^^^^^^^^^
lib/pages/home_page.dart:1151:25: Error: The getter 'AppLocalizations' isn't defined for the type '_HomePageState'.
 - '_HomePageState' is from 'package:thoughtecho/pages/home_page.dart' ('lib/pages/home_page.dart').
Try correcting the name to the name of an existing getter, or defining a getter or field named 'AppLocalizations'.
            child: Text(AppLocalizations.of(context).delete),
                        ^^^^^^^^^^^^^^^^
lib/pages/home_page.dart:1145:33: Error: The getter 'AppLocalizations' isn't defined for the type '_HomePageState'.
 - '_HomePageState' is from 'package:thoughtecho/pages/home_page.dart' ('lib/pages/home_page.dart').
Try correcting the name to the name of an existing getter, or defining a getter or field named 'AppLocalizations'.
                  content: Text(AppLocalizations.of(context).noteDeleted),
                                ^^^^^^^^^^^^^^^^
lib/pages/home_page.dart:1167:20: Error: The getter 'AppLocalizations' isn't defined for the type '_HomePageState'.
 - '_HomePageState' is from 'package:thoughtecho/pages/home_page.dart' ('lib/pages/home_page.dart').
Try correcting the name to the name of an existing getter, or defining a getter or field named 'AppLocalizations'.
      final l10n = AppLocalizations.of(context);
                   ^^^^^^^^^^^^^^^^
lib/pages/home_page.dart:1190:25: Error: The getter 'AppLocalizations' isn't defined for the type '_HomePageState'.
 - '_HomePageState' is from 'package:thoughtecho/pages/home_page.dart' ('lib/pages/home_page.dart').
Try correcting the name to the name of an existing getter, or defining a getter or field named 'AppLocalizations'.
          content: Text(AppLocalizations.of(context).favoriteFailed),
                        ^^^^^^^^^^^^^^^^
lib/pages/home_page.dart:1212:13: Error: The getter 'AppLocalizations' isn't defined for the type '_HomePageState'.
 - '_HomePageState' is from 'package:thoughtecho/pages/home_page.dart' ('lib/pages/home_page.dart').
Try correcting the name to the name of an existing getter, or defining a getter or field named 'AppLocalizations'.
            AppLocalizations.of(context).aiCardServiceNotInitialized,
            ^^^^^^^^^^^^^^^^
lib/pages/home_page.dart:1231:20: Error: The getter 'AppLocalizations' isn't defined for the type '_HomePageState'.
 - '_HomePageState' is from 'package:thoughtecho/pages/home_page.dart' ('lib/pages/home_page.dart').
Try correcting the name to the name of an existing getter, or defining a getter or field named 'AppLocalizations'.
        brandName: AppLocalizations.of(context).appTitle,
                   ^^^^^^^^^^^^^^^^
lib/pages/home_page.dart:1248:26: Error: The getter 'AppLocalizations' isn't defined for the type '_HomePageState'.
 - '_HomePageState' is from 'package:thoughtecho/pages/home_page.dart' ('lib/pages/home_page.dart').
Try correcting the name to the name of an existing getter, or defining a getter or field named 'AppLocalizations'.
              brandName: AppLocalizations.of(context).appTitle,
                         ^^^^^^^^^^^^^^^^
lib/pages/home_page.dart:1262:15: Error: The getter 'AppLocalizations' isn't defined for the type '_HomePageState'.
 - '_HomePageState' is from 'package:thoughtecho/pages/home_page.dart' ('lib/pages/home_page.dart').
Try correcting the name to the name of an existing getter, or defining a getter or field named 'AppLocalizations'.
              AppLocalizations.of(context).generateCardFailed(e.toString()),
              ^^^^^^^^^^^^^^^^
lib/pages/home_page.dart:1287:22: Error: The getter 'AppLocalizations' isn't defined for the type '_HomePageState'.
 - '_HomePageState' is from 'package:thoughtecho/pages/home_page.dart' ('lib/pages/home_page.dart').
Try correcting the name to the name of an existing getter, or defining a getter or field named 'AppLocalizations'.
                Text(AppLocalizations.of(context).generatingShareImage),
                     ^^^^^^^^^^^^^^^^
lib/pages/home_page.dart:1327:22: Error: The getter 'AppLocalizations' isn't defined for the type '_HomePageState'.
 - '_HomePageState' is from 'package:thoughtecho/pages/home_page.dart' ('lib/pages/home_page.dart').
Try correcting the name to the name of an existing getter, or defining a getter or field named 'AppLocalizations'.
                Text(AppLocalizations.of(context).cardSharedSuccessfully),
                     ^^^^^^^^^^^^^^^^
lib/pages/home_page.dart:1346:21: Error: The getter 'AppLocalizations' isn't defined for the type '_HomePageState'.
 - '_HomePageState' is from 'package:thoughtecho/pages/home_page.dart' ('lib/pages/home_page.dart').
Try correcting the name to the name of an existing getter, or defining a getter or field named 'AppLocalizations'.
                    AppLocalizations.of(context).shareFailed(e.toString()),
                    ^^^^^^^^^^^^^^^^
lib/pages/home_page.dart:1374:22: Error: The getter 'AppLocalizations' isn't defined for the type '_HomePageState'.
 - '_HomePageState' is from 'package:thoughtecho/pages/home_page.dart' ('lib/pages/home_page.dart').
Try correcting the name to the name of an existing getter, or defining a getter or field named 'AppLocalizations'.
                Text(AppLocalizations.of(context).savingCardToGallery),
                     ^^^^^^^^^^^^^^^^
lib/pages/home_page.dart:1390:25: Error: The getter 'AppLocalizations' isn't defined for the type '_HomePageState'.
 - '_HomePageState' is from 'package:thoughtecho/pages/home_page.dart' ('lib/pages/home_page.dart').
Try correcting the name to the name of an existing getter, or defining a getter or field named 'AppLocalizations'.
        fileNamePrefix: AppLocalizations.of(context).cardFileNamePrefix,
                        ^^^^^^^^^^^^^^^^
lib/pages/home_page.dart:1394:22: Error: The getter 'AppLocalizations' isn't defined for the type '_HomePageState'.
 - '_HomePageState' is from 'package:thoughtecho/pages/home_page.dart' ('lib/pages/home_page.dart').
Try correcting the name to the name of an existing getter, or defining a getter or field named 'AppLocalizations'.
        final l10n = AppLocalizations.of(context);
                     ^^^^^^^^^^^^^^^^
lib/pages/home_page.dart:1428:21: Error: The getter 'AppLocalizations' isn't defined for the type '_HomePageState'.
 - '_HomePageState' is from 'package:thoughtecho/pages/home_page.dart' ('lib/pages/home_page.dart').
Try correcting the name to the name of an existing getter, or defining a getter or field named 'AppLocalizations'.
                    AppLocalizations.of(context).saveFailed(e.toString()),
                    ^^^^^^^^^^^^^^^^
lib/pages/home_page.dart:1489:20: Error: The getter 'AppLocalizations' isn't defined for the type '_HomePageState'.
 - '_HomePageState' is from 'package:thoughtecho/pages/home_page.dart' ('lib/pages/home_page.dart').
Try correcting the name to the name of an existing getter, or defining a getter or field named 'AppLocalizations'.
      final l10n = AppLocalizations.of(context);
                   ^^^^^^^^^^^^^^^^
lib/pages/home_page.dart:1563:18: Error: The getter 'AppLocalizations' isn't defined for the type '_HomePageState'.
 - '_HomePageState' is from 'package:thoughtecho/pages/home_page.dart' ('lib/pages/home_page.dart').
Try correcting the name to the name of an existing getter, or defining a getter or field named 'AppLocalizations'.
    final l10n = AppLocalizations.of(context);
                 ^^^^^^^^^^^^^^^^
lib/pages/home_page.dart:1622:35: Error: The getter 'AppLocalizations' isn't defined for the type '_HomePageState'.
 - '_HomePageState' is from 'package:thoughtecho/pages/home_page.dart' ('lib/pages/home_page.dart').
Try correcting the name to the name of an existing getter, or defining a getter or field named 'AppLocalizations'.
                                  AppLocalizations.of(context).appTitleOffline),
                                  ^^^^^^^^^^^^^^^^
lib/pages/home_page.dart:1627:36: Error: The getter 'AppLocalizations' isn't defined for the type '_HomePageState'.
 - '_HomePageState' is from 'package:thoughtecho/pages/home_page.dart' ('lib/pages/home_page.dart').
Try correcting the name to the name of an existing getter, or defining a getter or field named 'AppLocalizations'.
                              Text(AppLocalizations.of(context).appTitle);
                                   ^^^^^^^^^^^^^^^^
lib/pages/home_page.dart:1753:39: Error: The getter 'AppLocalizations' isn't defined for the type '_HomePageState'.
 - '_HomePageState' is from 'package:thoughtecho/pages/home_page.dart' ('lib/pages/home_page.dart').
Try correcting the name to the name of an existing getter, or defining a getter or field named 'AppLocalizations'.
                                      AppLocalizations.of(
                                      ^^^^^^^^^^^^^^^^
lib/pages/home_page.dart:1797:51: Error: The getter 'AppLocalizations' isn't defined for the type '_HomePageState'.
 - '_HomePageState' is from 'package:thoughtecho/pages/home_page.dart' ('lib/pages/home_page.dart').
Try correcting the name to the name of an existing getter, or defining a getter or field named 'AppLocalizations'.
                                                ? AppLocalizations.of(
                                                  ^^^^^^^^^^^^^^^^
lib/pages/home_page.dart:1800:51: Error: The getter 'AppLocalizations' isn't defined for the type '_HomePageState'.
 - '_HomePageState' is from 'package:thoughtecho/pages/home_page.dart' ('lib/pages/home_page.dart').
Try correcting the name to the name of an existing getter, or defining a getter or field named 'AppLocalizations'.
                                                : AppLocalizations.of(
                                                  ^^^^^^^^^^^^^^^^
lib/pages/home_page.dart:1821:51: Error: The getter 'AppLocalizations' isn't defined for the type '_HomePageState'.
 - '_HomePageState' is from 'package:thoughtecho/pages/home_page.dart' ('lib/pages/home_page.dart').
Try correcting the name to the name of an existing getter, or defining a getter or field named 'AppLocalizations'.
                                                ? AppLocalizations.of(
                                                  ^^^^^^^^^^^^^^^^
lib/pages/home_page.dart:1824:51: Error: The getter 'AppLocalizations' isn't defined for the type '_HomePageState'.
 - '_HomePageState' is from 'package:thoughtecho/pages/home_page.dart' ('lib/pages/home_page.dart').
Try correcting the name to the name of an existing getter, or defining a getter or field named 'AppLocalizations'.
                                                : AppLocalizations.of(
                                                  ^^^^^^^^^^^^^^^^
lib/pages/home_page.dart:1959:28: Error: The getter 'AppLocalizations' isn't defined for the type '_HomePageState'.
 - '_HomePageState' is from 'package:thoughtecho/pages/home_page.dart' ('lib/pages/home_page.dart').
Try correcting the name to the name of an existing getter, or defining a getter or field named 'AppLocalizations'.
                    label: AppLocalizations.of(context).navHome,
                           ^^^^^^^^^^^^^^^^
lib/pages/home_page.dart:1967:28: Error: The getter 'AppLocalizations' isn't defined for the type '_HomePageState'.
 - '_HomePageState' is from 'package:thoughtecho/pages/home_page.dart' ('lib/pages/home_page.dart').
Try correcting the name to the name of an existing getter, or defining a getter or field named 'AppLocalizations'.
                    label: AppLocalizations.of(context).navNotes,
                           ^^^^^^^^^^^^^^^^
lib/pages/home_page.dart:1975:28: Error: The getter 'AppLocalizations' isn't defined for the type '_HomePageState'.
 - '_HomePageState' is from 'package:thoughtecho/pages/home_page.dart' ('lib/pages/home_page.dart').
Try correcting the name to the name of an existing getter, or defining a getter or field named 'AppLocalizations'.
                    label: AppLocalizations.of(context).navInsights,
                           ^^^^^^^^^^^^^^^^
lib/pages/home_page.dart:1983:28: Error: The getter 'AppLocalizations' isn't defined for the type '_HomePageState'.
 - '_HomePageState' is from 'package:thoughtecho/pages/home_page.dart' ('lib/pages/home_page.dart').
Try correcting the name to the name of an existing getter, or defining a getter or field named 'AppLocalizations'.
                    label: AppLocalizations.of(context).navSettings,
                           ^^^^^^^^^^^^^^^^
lib/pages/onboarding_page.dart:251:23: Error: The getter 'AppLocalizations' isn't defined for the type '_OnboardingPageState'.
 - '_OnboardingPageState' is from 'package:thoughtecho/pages/onboarding_page.dart' ('lib/pages/onboarding_page.dart').
Try correcting the name to the name of an existing getter, or defining a getter or field named 'AppLocalizations'.
                      AppLocalizations.of(context).onboardingPreparing,
                      ^^^^^^^^^^^^^^^^
lib/pages/onboarding_page.dart:256:18: Error: The getter 'AppLocalizations' isn't defined for the type '_OnboardingPageState'.
 - '_OnboardingPageState' is from 'package:thoughtecho/pages/onboarding_page.dart' ('lib/pages/onboarding_page.dart').
Try correcting the name to the name of an existing getter, or defining a getter or field named 'AppLocalizations'.
            Text(AppLocalizations.of(context).onboardingPreparing,
                 ^^^^^^^^^^^^^^^^
lib/pages/onboarding_page.dart:267:18: Error: The getter 'AppLocalizations' isn't defined for the type '_OnboardingPageState'.
 - '_OnboardingPageState' is from 'package:thoughtecho/pages/onboarding_page.dart' ('lib/pages/onboarding_page.dart').
Try correcting the name to the name of an existing getter, or defining a getter or field named 'AppLocalizations'.
    final l10n = AppLocalizations.of(context);
                 ^^^^^^^^^^^^^^^^
lib/pages/onboarding_page.dart:330:23: Error: The getter 'AppLocalizations' isn't defined for the type '_OnboardingPageState'.
 - '_OnboardingPageState' is from 'package:thoughtecho/pages/onboarding_page.dart' ('lib/pages/onboarding_page.dart').
Try correcting the name to the name of an existing getter, or defining a getter or field named 'AppLocalizations'.
                      AppLocalizations.of(context).onboardingUpdateComplete,
                      ^^^^^^^^^^^^^^^^
lib/pages/onboarding_page.dart:338:23: Error: The getter 'AppLocalizations' isn't defined for the type '_OnboardingPageState'.
 - '_OnboardingPageState' is from 'package:thoughtecho/pages/onboarding_page.dart' ('lib/pages/onboarding_page.dart').
Try correcting the name to the name of an existing getter, or defining a getter or field named 'AppLocalizations'.
                      AppLocalizations.of(context).onboardingUpdateSuccess,
                      ^^^^^^^^^^^^^^^^
lib/pages/onboarding_page.dart:353:27: Error: The getter 'AppLocalizations' isn't defined for the type '_OnboardingPageState'.
 - '_OnboardingPageState' is from 'package:thoughtecho/pages/onboarding_page.dart' ('lib/pages/onboarding_page.dart').
Try correcting the name to the name of an existing getter, or defining a getter or field named 'AppLocalizations'.
                          AppLocalizations.of(context).onboardingEnterApp,
                          ^^^^^^^^^^^^^^^^
lib/pages/onboarding_page.dart:491:35: Error: The getter 'AppLocalizations' isn't defined for the type '_OnboardingPageState'.
 - '_OnboardingPageState' is from 'package:thoughtecho/pages/onboarding_page.dart' ('lib/pages/onboarding_page.dart').
Try correcting the name to the name of an existing getter, or defining a getter or field named 'AppLocalizations'.
                                  AppLocalizations.of(
                                  ^^^^^^^^^^^^^^^^
lib/pages/onboarding_page.dart:532:33: Error: The getter 'AppLocalizations' isn't defined for the type '_OnboardingPageState'.
 - '_OnboardingPageState' is from 'package:thoughtecho/pages/onboarding_page.dart' ('lib/pages/onboarding_page.dart').
Try correcting the name to the name of an existing getter, or defining a getter or field named 'AppLocalizations'.
                                AppLocalizations.of(context).prefSelectAll,
                                ^^^^^^^^^^^^^^^^
lib/pages/onboarding_page.dart:556:33: Error: The getter 'AppLocalizations' isn't defined for the type '_OnboardingPageState'.
 - '_OnboardingPageState' is from 'package:thoughtecho/pages/onboarding_page.dart' ('lib/pages/onboarding_page.dart').
Try correcting the name to the name of an existing getter, or defining a getter or field named 'AppLocalizations'.
                                AppLocalizations.of(context).prefClearAll,
                                ^^^^^^^^^^^^^^^^
lib/pages/onboarding_page.dart:642:23: Error: The getter 'AppLocalizations' isn't defined for the type '_OnboardingPageState'.
 - '_OnboardingPageState' is from 'package:thoughtecho/pages/onboarding_page.dart' ('lib/pages/onboarding_page.dart').
Try correcting the name to the name of an existing getter, or defining a getter or field named 'AppLocalizations'.
                      AppLocalizations.of(context).onboardingComplete,
                      ^^^^^^^^^^^^^^^^
lib/pages/onboarding_page.dart:649:23: Error: The getter 'AppLocalizations' isn't defined for the type '_OnboardingPageState'.
 - '_OnboardingPageState' is from 'package:thoughtecho/pages/onboarding_page.dart' ('lib/pages/onboarding_page.dart').
Try correcting the name to the name of an existing getter, or defining a getter or field named 'AppLocalizations'.
                      AppLocalizations.of(context).onboardingAllSet,
                      ^^^^^^^^^^^^^^^^
lib/pages/onboarding_page.dart:669:25: Error: The getter 'AppLocalizations' isn't defined for the type '_OnboardingPageState'.
 - '_OnboardingPageState' is from 'package:thoughtecho/pages/onboarding_page.dart' ('lib/pages/onboarding_page.dart').
Try correcting the name to the name of an existing getter, or defining a getter or field named 'AppLocalizations'.
                        AppLocalizations.of(context).onboardingStartJourney,
                        ^^^^^^^^^^^^^^^^
lib/pages/onboarding_page.dart:716:29: Error: The getter 'AppLocalizations' isn't defined for the type '_OnboardingPageState'.
 - '_OnboardingPageState' is from 'package:thoughtecho/pages/onboarding_page.dart' ('lib/pages/onboarding_page.dart').
Try correcting the name to the name of an existing getter, or defining a getter or field named 'AppLocalizations'.
                label: Text(AppLocalizations.of(context).onboardingPrevious),
                            ^^^^^^^^^^^^^^^^
lib/pages/onboarding_page.dart:757:25: Error: The getter 'AppLocalizations' isn't defined for the type '_OnboardingPageState'.
 - '_OnboardingPageState' is from 'package:thoughtecho/pages/onboarding_page.dart' ('lib/pages/onboarding_page.dart').
Try correcting the name to the name of an existing getter, or defining a getter or field named 'AppLocalizations'.
                      ? AppLocalizations.of(context).pleaseWait
                        ^^^^^^^^^^^^^^^^
lib/pages/onboarding_page.dart:758:25: Error: The getter 'AppLocalizations' isn't defined for the type '_OnboardingPageState'.
 - '_OnboardingPageState' is from 'package:thoughtecho/pages/onboarding_page.dart' ('lib/pages/onboarding_page.dart').
Try correcting the name to the name of an existing getter, or defining a getter or field named 'AppLocalizations'.
                      : AppLocalizations.of(context).onboardingStart,
                        ^^^^^^^^^^^^^^^^
lib/pages/onboarding_page.dart:765:29: Error: The getter 'AppLocalizations' isn't defined for the type '_OnboardingPageState'.
 - '_OnboardingPageState' is from 'package:thoughtecho/pages/onboarding_page.dart' ('lib/pages/onboarding_page.dart').
Try correcting the name to the name of an existing getter, or defining a getter or field named 'AppLocalizations'.
                label: Text(AppLocalizations.of(context).onboardingNext),
                            ^^^^^^^^^^^^^^^^
lib/pages/onboarding_page.dart:783:21: Error: The getter 'AppLocalizations' isn't defined for the type '_OnboardingPageState'.
 - '_OnboardingPageState' is from 'package:thoughtecho/pages/onboarding_page.dart' ('lib/pages/onboarding_page.dart').
Try correcting the name to the name of an existing getter, or defining a getter or field named 'AppLocalizations'.
        label: Text(AppLocalizations.of(context).onboardingSkip),
                    ^^^^^^^^^^^^^^^^
lib/pages/onboarding_page.dart:798:25: Error: The getter 'AppLocalizations' isn't defined for the type '_OnboardingPageState'.
 - '_OnboardingPageState' is from 'package:thoughtecho/pages/onboarding_page.dart' ('lib/pages/onboarding_page.dart').
Try correcting the name to the name of an existing getter, or defining a getter or field named 'AppLocalizations'.
            title: Text(AppLocalizations.of(context).onboardingSkipTitle),
                        ^^^^^^^^^^^^^^^^
lib/pages/onboarding_page.dart:809:28: Error: The getter 'AppLocalizations' isn't defined for the type '_OnboardingPageState'.
 - '_OnboardingPageState' is from 'package:thoughtecho/pages/onboarding_page.dart' ('lib/pages/onboarding_page.dart').
Try correcting the name to the name of an existing getter, or defining a getter or field named 'AppLocalizations'.
                      Text(AppLocalizations.of(context).onboardingInitializing),
                           ^^^^^^^^^^^^^^^^
lib/pages/onboarding_page.dart:812:24: Error: The getter 'AppLocalizations' isn't defined for the type '_OnboardingPageState'.
 - '_OnboardingPageState' is from 'package:thoughtecho/pages/onboarding_page.dart' ('lib/pages/onboarding_page.dart').
Try correcting the name to the name of an existing getter, or defining a getter or field named 'AppLocalizations'.
                : Text(AppLocalizations.of(context).onboardingSkipMessage),
                       ^^^^^^^^^^^^^^^^
lib/pages/onboarding_page.dart:818:35: Error: The getter 'AppLocalizations' isn't defined for the type '_OnboardingPageState'.
 - '_OnboardingPageState' is from 'package:thoughtecho/pages/onboarding_page.dart' ('lib/pages/onboarding_page.dart').
Try correcting the name to the name of an existing getter, or defining a getter or field named 'AppLocalizations'.
                      child: Text(AppLocalizations.of(context).cancel),
                                  ^^^^^^^^^^^^^^^^
lib/pages/onboarding_page.dart:853:25: Error: The getter 'AppLocalizations' isn't defined for the type '_OnboardingPageState'.
 - '_OnboardingPageState' is from 'package:thoughtecho/pages/onboarding_page.dart' ('lib/pages/onboarding_page.dart').
Try correcting the name to the name of an existing getter, or defining a getter or field named 'AppLocalizations'.
                        AppLocalizations.of(context).onboardingConfirmSkip,
                        ^^^^^^^^^^^^^^^^
lib/pages/onboarding_page.dart:842:35: Error: The getter 'AppLocalizations' isn't defined for the type '_OnboardingPageState'.
 - '_OnboardingPageState' is from 'package:thoughtecho/pages/onboarding_page.dart' ('lib/pages/onboarding_page.dart').
Try correcting the name to the name of an existing getter, or defining a getter or field named 'AppLocalizations'.
                                  AppLocalizations.of(
                                  ^^^^^^^^^^^^^^^^
lib/pages/backup_restore_page.dart:30:32: Error: The getter 'AppLocalizations' isn't defined for the type '_BackupRestorePageState'.
 - '_BackupRestorePageState' is from 'package:thoughtecho/pages/backup_restore_page.dart' ('lib/pages/backup_restore_page.dart').
Try correcting the name to the name of an existing getter, or defining a getter or field named 'AppLocalizations'.
  AppLocalizations get l10n => AppLocalizations.of(context);
                               ^^^^^^^^^^^^^^^^
lib/pages/backup_restore_page.dart:37:18: Error: The getter 'AppLocalizations' isn't defined for the type '_BackupRestorePageState'.
 - '_BackupRestorePageState' is from 'package:thoughtecho/pages/backup_restore_page.dart' ('lib/pages/backup_restore_page.dart').
Try correcting the name to the name of an existing getter, or defining a getter or field named 'AppLocalizations'.
    final l10n = AppLocalizations.of(context);
                 ^^^^^^^^^^^^^^^^
lib/pages/backup_restore_page.dart:58:18: Error: The getter 'AppLocalizations' isn't defined for the type '_BackupRestorePageState'.
 - '_BackupRestorePageState' is from 'package:thoughtecho/pages/backup_restore_page.dart' ('lib/pages/backup_restore_page.dart').
Try correcting the name to the name of an existing getter, or defining a getter or field named 'AppLocalizations'.
    final l10n = AppLocalizations.of(context);
                 ^^^^^^^^^^^^^^^^
lib/pages/backup_restore_page.dart:172:18: Error: The getter 'AppLocalizations' isn't defined for the type '_BackupRestorePageState'.
 - '_BackupRestorePageState' is from 'package:thoughtecho/pages/backup_restore_page.dart' ('lib/pages/backup_restore_page.dart').
Try correcting the name to the name of an existing getter, or defining a getter or field named 'AppLocalizations'.
    final l10n = AppLocalizations.of(context);
                 ^^^^^^^^^^^^^^^^
lib/pages/backup_restore_page.dart:266:18: Error: The getter 'AppLocalizations' isn't defined for the type '_BackupRestorePageState'.
 - '_BackupRestorePageState' is from 'package:thoughtecho/pages/backup_restore_page.dart' ('lib/pages/backup_restore_page.dart').
Try correcting the name to the name of an existing getter, or defining a getter or field named 'AppLocalizations'.
    final l10n = AppLocalizations.of(context);
                 ^^^^^^^^^^^^^^^^
lib/pages/backup_restore_page.dart:550:32: Error: The getter 'AppLocalizations' isn't defined for the type '_BackupRestorePageState'.
 - '_BackupRestorePageState' is from 'package:thoughtecho/pages/backup_restore_page.dart' ('lib/pages/backup_restore_page.dart').
Try correcting the name to the name of an existing getter, or defining a getter or field named 'AppLocalizations'.
            final dialogL10n = AppLocalizations.of(c);
                               ^^^^^^^^^^^^^^^^
lib/pages/backup_restore_page.dart:626:28: Error: The getter 'AppLocalizations' isn't defined for the type '_BackupRestorePageState'.
 - '_BackupRestorePageState' is from 'package:thoughtecho/pages/backup_restore_page.dart' ('lib/pages/backup_restore_page.dart').
Try correcting the name to the name of an existing getter, or defining a getter or field named 'AppLocalizations'.
              final l10n = AppLocalizations.of(context);
                           ^^^^^^^^^^^^^^^^
lib/pages/backup_restore_page.dart:638:22: Error: The getter 'AppLocalizations' isn't defined for the type '_BackupRestorePageState'.
 - '_BackupRestorePageState' is from 'package:thoughtecho/pages/backup_restore_page.dart' ('lib/pages/backup_restore_page.dart').
Try correcting the name to the name of an existing getter, or defining a getter or field named 'AppLocalizations'.
        final l10n = AppLocalizations.of(context);
                     ^^^^^^^^^^^^^^^^
lib/pages/backup_restore_page.dart:653:22: Error: The getter 'AppLocalizations' isn't defined for the type '_BackupRestorePageState'.
 - '_BackupRestorePageState' is from 'package:thoughtecho/pages/backup_restore_page.dart' ('lib/pages/backup_restore_page.dart').
Try correcting the name to the name of an existing getter, or defining a getter or field named 'AppLocalizations'.
        final l10n = AppLocalizations.of(context);
                     ^^^^^^^^^^^^^^^^
lib/pages/backup_restore_page.dart:702:18: Error: The getter 'AppLocalizations' isn't defined for the type '_BackupRestorePageState'.
 - '_BackupRestorePageState' is from 'package:thoughtecho/pages/backup_restore_page.dart' ('lib/pages/backup_restore_page.dart').
Try correcting the name to the name of an existing getter, or defining a getter or field named 'AppLocalizations'.
    final l10n = AppLocalizations.of(context);
                 ^^^^^^^^^^^^^^^^
lib/pages/backup_restore_page.dart:762:18: Error: The getter 'AppLocalizations' isn't defined for the type '_BackupRestorePageState'.
 - '_BackupRestorePageState' is from 'package:thoughtecho/pages/backup_restore_page.dart' ('lib/pages/backup_restore_page.dart').
Try correcting the name to the name of an existing getter, or defining a getter or field named 'AppLocalizations'.
    final l10n = AppLocalizations.of(context);
                 ^^^^^^^^^^^^^^^^
00:12 +0: loading /app/test/unit/services/ai_card_generation_service_isolate_test.dart                                                                                                                 lib/widgets/media_player_widget.dart:33:32: Error: The getter 'AppLocalizations' isn't defined for the type '_MediaPlayerWidgetState'.
 - '_MediaPlayerWidgetState' is from 'package:thoughtecho/widgets/media_player_widget.dart' ('lib/widgets/media_player_widget.dart').
Try correcting the name to the name of an existing getter, or defining a getter or field named 'AppLocalizations'.
  AppLocalizations get l10n => AppLocalizations.of(context);
                               ^^^^^^^^^^^^^^^^
lib/widgets/add_note_dialog.dart:420:24: Error: The getter 'AppLocalizations' isn't defined for the type '_AddNoteDialogState'.
 - '_AddNoteDialogState' is from 'package:thoughtecho/widgets/add_note_dialog.dart' ('lib/widgets/add_note_dialog.dart').
Try correcting the name to the name of an existing getter, or defining a getter or field named 'AppLocalizations'.
          final l10n = AppLocalizations.of(context);
                       ^^^^^^^^^^^^^^^^
lib/widgets/add_note_dialog.dart:439:22: Error: The getter 'AppLocalizations' isn't defined for the type '_AddNoteDialogState'.
 - '_AddNoteDialogState' is from 'package:thoughtecho/widgets/add_note_dialog.dart' ('lib/widgets/add_note_dialog.dart').
Try correcting the name to the name of an existing getter, or defining a getter or field named 'AppLocalizations'.
        final l10n = AppLocalizations.of(context);
                     ^^^^^^^^^^^^^^^^
lib/widgets/add_note_dialog.dart:484:26: Error: The getter 'AppLocalizations' isn't defined for the type '_AddNoteDialogState'.
 - '_AddNoteDialogState' is from 'package:thoughtecho/widgets/add_note_dialog.dart' ('lib/widgets/add_note_dialog.dart').
Try correcting the name to the name of an existing getter, or defining a getter or field named 'AppLocalizations'.
            final l10n = AppLocalizations.of(context);
                         ^^^^^^^^^^^^^^^^
lib/widgets/add_note_dialog.dart:512:24: Error: The getter 'AppLocalizations' isn't defined for the type '_AddNoteDialogState'.
 - '_AddNoteDialogState' is from 'package:thoughtecho/widgets/add_note_dialog.dart' ('lib/widgets/add_note_dialog.dart').
Try correcting the name to the name of an existing getter, or defining a getter or field named 'AppLocalizations'.
          final l10n = AppLocalizations.of(context);
                       ^^^^^^^^^^^^^^^^
lib/widgets/add_note_dialog.dart:535:24: Error: The getter 'AppLocalizations' isn't defined for the type '_AddNoteDialogState'.
 - '_AddNoteDialogState' is from 'package:thoughtecho/widgets/add_note_dialog.dart' ('lib/widgets/add_note_dialog.dart').
Try correcting the name to the name of an existing getter, or defining a getter or field named 'AppLocalizations'.
          final l10n = AppLocalizations.of(context);
                       ^^^^^^^^^^^^^^^^
lib/widgets/add_note_dialog.dart:557:18: Error: The getter 'AppLocalizations' isn't defined for the type '_AddNoteDialogState'.
 - '_AddNoteDialogState' is from 'package:thoughtecho/widgets/add_note_dialog.dart' ('lib/widgets/add_note_dialog.dart').
Try correcting the name to the name of an existing getter, or defining a getter or field named 'AppLocalizations'.
    final l10n = AppLocalizations.of(context);
                 ^^^^^^^^^^^^^^^^
lib/widgets/add_note_dialog.dart:589:18: Error: The getter 'AppLocalizations' isn't defined for the type '_AddNoteDialogState'.
 - '_AddNoteDialogState' is from 'package:thoughtecho/widgets/add_note_dialog.dart' ('lib/widgets/add_note_dialog.dart').
Try correcting the name to the name of an existing getter, or defining a getter or field named 'AppLocalizations'.
    final l10n = AppLocalizations.of(context);
                 ^^^^^^^^^^^^^^^^
lib/widgets/add_note_dialog.dart:662:28: Error: The getter 'AppLocalizations' isn't defined for the type '_AddNoteDialogState'.
 - '_AddNoteDialogState' is from 'package:thoughtecho/widgets/add_note_dialog.dart' ('lib/widgets/add_note_dialog.dart').
Try correcting the name to the name of an existing getter, or defining a getter or field named 'AppLocalizations'.
              final l10n = AppLocalizations.of(context);
                           ^^^^^^^^^^^^^^^^
lib/widgets/add_note_dialog.dart:669:26: Error: The getter 'AppLocalizations' isn't defined for the type '_AddNoteDialogState'.
 - '_AddNoteDialogState' is from 'package:thoughtecho/widgets/add_note_dialog.dart' ('lib/widgets/add_note_dialog.dart').
Try correcting the name to the name of an existing getter, or defining a getter or field named 'AppLocalizations'.
            final l10n = AppLocalizations.of(context);
                         ^^^^^^^^^^^^^^^^
lib/widgets/add_note_dialog.dart:675:24: Error: The getter 'AppLocalizations' isn't defined for the type '_AddNoteDialogState'.
 - '_AddNoteDialogState' is from 'package:thoughtecho/widgets/add_note_dialog.dart' ('lib/widgets/add_note_dialog.dart').
Try correcting the name to the name of an existing getter, or defining a getter or field named 'AppLocalizations'.
          final l10n = AppLocalizations.of(context);
                       ^^^^^^^^^^^^^^^^
lib/widgets/add_note_dialog.dart:682:24: Error: The getter 'AppLocalizations' isn't defined for the type '_AddNoteDialogState'.
 - '_AddNoteDialogState' is from 'package:thoughtecho/widgets/add_note_dialog.dart' ('lib/widgets/add_note_dialog.dart').
Try correcting the name to the name of an existing getter, or defining a getter or field named 'AppLocalizations'.
          final l10n = AppLocalizations.of(context);
                       ^^^^^^^^^^^^^^^^
lib/widgets/add_note_dialog.dart:698:18: Error: The getter 'AppLocalizations' isn't defined for the type '_AddNoteDialogState'.
 - '_AddNoteDialogState' is from 'package:thoughtecho/widgets/add_note_dialog.dart' ('lib/widgets/add_note_dialog.dart').
Try correcting the name to the name of an existing getter, or defining a getter or field named 'AppLocalizations'.
    final l10n = AppLocalizations.of(context);
                 ^^^^^^^^^^^^^^^^
lib/widgets/add_note_dialog.dart:1049:18: Error: The getter 'AppLocalizations' isn't defined for the type '_AddNoteDialogState'.
 - '_AddNoteDialogState' is from 'package:thoughtecho/widgets/add_note_dialog.dart' ('lib/widgets/add_note_dialog.dart').
Try correcting the name to the name of an existing getter, or defining a getter or field named 'AppLocalizations'.
    final l10n = AppLocalizations.of(context);
                 ^^^^^^^^^^^^^^^^
lib/widgets/add_note_dialog.dart:1071:31: Error: The getter 'AppLocalizations' isn't defined for the type '_AddNoteDialogState'.
 - '_AddNoteDialogState' is from 'package:thoughtecho/widgets/add_note_dialog.dart' ('lib/widgets/add_note_dialog.dart').
Try correcting the name to the name of an existing getter, or defining a getter or field named 'AppLocalizations'.
                    hintText: AppLocalizations.of(context).writeYourThoughts,
                              ^^^^^^^^^^^^^^^^
lib/widgets/add_note_dialog.dart:1257:33: Error: The getter 'AppLocalizations' isn't defined for the type '_AddNoteDialogState'.
 - '_AddNoteDialogState' is from 'package:thoughtecho/widgets/add_note_dialog.dart' ('lib/widgets/add_note_dialog.dart').
Try correcting the name to the name of an existing getter, or defining a getter or field named 'AppLocalizations'.
                      hintText: AppLocalizations.of(context).authorPerson,
                                ^^^^^^^^^^^^^^^^
lib/widgets/add_note_dialog.dart:1270:33: Error: The getter 'AppLocalizations' isn't defined for the type '_AddNoteDialogState'.
 - '_AddNoteDialogState' is from 'package:thoughtecho/widgets/add_note_dialog.dart' ('lib/widgets/add_note_dialog.dart').
Try correcting the name to the name of an existing getter, or defining a getter or field named 'AppLocalizations'.
                      hintText: AppLocalizations.of(context).workName,
                                ^^^^^^^^^^^^^^^^
lib/widgets/add_note_dialog.dart:1659:39: Error: The getter 'AppLocalizations' isn't defined for the type '_AddNoteDialogState'.
 - '_AddNoteDialogState' is from 'package:thoughtecho/widgets/add_note_dialog.dart' ('lib/widgets/add_note_dialog.dart').
Try correcting the name to the name of an existing getter, or defining a getter or field named 'AppLocalizations'.
                                      AppLocalizations.of(context).noteUpdated,
                                      ^^^^^^^^^^^^^^^^
lib/widgets/add_note_dialog.dart:1672:39: Error: The getter 'AppLocalizations' isn't defined for the type '_AddNoteDialogState'.
 - '_AddNoteDialogState' is from 'package:thoughtecho/widgets/add_note_dialog.dart' ('lib/widgets/add_note_dialog.dart').
Try correcting the name to the name of an existing getter, or defining a getter or field named 'AppLocalizations'.
                                      AppLocalizations.of(context).noteSaved,
                                      ^^^^^^^^^^^^^^^^
lib/widgets/add_note_dialog.dart:1699:39: Error: The getter 'AppLocalizations' isn't defined for the type '_AddNoteDialogState'.
 - '_AddNoteDialogState' is from 'package:thoughtecho/widgets/add_note_dialog.dart' ('lib/widgets/add_note_dialog.dart').
Try correcting the name to the name of an existing getter, or defining a getter or field named 'AppLocalizations'.
                                      AppLocalizations.of(
                                      ^^^^^^^^^^^^^^^^
lib/widgets/add_note_dialog.dart:1722:33: Error: The getter 'AppLocalizations' isn't defined for the type '_AddNoteDialogState'.
 - '_AddNoteDialogState' is from 'package:thoughtecho/widgets/add_note_dialog.dart' ('lib/widgets/add_note_dialog.dart').
Try correcting the name to the name of an existing getter, or defining a getter or field named 'AppLocalizations'.
                              ? AppLocalizations.of(context).edit
                                ^^^^^^^^^^^^^^^^
lib/widgets/add_note_dialog.dart:1723:33: Error: The getter 'AppLocalizations' isn't defined for the type '_AddNoteDialogState'.
 - '_AddNoteDialogState' is from 'package:thoughtecho/widgets/add_note_dialog.dart' ('lib/widgets/add_note_dialog.dart').
Try correcting the name to the name of an existing getter, or defining a getter or field named 'AppLocalizations'.
                              : AppLocalizations.of(context).save,
                                ^^^^^^^^^^^^^^^^
lib/widgets/add_note_dialog.dart:1737:18: Error: The getter 'AppLocalizations' isn't defined for the type '_AddNoteDialogState'.
 - '_AddNoteDialogState' is from 'package:thoughtecho/widgets/add_note_dialog.dart' ('lib/widgets/add_note_dialog.dart').
Try correcting the name to the name of an existing getter, or defining a getter or field named 'AppLocalizations'.
    final l10n = AppLocalizations.of(context);
                 ^^^^^^^^^^^^^^^^
lib/widgets/add_note_dialog.dart:1874:18: Error: The getter 'AppLocalizations' isn't defined for the type '_AddNoteDialogState'.
 - '_AddNoteDialogState' is from 'package:thoughtecho/widgets/add_note_dialog.dart' ('lib/widgets/add_note_dialog.dart').
Try correcting the name to the name of an existing getter, or defining a getter or field named 'AppLocalizations'.
    final l10n = AppLocalizations.of(context);
                 ^^^^^^^^^^^^^^^^
lib/widgets/update_dialog.dart:107:22: Error: The getter 'AppLocalizations' isn't defined for the type 'UpdateBottomSheet'.
 - 'UpdateBottomSheet' is from 'package:thoughtecho/widgets/update_dialog.dart' ('lib/widgets/update_dialog.dart').
Try correcting the name to the name of an existing getter, or defining a getter or field named 'AppLocalizations'.
                Text(AppLocalizations.of(context).updateFoundNewVersion),
                     ^^^^^^^^^^^^^^^^
lib/widgets/update_dialog.dart:130:25: Error: The getter 'AppLocalizations' isn't defined for the type 'UpdateBottomSheet'.
 - 'UpdateBottomSheet' is from 'package:thoughtecho/widgets/update_dialog.dart' ('lib/widgets/update_dialog.dart').
Try correcting the name to the name of an existing getter, or defining a getter or field named 'AppLocalizations'.
                        AppLocalizations.of(context).updateCurrentVersion,
                        ^^^^^^^^^^^^^^^^
lib/widgets/update_dialog.dart:148:25: Error: The getter 'AppLocalizations' isn't defined for the type 'UpdateBottomSheet'.
 - 'UpdateBottomSheet' is from 'package:thoughtecho/widgets/update_dialog.dart' ('lib/widgets/update_dialog.dart').
Try correcting the name to the name of an existing getter, or defining a getter or field named 'AppLocalizations'.
                        AppLocalizations.of(context).updateLatestVersion,
                        ^^^^^^^^^^^^^^^^
lib/widgets/update_dialog.dart:182:17: Error: The getter 'AppLocalizations' isn't defined for the type 'UpdateBottomSheet'.
 - 'UpdateBottomSheet' is from 'package:thoughtecho/widgets/update_dialog.dart' ('lib/widgets/update_dialog.dart').
Try correcting the name to the name of an existing getter, or defining a getter or field named 'AppLocalizations'.
                AppLocalizations.of(context).updateReleaseNotes,
                ^^^^^^^^^^^^^^^^
lib/widgets/update_dialog.dart:234:19: Error: The getter 'AppLocalizations' isn't defined for the type 'UpdateBottomSheet'.
 - 'UpdateBottomSheet' is from 'package:thoughtecho/widgets/update_dialog.dart' ('lib/widgets/update_dialog.dart').
Try correcting the name to the name of an existing getter, or defining a getter or field named 'AppLocalizations'.
                  AppLocalizations.of(
                  ^^^^^^^^^^^^^^^^
lib/widgets/update_dialog.dart:291:22: Error: The getter 'AppLocalizations' isn't defined for the type 'UpdateBottomSheet'.
 - 'UpdateBottomSheet' is from 'package:thoughtecho/widgets/update_dialog.dart' ('lib/widgets/update_dialog.dart').
Try correcting the name to the name of an existing getter, or defining a getter or field named 'AppLocalizations'.
                Text(AppLocalizations.of(context).updateAlreadyLatest),
                     ^^^^^^^^^^^^^^^^
lib/widgets/update_dialog.dart:312:21: Error: The getter 'AppLocalizations' isn't defined for the type 'UpdateBottomSheet'.
 - 'UpdateBottomSheet' is from 'package:thoughtecho/widgets/update_dialog.dart' ('lib/widgets/update_dialog.dart').
Try correcting the name to the name of an existing getter, or defining a getter or field named 'AppLocalizations'.
                    AppLocalizations.of(
                    ^^^^^^^^^^^^^^^^
lib/widgets/update_dialog.dart:321:21: Error: The getter 'AppLocalizations' isn't defined for the type 'UpdateBottomSheet'.
 - 'UpdateBottomSheet' is from 'package:thoughtecho/widgets/update_dialog.dart' ('lib/widgets/update_dialog.dart').
Try correcting the name to the name of an existing getter, or defining a getter or field named 'AppLocalizations'.
                    AppLocalizations.of(context).updateUsingLatestVersion,
                    ^^^^^^^^^^^^^^^^
lib/widgets/update_dialog.dart:342:27: Error: The getter 'AppLocalizations' isn't defined for the type 'UpdateBottomSheet'.
 - 'UpdateBottomSheet' is from 'package:thoughtecho/widgets/update_dialog.dart' ('lib/widgets/update_dialog.dart').
Try correcting the name to the name of an existing getter, or defining a getter or field named 'AppLocalizations'.
              child: Text(AppLocalizations.of(context).confirm),
                          ^^^^^^^^^^^^^^^^
lib/widgets/update_dialog.dart:553:18: Error: Undefined name 'AppLocalizations'.
    final l10n = AppLocalizations.of(context);
                 ^^^^^^^^^^^^^^^^
lib/widgets/update_dialog.dart:561:16: Error: Undefined name 'AppLocalizations'.
        label: AppLocalizations.of(context).updateIgnoreForever,
               ^^^^^^^^^^^^^^^^
lib/widgets/update_dialog.dart:569:19: Error: Undefined name 'AppLocalizations'.
                  AppLocalizations.of(context).updateVersionIgnored,
                  ^^^^^^^^^^^^^^^^
lib/widgets/update_dialog.dart:579:16: Error: Undefined name 'AppLocalizations'.
        label: AppLocalizations.of(context).updateViewDetails,
               ^^^^^^^^^^^^^^^^
lib/widgets/update_dialog.dart:665:15: Error: Undefined name 'AppLocalizations'.
              AppLocalizations.of(context).updateOpenStoreFailed(e.toString()),
              ^^^^^^^^^^^^^^^^
lib/widgets/update_dialog.dart:688:15: Error: Undefined name 'AppLocalizations'.
              AppLocalizations.of(context).updateOpenLinkFailed(e.toString()),
              ^^^^^^^^^^^^^^^^
lib/widgets/daily_quote_view.dart:82:20: Error: The getter 'AppLocalizations' isn't defined for the type 'DailyQuoteViewState'.
 - 'DailyQuoteViewState' is from 'package:thoughtecho/widgets/daily_quote_view.dart' ('lib/widgets/daily_quote_view.dart').
Try correcting the name to the name of an existing getter, or defining a getter or field named 'AppLocalizations'.
      final l10n = AppLocalizations.of(context);
                   ^^^^^^^^^^^^^^^^
lib/widgets/daily_quote_view.dart:128:22: Error: The getter 'AppLocalizations' isn't defined for the type 'DailyQuoteViewState'.
 - 'DailyQuoteViewState' is from 'package:thoughtecho/widgets/daily_quote_view.dart' ('lib/widgets/daily_quote_view.dart').
Try correcting the name to the name of an existing getter, or defining a getter or field named 'AppLocalizations'.
        final l10n = AppLocalizations.of(context);
                     ^^^^^^^^^^^^^^^^
lib/widgets/daily_quote_view.dart:240:24: Error: The getter 'AppLocalizations' isn't defined for the type 'DailyQuoteViewState'.
 - 'DailyQuoteViewState' is from 'package:thoughtecho/widgets/daily_quote_view.dart' ('lib/widgets/daily_quote_view.dart').
Try correcting the name to the name of an existing getter, or defining a getter or field named 'AppLocalizations'.
          final l10n = AppLocalizations.of(context);
                       ^^^^^^^^^^^^^^^^
lib/widgets/note_list_view.dart:1036:18: Error: The getter 'AppLocalizations' isn't defined for the type 'NoteListViewState'.
 - 'NoteListViewState' is from 'package:thoughtecho/widgets/note_list_view.dart' ('lib/widgets/note_list_view.dart').
Try correcting the name to the name of an existing getter, or defining a getter or field named 'AppLocalizations'.
    final l10n = AppLocalizations.of(context);
                 ^^^^^^^^^^^^^^^^
lib/widgets/note_list_view.dart:1340:26: Error: The getter 'AppLocalizations' isn't defined for the type 'NoteListViewState'.
 - 'NoteListViewState' is from 'package:thoughtecho/widgets/note_list_view.dart' ('lib/widgets/note_list_view.dart').
Try correcting the name to the name of an existing getter, or defining a getter or field named 'AppLocalizations'.
            final l10n = AppLocalizations.of(context);
                         ^^^^^^^^^^^^^^^^
lib/widgets/note_list_view.dart:1365:18: Error: The getter 'AppLocalizations' isn't defined for the type 'NoteListViewState'.
 - 'NoteListViewState' is from 'package:thoughtecho/widgets/note_list_view.dart' ('lib/widgets/note_list_view.dart').
Try correcting the name to the name of an existing getter, or defining a getter or field named 'AppLocalizations'.
    final l10n = AppLocalizations.of(context);
                 ^^^^^^^^^^^^^^^^
lib/widgets/local_ai/ocr_capture_page.dart:18:18: Error: The getter 'AppLocalizations' isn't defined for the type '_OCRCapturePageState'.
 - '_OCRCapturePageState' is from 'package:thoughtecho/widgets/local_ai/ocr_capture_page.dart' ('lib/widgets/local_ai/ocr_capture_page.dart').
Try correcting the name to the name of an existing getter, or defining a getter or field named 'AppLocalizations'.
    final l10n = AppLocalizations.of(context);
                 ^^^^^^^^^^^^^^^^
lib/widgets/local_ai/ocr_result_sheet.dart:48:18: Error: The getter 'AppLocalizations' isn't defined for the type '_OCRResultSheetState'.
 - '_OCRResultSheetState' is from 'package:thoughtecho/widgets/local_ai/ocr_result_sheet.dart' ('lib/widgets/local_ai/ocr_result_sheet.dart').
Try correcting the name to the name of an existing getter, or defining a getter or field named 'AppLocalizations'.
    final l10n = AppLocalizations.of(context);
                 ^^^^^^^^^^^^^^^^
lib/widgets/local_ai/voice_input_overlay.dart:52:18: Error: The getter 'AppLocalizations' isn't defined for the type '_VoiceInputOverlayState'.
 - '_VoiceInputOverlayState' is from 'package:thoughtecho/widgets/local_ai/voice_input_overlay.dart' ('lib/widgets/local_ai/voice_input_overlay.dart').
Try correcting the name to the name of an existing getter, or defining a getter or field named 'AppLocalizations'.
    final l10n = AppLocalizations.of(context);
                 ^^^^^^^^^^^^^^^^
lib/pages/ai_features_page.dart:57:27: Error: The getter 'AppLocalizations' isn't defined for the type '_AIFeaturesPageState'.
 - '_AIFeaturesPageState' is from 'package:thoughtecho/pages/ai_features_page.dart' ('lib/pages/ai_features_page.dart').
Try correcting the name to the name of an existing getter, or defining a getter or field named 'AppLocalizations'.
                Tab(text: AppLocalizations.of(context).periodicReport),
                          ^^^^^^^^^^^^^^^^
lib/pages/ai_features_page.dart:58:27: Error: The getter 'AppLocalizations' isn't defined for the type '_AIFeaturesPageState'.
 - '_AIFeaturesPageState' is from 'package:thoughtecho/pages/ai_features_page.dart' ('lib/pages/ai_features_page.dart').
Try correcting the name to the name of an existing getter, or defining a getter or field named 'AppLocalizations'.
                Tab(text: AppLocalizations.of(context).aiInsightsTab),
                          ^^^^^^^^^^^^^^^^
lib/pages/settings_page.dart:139:20: Error: The getter 'AppLocalizations' isn't defined for the type 'SettingsPageState'.
 - 'SettingsPageState' is from 'package:thoughtecho/pages/settings_page.dart' ('lib/pages/settings_page.dart').
Try correcting the name to the name of an existing getter, or defining a getter or field named 'AppLocalizations'.
      final l10n = AppLocalizations.of(context);
                   ^^^^^^^^^^^^^^^^
lib/pages/settings_page.dart:183:22: Error: The getter 'AppLocalizations' isn't defined for the type 'SettingsPageState'.
 - 'SettingsPageState' is from 'package:thoughtecho/pages/settings_page.dart' ('lib/pages/settings_page.dart').
Try correcting the name to the name of an existing getter, or defining a getter or field named 'AppLocalizations'.
        final l10n = AppLocalizations.of(context);
                     ^^^^^^^^^^^^^^^^
lib/pages/settings_page.dart:250:18: Error: The getter 'AppLocalizations' isn't defined for the type 'SettingsPageState'.
 - 'SettingsPageState' is from 'package:thoughtecho/pages/settings_page.dart' ('lib/pages/settings_page.dart').
Try correcting the name to the name of an existing getter, or defining a getter or field named 'AppLocalizations'.
    final l10n = AppLocalizations.of(context);
                 ^^^^^^^^^^^^^^^^
lib/pages/settings_page.dart:732:38: Error: The getter 'AppLocalizations' isn't defined for the type 'SettingsPageState'.
 - 'SettingsPageState' is from 'package:thoughtecho/pages/settings_page.dart' ('lib/pages/settings_page.dart').
Try correcting the name to the name of an existing getter, or defining a getter or field named 'AppLocalizations'.
                        final l10n = AppLocalizations.of(currentContext);
                                     ^^^^^^^^^^^^^^^^
lib/pages/settings_page.dart:1012:20: Error: The getter 'AppLocalizations' isn't defined for the type 'SettingsPageState'.
 - 'SettingsPageState' is from 'package:thoughtecho/pages/settings_page.dart' ('lib/pages/settings_page.dart').
Try correcting the name to the name of an existing getter, or defining a getter or field named 'AppLocalizations'.
      final l10n = AppLocalizations.of(context);
                   ^^^^^^^^^^^^^^^^
lib/pages/settings_page.dart:1067:18: Error: The getter 'AppLocalizations' isn't defined for the type 'SettingsPageState'.
 - 'SettingsPageState' is from 'package:thoughtecho/pages/settings_page.dart' ('lib/pages/settings_page.dart').
Try correcting the name to the name of an existing getter, or defining a getter or field named 'AppLocalizations'.
    final l10n = AppLocalizations.of(context);
                 ^^^^^^^^^^^^^^^^
lib/pages/settings_page.dart:1166:18: Error: The getter 'AppLocalizations' isn't defined for the type 'SettingsPageState'.
 - 'SettingsPageState' is from 'package:thoughtecho/pages/settings_page.dart' ('lib/pages/settings_page.dart').
Try correcting the name to the name of an existing getter, or defining a getter or field named 'AppLocalizations'.
    final l10n = AppLocalizations.of(context);
                 ^^^^^^^^^^^^^^^^
lib/pages/settings_page.dart:1246:22: Error: The getter 'AppLocalizations' isn't defined for the type 'SettingsPageState'.
 - 'SettingsPageState' is from 'package:thoughtecho/pages/settings_page.dart' ('lib/pages/settings_page.dart').
Try correcting the name to the name of an existing getter, or defining a getter or field named 'AppLocalizations'.
        final l10n = AppLocalizations.of(context);
                     ^^^^^^^^^^^^^^^^
lib/pages/settings_page.dart:1274:22: Error: The getter 'AppLocalizations' isn't defined for the type 'SettingsPageState'.
 - 'SettingsPageState' is from 'package:thoughtecho/pages/settings_page.dart' ('lib/pages/settings_page.dart').
Try correcting the name to the name of an existing getter, or defining a getter or field named 'AppLocalizations'.
        final l10n = AppLocalizations.of(context);
                     ^^^^^^^^^^^^^^^^
lib/pages/settings_page.dart:1496:22: Error: The getter 'AppLocalizations' isn't defined for the type 'SettingsPageState'.
 - 'SettingsPageState' is from 'package:thoughtecho/pages/settings_page.dart' ('lib/pages/settings_page.dart').
Try correcting the name to the name of an existing getter, or defining a getter or field named 'AppLocalizations'.
        final l10n = AppLocalizations.of(context);
                     ^^^^^^^^^^^^^^^^
lib/pages/settings_page.dart:1510:18: Error: The getter 'AppLocalizations' isn't defined for the type 'SettingsPageState'.
 - 'SettingsPageState' is from 'package:thoughtecho/pages/settings_page.dart' ('lib/pages/settings_page.dart').
Try correcting the name to the name of an existing getter, or defining a getter or field named 'AppLocalizations'.
    final l10n = AppLocalizations.of(context);
                 ^^^^^^^^^^^^^^^^
lib/pages/note_qa_chat_page.dart:27:32: Error: The getter 'AppLocalizations' isn't defined for the type '_NoteQAChatPageState'.
 - '_NoteQAChatPageState' is from 'package:thoughtecho/pages/note_qa_chat_page.dart' ('lib/pages/note_qa_chat_page.dart').
Try correcting the name to the name of an existing getter, or defining a getter or field named 'AppLocalizations'.
  AppLocalizations get l10n => AppLocalizations.of(context);
                               ^^^^^^^^^^^^^^^^
lib/pages/note_full_editor_page.dart:822:18: Error: The getter 'AppLocalizations' isn't defined for the type '_NoteFullEditorPageState'.
 - '_NoteFullEditorPageState' is from 'package:thoughtecho/pages/note_full_editor_page.dart' ('lib/pages/note_full_editor_page.dart').
Try correcting the name to the name of an existing getter, or defining a getter or field named 'AppLocalizations'.
    final l10n = AppLocalizations.of(context);
                 ^^^^^^^^^^^^^^^^
lib/pages/note_full_editor_page.dart:972:18: Error: The getter 'AppLocalizations' isn't defined for the type '_NoteFullEditorPageState'.
 - '_NoteFullEditorPageState' is from 'package:thoughtecho/pages/note_full_editor_page.dart' ('lib/pages/note_full_editor_page.dart').
Try correcting the name to the name of an existing getter, or defining a getter or field named 'AppLocalizations'.
    final l10n = AppLocalizations.of(context);
                 ^^^^^^^^^^^^^^^^
lib/pages/note_full_editor_page.dart:992:9: Error: The getter 'AppLocalizations' isn't defined for the type '_NoteFullEditorPageState'.
 - '_NoteFullEditorPageState' is from 'package:thoughtecho/pages/note_full_editor_page.dart' ('lib/pages/note_full_editor_page.dart').
Try correcting the name to the name of an existing getter, or defining a getter or field named 'AppLocalizations'.
        AppLocalizations.of(context),
        ^^^^^^^^^^^^^^^^
lib/pages/note_full_editor_page.dart:1041:24: Error: The getter 'AppLocalizations' isn't defined for the type '_NoteFullEditorPageState'.
 - '_NoteFullEditorPageState' is from 'package:thoughtecho/pages/note_full_editor_page.dart' ('lib/pages/note_full_editor_page.dart').
Try correcting the name to the name of an existing getter, or defining a getter or field named 'AppLocalizations'.
          final l10n = AppLocalizations.of(context);
                       ^^^^^^^^^^^^^^^^
lib/pages/note_full_editor_page.dart:1077:20: Error: The getter 'AppLocalizations' isn't defined for the type '_NoteFullEditorPageState'.
 - '_NoteFullEditorPageState' is from 'package:thoughtecho/pages/note_full_editor_page.dart' ('lib/pages/note_full_editor_page.dart').
Try correcting the name to the name of an existing getter, or defining a getter or field named 'AppLocalizations'.
      final l10n = AppLocalizations.of(context);
                   ^^^^^^^^^^^^^^^^
lib/pages/note_full_editor_page.dart:1130:24: Error: The getter 'AppLocalizations' isn't defined for the type '_NoteFullEditorPageState'.
 - '_NoteFullEditorPageState' is from 'package:thoughtecho/pages/note_full_editor_page.dart' ('lib/pages/note_full_editor_page.dart').
Try correcting the name to the name of an existing getter, or defining a getter or field named 'AppLocalizations'.
          final l10n = AppLocalizations.of(context);
                       ^^^^^^^^^^^^^^^^
lib/pages/note_full_editor_page.dart:1176:26: Error: The getter 'AppLocalizations' isn't defined for the type '_NoteFullEditorPageState'.
 - '_NoteFullEditorPageState' is from 'package:thoughtecho/pages/note_full_editor_page.dart' ('lib/pages/note_full_editor_page.dart').
Try correcting the name to the name of an existing getter, or defining a getter or field named 'AppLocalizations'.
            final l10n = AppLocalizations.of(context);
                         ^^^^^^^^^^^^^^^^
lib/pages/note_full_editor_page.dart:1198:24: Error: The getter 'AppLocalizations' isn't defined for the type '_NoteFullEditorPageState'.
 - '_NoteFullEditorPageState' is from 'package:thoughtecho/pages/note_full_editor_page.dart' ('lib/pages/note_full_editor_page.dart').
Try correcting the name to the name of an existing getter, or defining a getter or field named 'AppLocalizations'.
          final l10n = AppLocalizations.of(context);
                       ^^^^^^^^^^^^^^^^
lib/pages/note_full_editor_page.dart:1219:20: Error: The getter 'AppLocalizations' isn't defined for the type '_NoteFullEditorPageState'.
 - '_NoteFullEditorPageState' is from 'package:thoughtecho/pages/note_full_editor_page.dart' ('lib/pages/note_full_editor_page.dart').
Try correcting the name to the name of an existing getter, or defining a getter or field named 'AppLocalizations'.
      final l10n = AppLocalizations.of(context);
                   ^^^^^^^^^^^^^^^^
lib/pages/note_full_editor_page.dart:1309:18: Error: The getter 'AppLocalizations' isn't defined for the type '_NoteFullEditorPageState'.
 - '_NoteFullEditorPageState' is from 'package:thoughtecho/pages/note_full_editor_page.dart' ('lib/pages/note_full_editor_page.dart').
Try correcting the name to the name of an existing getter, or defining a getter or field named 'AppLocalizations'.
    final l10n = AppLocalizations.of(context);
                 ^^^^^^^^^^^^^^^^
lib/pages/note_full_editor_page.dart:1341:22: Error: The getter 'AppLocalizations' isn't defined for the type '_NoteFullEditorPageState'.
 - '_NoteFullEditorPageState' is from 'package:thoughtecho/pages/note_full_editor_page.dart' ('lib/pages/note_full_editor_page.dart').
Try correcting the name to the name of an existing getter, or defining a getter or field named 'AppLocalizations'.
        final l10n = AppLocalizations.of(context);
                     ^^^^^^^^^^^^^^^^
lib/pages/note_full_editor_page.dart:1371:22: Error: The getter 'AppLocalizations' isn't defined for the type '_NoteFullEditorPageState'.
 - '_NoteFullEditorPageState' is from 'package:thoughtecho/pages/note_full_editor_page.dart' ('lib/pages/note_full_editor_page.dart').
Try correcting the name to the name of an existing getter, or defining a getter or field named 'AppLocalizations'.
        final l10n = AppLocalizations.of(context);
                     ^^^^^^^^^^^^^^^^
lib/pages/note_full_editor_page.dart:1453:29: Error: The getter 'AppLocalizations' isn't defined for the type '_NoteFullEditorPageState'.
 - '_NoteFullEditorPageState' is from 'package:thoughtecho/pages/note_full_editor_page.dart' ('lib/pages/note_full_editor_page.dart').
Try correcting the name to the name of an existing getter, or defining a getter or field named 'AppLocalizations'.
              content: Text(AppLocalizations.of(context).noteSaved),
                            ^^^^^^^^^^^^^^^^
lib/pages/note_full_editor_page.dart:1471:29: Error: The getter 'AppLocalizations' isn't defined for the type '_NoteFullEditorPageState'.
 - '_NoteFullEditorPageState' is from 'package:thoughtecho/pages/note_full_editor_page.dart' ('lib/pages/note_full_editor_page.dart').
Try correcting the name to the name of an existing getter, or defining a getter or field named 'AppLocalizations'.
              content: Text(AppLocalizations.of(context).noteSaved),
                            ^^^^^^^^^^^^^^^^
lib/pages/note_full_editor_page.dart:1493:22: Error: The getter 'AppLocalizations' isn't defined for the type '_NoteFullEditorPageState'.
 - '_NoteFullEditorPageState' is from 'package:thoughtecho/pages/note_full_editor_page.dart' ('lib/pages/note_full_editor_page.dart').
Try correcting the name to the name of an existing getter, or defining a getter or field named 'AppLocalizations'.
        final l10n = AppLocalizations.of(context);
                     ^^^^^^^^^^^^^^^^
lib/pages/note_full_editor_page.dart:1594:21: Error: The getter 'AppLocalizations' isn't defined for the type '_NoteFullEditorPageState'.
 - '_NoteFullEditorPageState' is from 'package:thoughtecho/pages/note_full_editor_page.dart' ('lib/pages/note_full_editor_page.dart').
Try correcting the name to the name of an existing getter, or defining a getter or field named 'AppLocalizations'.
        title: Text(AppLocalizations.of(context).selectCardColor),
                    ^^^^^^^^^^^^^^^^
lib/pages/note_full_editor_page.dart:1613:25: Error: The getter 'AppLocalizations' isn't defined for the type '_NoteFullEditorPageState'.
 - '_NoteFullEditorPageState' is from 'package:thoughtecho/pages/note_full_editor_page.dart' ('lib/pages/note_full_editor_page.dart').
Try correcting the name to the name of an existing getter, or defining a getter or field named 'AppLocalizations'.
                        AppLocalizations.of(context).presetColors,
                        ^^^^^^^^^^^^^^^^
lib/pages/note_full_editor_page.dart:1697:29: Error: The getter 'AppLocalizations' isn't defined for the type '_NoteFullEditorPageState'.
 - '_NoteFullEditorPageState' is from 'package:thoughtecho/pages/note_full_editor_page.dart' ('lib/pages/note_full_editor_page.dart').
Try correcting the name to the name of an existing getter, or defining a getter or field named 'AppLocalizations'.
                label: Text(AppLocalizations.of(context).customColor),
                            ^^^^^^^^^^^^^^^^
lib/pages/note_full_editor_page.dart:1711:35: Error: The getter 'AppLocalizations' isn't defined for the type '_NoteFullEditorPageState'.
 - '_NoteFullEditorPageState' is from 'package:thoughtecho/pages/note_full_editor_page.dart' ('lib/pages/note_full_editor_page.dart').
Try correcting the name to the name of an existing getter, or defining a getter or field named 'AppLocalizations'.
                      title: Text(AppLocalizations.of(context).customColor),
                                  ^^^^^^^^^^^^^^^^
lib/pages/note_full_editor_page.dart:1735:39: Error: The getter 'AppLocalizations' isn't defined for the type '_NoteFullEditorPageState'.
 - '_NoteFullEditorPageState' is from 'package:thoughtecho/pages/note_full_editor_page.dart' ('lib/pages/note_full_editor_page.dart').
Try correcting the name to the name of an existing getter, or defining a getter or field named 'AppLocalizations'.
                          child: Text(AppLocalizations.of(context).cancel),
                                      ^^^^^^^^^^^^^^^^
lib/pages/note_full_editor_page.dart:1740:39: Error: The getter 'AppLocalizations' isn't defined for the type '_NoteFullEditorPageState'.
 - '_NoteFullEditorPageState' is from 'package:thoughtecho/pages/note_full_editor_page.dart' ('lib/pages/note_full_editor_page.dart').
Try correcting the name to the name of an existing getter, or defining a getter or field named 'AppLocalizations'.
                          child: Text(AppLocalizations.of(context).select),
                                      ^^^^^^^^^^^^^^^^
lib/pages/note_full_editor_page.dart:1762:25: Error: The getter 'AppLocalizations' isn't defined for the type '_NoteFullEditorPageState'.
 - '_NoteFullEditorPageState' is from 'package:thoughtecho/pages/note_full_editor_page.dart' ('lib/pages/note_full_editor_page.dart').
Try correcting the name to the name of an existing getter, or defining a getter or field named 'AppLocalizations'.
            child: Text(AppLocalizations.of(context).cancel),
                        ^^^^^^^^^^^^^^^^
lib/pages/note_full_editor_page.dart:1783:18: Error: The getter 'AppLocalizations' isn't defined for the type '_NoteFullEditorPageState'.
 - '_NoteFullEditorPageState' is from 'package:thoughtecho/pages/note_full_editor_page.dart' ('lib/pages/note_full_editor_page.dart').
Try correcting the name to the name of an existing getter, or defining a getter or field named 'AppLocalizations'.
    final l10n = AppLocalizations.of(context);
                 ^^^^^^^^^^^^^^^^
lib/pages/note_full_editor_page.dart:1991:40: Error: The getter 'AppLocalizations' isn't defined for the type '_NoteFullEditorPageState'.
 - '_NoteFullEditorPageState' is from 'package:thoughtecho/pages/note_full_editor_page.dart' ('lib/pages/note_full_editor_page.dart').
Try correcting the name to the name of an existing getter, or defining a getter or field named 'AppLocalizations'.
                          placeholder: AppLocalizations.of(context)
                                       ^^^^^^^^^^^^^^^^
lib/pages/note_full_editor_page.dart:2091:18: Error: The getter 'AppLocalizations' isn't defined for the type '_NoteFullEditorPageState'.
 - '_NoteFullEditorPageState' is from 'package:thoughtecho/pages/note_full_editor_page.dart' ('lib/pages/note_full_editor_page.dart').
Try correcting the name to the name of an existing getter, or defining a getter or field named 'AppLocalizations'.
    final l10n = AppLocalizations.of(context);
                 ^^^^^^^^^^^^^^^^
lib/pages/note_full_editor_page.dart:2131:29: Error: The getter 'AppLocalizations' isn't defined for the type '_NoteFullEditorPageState'.
 - '_NoteFullEditorPageState' is from 'package:thoughtecho/pages/note_full_editor_page.dart' ('lib/pages/note_full_editor_page.dart').
Try correcting the name to the name of an existing getter, or defining a getter or field named 'AppLocalizations'.
                            AppLocalizations.of(context).editMetadata,
                            ^^^^^^^^^^^^^^^^
lib/pages/note_full_editor_page.dart:2141:41: Error: The getter 'AppLocalizations' isn't defined for the type '_NoteFullEditorPageState'.
 - '_NoteFullEditorPageState' is from 'package:thoughtecho/pages/note_full_editor_page.dart' ('lib/pages/note_full_editor_page.dart').
Try correcting the name to the name of an existing getter, or defining a getter or field named 'AppLocalizations'.
                            label: Text(AppLocalizations.of(context).done),
                                        ^^^^^^^^^^^^^^^^
lib/pages/note_full_editor_page.dart:2167:47: Error: The getter 'AppLocalizations' isn't defined for the type '_NoteFullEditorPageState'.
 - '_NoteFullEditorPageState' is from 'package:thoughtecho/pages/note_full_editor_page.dart' ('lib/pages/note_full_editor_page.dart').
Try correcting the name to the name of an existing getter, or defining a getter or field named 'AppLocalizations'.
                                    hintText: AppLocalizations.of(
                                              ^^^^^^^^^^^^^^^^
lib/pages/note_full_editor_page.dart:2187:47: Error: The getter 'AppLocalizations' isn't defined for the type '_NoteFullEditorPageState'.
 - '_NoteFullEditorPageState' is from 'package:thoughtecho/pages/note_full_editor_page.dart' ('lib/pages/note_full_editor_page.dart').
Try correcting the name to the name of an existing getter, or defining a getter or field named 'AppLocalizations'.
                                    hintText: AppLocalizations.of(
                                              ^^^^^^^^^^^^^^^^
lib/pages/note_full_editor_page.dart:2493:45: Error: The getter 'AppLocalizations' isn't defined for the type '_NoteFullEditorPageState'.
 - '_NoteFullEditorPageState' is from 'package:thoughtecho/pages/note_full_editor_page.dart' ('lib/pages/note_full_editor_page.dart').
Try correcting the name to the name of an existing getter, or defining a getter or field named 'AppLocalizations'.
                                            AppLocalizations.of(context),
                                            ^^^^^^^^^^^^^^^^
lib/pages/note_full_editor_page.dart:2567:33: Error: The getter 'AppLocalizations' isn't defined for the type '_NoteFullEditorPageState'.
 - '_NoteFullEditorPageState' is from 'package:thoughtecho/pages/note_full_editor_page.dart' ('lib/pages/note_full_editor_page.dart').
Try correcting the name to the name of an existing getter, or defining a getter or field named 'AppLocalizations'.
                                AppLocalizations.of(context).selectTags,
                                ^^^^^^^^^^^^^^^^
lib/pages/note_full_editor_page.dart:2590:47: Error: The getter 'AppLocalizations' isn't defined for the type '_NoteFullEditorPageState'.
 - '_NoteFullEditorPageState' is from 'package:thoughtecho/pages/note_full_editor_page.dart' ('lib/pages/note_full_editor_page.dart').
Try correcting the name to the name of an existing getter, or defining a getter or field named 'AppLocalizations'.
                                    hintText: AppLocalizations.of(
                                              ^^^^^^^^^^^^^^^^
lib/pages/note_full_editor_page.dart:2630:49: Error: The getter 'AppLocalizations' isn't defined for the type '_NoteFullEditorPageState'.
 - '_NoteFullEditorPageState' is from 'package:thoughtecho/pages/note_full_editor_page.dart' ('lib/pages/note_full_editor_page.dart').
Try correcting the name to the name of an existing getter, or defining a getter or field named 'AppLocalizations'.
                                                AppLocalizations.of(
                                                ^^^^^^^^^^^^^^^^
lib/pages/note_full_editor_page.dart:2795:23: Error: The getter 'AppLocalizations' isn't defined for the type '_NoteFullEditorPageState'.
 - '_NoteFullEditorPageState' is from 'package:thoughtecho/pages/note_full_editor_page.dart' ('lib/pages/note_full_editor_page.dart').
Try correcting the name to the name of an existing getter, or defining a getter or field named 'AppLocalizations'.
                      AppLocalizations.of(context).smartAnalyzeSource,
                      ^^^^^^^^^^^^^^^^
lib/pages/note_full_editor_page.dart:2798:23: Error: The getter 'AppLocalizations' isn't defined for the type '_NoteFullEditorPageState'.
 - '_NoteFullEditorPageState' is from 'package:thoughtecho/pages/note_full_editor_page.dart' ('lib/pages/note_full_editor_page.dart').
Try correcting the name to the name of an existing getter, or defining a getter or field named 'AppLocalizations'.
                      AppLocalizations.of(context).smartAnalyzeSourceDesc,
                      ^^^^^^^^^^^^^^^^
lib/pages/note_full_editor_page.dart:2807:33: Error: The getter 'AppLocalizations' isn't defined for the type '_NoteFullEditorPageState'.
 - '_NoteFullEditorPageState' is from 'package:thoughtecho/pages/note_full_editor_page.dart' ('lib/pages/note_full_editor_page.dart').
Try correcting the name to the name of an existing getter, or defining a getter or field named 'AppLocalizations'.
                    title: Text(AppLocalizations.of(context).polishText),
                                ^^^^^^^^^^^^^^^^
lib/pages/note_full_editor_page.dart:2808:36: Error: The getter 'AppLocalizations' isn't defined for the type '_NoteFullEditorPageState'.
 - '_NoteFullEditorPageState' is from 'package:thoughtecho/pages/note_full_editor_page.dart' ('lib/pages/note_full_editor_page.dart').
Try correcting the name to the name of an existing getter, or defining a getter or field named 'AppLocalizations'.
                    subtitle: Text(AppLocalizations.of(context).polishTextDesc),
                                   ^^^^^^^^^^^^^^^^
lib/pages/note_full_editor_page.dart:2816:33: Error: The getter 'AppLocalizations' isn't defined for the type '_NoteFullEditorPageState'.
 - '_NoteFullEditorPageState' is from 'package:thoughtecho/pages/note_full_editor_page.dart' ('lib/pages/note_full_editor_page.dart').
Try correcting the name to the name of an existing getter, or defining a getter or field named 'AppLocalizations'.
                    title: Text(AppLocalizations.of(context).continueWriting),
                                ^^^^^^^^^^^^^^^^
lib/pages/note_full_editor_page.dart:2818:23: Error: The getter 'AppLocalizations' isn't defined for the type '_NoteFullEditorPageState'.
 - '_NoteFullEditorPageState' is from 'package:thoughtecho/pages/note_full_editor_page.dart' ('lib/pages/note_full_editor_page.dart').
Try correcting the name to the name of an existing getter, or defining a getter or field named 'AppLocalizations'.
                      AppLocalizations.of(context).continueWritingDesc,
                      ^^^^^^^^^^^^^^^^
lib/pages/note_full_editor_page.dart:2827:33: Error: The getter 'AppLocalizations' isn't defined for the type '_NoteFullEditorPageState'.
 - '_NoteFullEditorPageState' is from 'package:thoughtecho/pages/note_full_editor_page.dart' ('lib/pages/note_full_editor_page.dart').
Try correcting the name to the name of an existing getter, or defining a getter or field named 'AppLocalizations'.
                    title: Text(AppLocalizations.of(context).deepAnalysis),
                                ^^^^^^^^^^^^^^^^
lib/pages/note_full_editor_page.dart:2829:23: Error: The getter 'AppLocalizations' isn't defined for the type '_NoteFullEditorPageState'.
 - '_NoteFullEditorPageState' is from 'package:thoughtecho/pages/note_full_editor_page.dart' ('lib/pages/note_full_editor_page.dart').
Try correcting the name to the name of an existing getter, or defining a getter or field named 'AppLocalizations'.
                      AppLocalizations.of(context).deepAnalysisDesc,
                      ^^^^^^^^^^^^^^^^
lib/pages/note_full_editor_page.dart:2838:33: Error: The getter 'AppLocalizations' isn't defined for the type '_NoteFullEditorPageState'.
 - '_NoteFullEditorPageState' is from 'package:thoughtecho/pages/note_full_editor_page.dart' ('lib/pages/note_full_editor_page.dart').
Try correcting the name to the name of an existing getter, or defining a getter or field named 'AppLocalizations'.
                    title: Text(AppLocalizations.of(context).askNote),
                                ^^^^^^^^^^^^^^^^
lib/pages/note_full_editor_page.dart:2839:36: Error: The getter 'AppLocalizations' isn't defined for the type '_NoteFullEditorPageState'.
 - '_NoteFullEditorPageState' is from 'package:thoughtecho/pages/note_full_editor_page.dart' ('lib/pages/note_full_editor_page.dart').
Try correcting the name to the name of an existing getter, or defining a getter or field named 'AppLocalizations'.
                    subtitle: Text(AppLocalizations.of(context).askNoteDesc),
                                   ^^^^^^^^^^^^^^^^
lib/pages/note_full_editor_page.dart:2860:25: Error: The getter 'AppLocalizations' isn't defined for the type '_NoteFullEditorPageState'.
 - '_NoteFullEditorPageState' is from 'package:thoughtecho/pages/note_full_editor_page.dart' ('lib/pages/note_full_editor_page.dart').
Try correcting the name to the name of an existing getter, or defining a getter or field named 'AppLocalizations'.
          content: Text(AppLocalizations.of(context).pleaseEnterContent),
                        ^^^^^^^^^^^^^^^^
lib/pages/note_full_editor_page.dart:2881:22: Error: The getter 'AppLocalizations' isn't defined for the type '_NoteFullEditorPageState'.
 - '_NoteFullEditorPageState' is from 'package:thoughtecho/pages/note_full_editor_page.dart' ('lib/pages/note_full_editor_page.dart').
Try correcting the name to the name of an existing getter, or defining a getter or field named 'AppLocalizations'.
                Text(AppLocalizations.of(context).analyzing),
                     ^^^^^^^^^^^^^^^^
lib/pages/note_full_editor_page.dart:2908:24: Error: The getter 'AppLocalizations' isn't defined for the type '_NoteFullEditorPageState'.
 - '_NoteFullEditorPageState' is from 'package:thoughtecho/pages/note_full_editor_page.dart' ('lib/pages/note_full_editor_page.dart').
Try correcting the name to the name of an existing getter, or defining a getter or field named 'AppLocalizations'.
          final l10n = AppLocalizations.of(context);
                       ^^^^^^^^^^^^^^^^
lib/pages/note_full_editor_page.dart:2976:24: Error: The getter 'AppLocalizations' isn't defined for the type '_NoteFullEditorPageState'.
 - '_NoteFullEditorPageState' is from 'package:thoughtecho/pages/note_full_editor_page.dart' ('lib/pages/note_full_editor_page.dart').
Try correcting the name to the name of an existing getter, or defining a getter or field named 'AppLocalizations'.
          final l10n = AppLocalizations.of(context);
                       ^^^^^^^^^^^^^^^^
lib/pages/note_full_editor_page.dart:2993:22: Error: The getter 'AppLocalizations' isn't defined for the type '_NoteFullEditorPageState'.
 - '_NoteFullEditorPageState' is from 'package:thoughtecho/pages/note_full_editor_page.dart' ('lib/pages/note_full_editor_page.dart').
Try correcting the name to the name of an existing getter, or defining a getter or field named 'AppLocalizations'.
        final l10n = AppLocalizations.of(context);
                     ^^^^^^^^^^^^^^^^
lib/pages/note_full_editor_page.dart:3009:22: Error: The getter 'AppLocalizations' isn't defined for the type '_NoteFullEditorPageState'.
 - '_NoteFullEditorPageState' is from 'package:thoughtecho/pages/note_full_editor_page.dart' ('lib/pages/note_full_editor_page.dart').
Try correcting the name to the name of an existing getter, or defining a getter or field named 'AppLocalizations'.
        final l10n = AppLocalizations.of(context);
                     ^^^^^^^^^^^^^^^^
lib/pages/note_full_editor_page.dart:3024:18: Error: The getter 'AppLocalizations' isn't defined for the type '_NoteFullEditorPageState'.
 - '_NoteFullEditorPageState' is from 'package:thoughtecho/pages/note_full_editor_page.dart' ('lib/pages/note_full_editor_page.dart').
Try correcting the name to the name of an existing getter, or defining a getter or field named 'AppLocalizations'.
    final l10n = AppLocalizations.of(context);
                 ^^^^^^^^^^^^^^^^
lib/pages/note_full_editor_page.dart:3062:22: Error: The getter 'AppLocalizations' isn't defined for the type '_NoteFullEditorPageState'.
 - '_NoteFullEditorPageState' is from 'package:thoughtecho/pages/note_full_editor_page.dart' ('lib/pages/note_full_editor_page.dart').
Try correcting the name to the name of an existing getter, or defining a getter or field named 'AppLocalizations'.
        final l10n = AppLocalizations.of(context);
                     ^^^^^^^^^^^^^^^^
lib/pages/note_full_editor_page.dart:3076:18: Error: The getter 'AppLocalizations' isn't defined for the type '_NoteFullEditorPageState'.
 - '_NoteFullEditorPageState' is from 'package:thoughtecho/pages/note_full_editor_page.dart' ('lib/pages/note_full_editor_page.dart').
Try correcting the name to the name of an existing getter, or defining a getter or field named 'AppLocalizations'.
    final l10n = AppLocalizations.of(context);
                 ^^^^^^^^^^^^^^^^
lib/pages/note_full_editor_page.dart:3119:22: Error: The getter 'AppLocalizations' isn't defined for the type '_NoteFullEditorPageState'.
 - '_NoteFullEditorPageState' is from 'package:thoughtecho/pages/note_full_editor_page.dart' ('lib/pages/note_full_editor_page.dart').
Try correcting the name to the name of an existing getter, or defining a getter or field named 'AppLocalizations'.
        final l10n = AppLocalizations.of(context);
                     ^^^^^^^^^^^^^^^^
lib/pages/note_full_editor_page.dart:3134:18: Error: The getter 'AppLocalizations' isn't defined for the type '_NoteFullEditorPageState'.
 - '_NoteFullEditorPageState' is from 'package:thoughtecho/pages/note_full_editor_page.dart' ('lib/pages/note_full_editor_page.dart').
Try correcting the name to the name of an existing getter, or defining a getter or field named 'AppLocalizations'.
    final l10n = AppLocalizations.of(context);
                 ^^^^^^^^^^^^^^^^
lib/pages/note_full_editor_page.dart:3184:20: Error: The getter 'AppLocalizations' isn't defined for the type '_NoteFullEditorPageState'.
 - '_NoteFullEditorPageState' is from 'package:thoughtecho/pages/note_full_editor_page.dart' ('lib/pages/note_full_editor_page.dart').
Try correcting the name to the name of an existing getter, or defining a getter or field named 'AppLocalizations'.
      final l10n = AppLocalizations.of(context);
                   ^^^^^^^^^^^^^^^^
lib/widgets/svg_card_widget.dart:398:18: Error: The getter 'AppLocalizations' isn't defined for the type 'GeneratedCardWidget'.
 - 'GeneratedCardWidget' is from 'package:thoughtecho/widgets/svg_card_widget.dart' ('lib/widgets/svg_card_widget.dart').
Try correcting the name to the name of an existing getter, or defining a getter or field named 'AppLocalizations'.
    final l10n = AppLocalizations.of(context);
                 ^^^^^^^^^^^^^^^^
lib/widgets/svg_card_widget.dart:547:20: Error: The getter 'AppLocalizations' isn't defined for the type '_CardPreviewDialogState'.
 - '_CardPreviewDialogState' is from 'package:thoughtecho/widgets/svg_card_widget.dart' ('lib/widgets/svg_card_widget.dart').
Try correcting the name to the name of an existing getter, or defining a getter or field named 'AppLocalizations'.
      final l10n = AppLocalizations.of(context);
                   ^^^^^^^^^^^^^^^^
lib/widgets/svg_card_widget.dart:572:18: Error: The getter 'AppLocalizations' isn't defined for the type '_CardPreviewDialogState'.
 - '_CardPreviewDialogState' is from 'package:thoughtecho/widgets/svg_card_widget.dart' ('lib/widgets/svg_card_widget.dart').
Try correcting the name to the name of an existing getter, or defining a getter or field named 'AppLocalizations'.
    final l10n = AppLocalizations.of(context);
                 ^^^^^^^^^^^^^^^^
lib/widgets/svg_card_widget.dart:703:18: Error: The getter 'AppLocalizations' isn't defined for the type 'CardGenerationLoadingDialog'.
 - 'CardGenerationLoadingDialog' is from 'package:thoughtecho/widgets/svg_card_widget.dart' ('lib/widgets/svg_card_widget.dart').
Try correcting the name to the name of an existing getter, or defining a getter or field named 'AppLocalizations'.
    final l10n = AppLocalizations.of(context);
                 ^^^^^^^^^^^^^^^^
lib/config/onboarding_config.dart:10:18: Error: Undefined name 'AppLocalizations'.
    final l10n = AppLocalizations.of(context);
                 ^^^^^^^^^^^^^^^^
lib/config/onboarding_config.dart:59:18: Error: Undefined name 'AppLocalizations'.
    final l10n = AppLocalizations.of(context);
                 ^^^^^^^^^^^^^^^^
lib/config/onboarding_config.dart:88:18: Error: Undefined name 'AppLocalizations'.
    final l10n = AppLocalizations.of(context);
                 ^^^^^^^^^^^^^^^^
lib/config/onboarding_config.dart:136:18: Error: Undefined name 'AppLocalizations'.
    final l10n = AppLocalizations.of(context);
                 ^^^^^^^^^^^^^^^^
lib/config/onboarding_config.dart:167:18: Error: Undefined name 'AppLocalizations'.
    final l10n = AppLocalizations.of(context);
                 ^^^^^^^^^^^^^^^^
lib/widgets/onboarding/page_views.dart:98:16: Error: The getter 'AppLocalizations' isn't defined for the type '_WelcomePageViewState'.
 - '_WelcomePageViewState' is from 'package:thoughtecho/widgets/onboarding/page_views.dart' ('lib/widgets/onboarding/page_views.dart').
Try correcting the name to the name of an existing getter, or defining a getter or field named 'AppLocalizations'.
        return AppLocalizations.of(context).languageFollowSystem;
               ^^^^^^^^^^^^^^^^
lib/widgets/onboarding/page_views.dart:100:16: Error: The getter 'AppLocalizations' isn't defined for the type '_WelcomePageViewState'.
 - '_WelcomePageViewState' is from 'package:thoughtecho/widgets/onboarding/page_views.dart' ('lib/widgets/onboarding/page_views.dart').
Try correcting the name to the name of an existing getter, or defining a getter or field named 'AppLocalizations'.
        return AppLocalizations.of(context).languageChinese;
               ^^^^^^^^^^^^^^^^
lib/widgets/onboarding/page_views.dart:102:16: Error: The getter 'AppLocalizations' isn't defined for the type '_WelcomePageViewState'.
 - '_WelcomePageViewState' is from 'package:thoughtecho/widgets/onboarding/page_views.dart' ('lib/widgets/onboarding/page_views.dart').
Try correcting the name to the name of an existing getter, or defining a getter or field named 'AppLocalizations'.
        return AppLocalizations.of(context).languageEnglish;
               ^^^^^^^^^^^^^^^^
lib/widgets/onboarding/page_views.dart:104:16: Error: The getter 'AppLocalizations' isn't defined for the type '_WelcomePageViewState'.
 - '_WelcomePageViewState' is from 'package:thoughtecho/widgets/onboarding/page_views.dart' ('lib/widgets/onboarding/page_views.dart').
Try correcting the name to the name of an existing getter, or defining a getter or field named 'AppLocalizations'.
        return AppLocalizations.of(context).languageJapanese;
               ^^^^^^^^^^^^^^^^
lib/widgets/onboarding/page_views.dart:106:16: Error: The getter 'AppLocalizations' isn't defined for the type '_WelcomePageViewState'.
 - '_WelcomePageViewState' is from 'package:thoughtecho/widgets/onboarding/page_views.dart' ('lib/widgets/onboarding/page_views.dart').
Try correcting the name to the name of an existing getter, or defining a getter or field named 'AppLocalizations'.
        return AppLocalizations.of(context).languageKorean;
               ^^^^^^^^^^^^^^^^
lib/widgets/onboarding/page_views.dart:108:16: Error: The getter 'AppLocalizations' isn't defined for the type '_WelcomePageViewState'.
 - '_WelcomePageViewState' is from 'package:thoughtecho/widgets/onboarding/page_views.dart' ('lib/widgets/onboarding/page_views.dart').
Try correcting the name to the name of an existing getter, or defining a getter or field named 'AppLocalizations'.
        return AppLocalizations.of(context).languageSpanish;
               ^^^^^^^^^^^^^^^^
lib/widgets/onboarding/page_views.dart:110:16: Error: The getter 'AppLocalizations' isn't defined for the type '_WelcomePageViewState'.
 - '_WelcomePageViewState' is from 'package:thoughtecho/widgets/onboarding/page_views.dart' ('lib/widgets/onboarding/page_views.dart').
Try correcting the name to the name of an existing getter, or defining a getter or field named 'AppLocalizations'.
        return AppLocalizations.of(context).languageFrench;
               ^^^^^^^^^^^^^^^^
lib/widgets/onboarding/page_views.dart:112:16: Error: The getter 'AppLocalizations' isn't defined for the type '_WelcomePageViewState'.
 - '_WelcomePageViewState' is from 'package:thoughtecho/widgets/onboarding/page_views.dart' ('lib/widgets/onboarding/page_views.dart').
Try correcting the name to the name of an existing getter, or defining a getter or field named 'AppLocalizations'.
        return AppLocalizations.of(context).languageGerman;
               ^^^^^^^^^^^^^^^^
lib/widgets/onboarding/page_views.dart:138:18: Error: The getter 'AppLocalizations' isn't defined for the type '_WelcomePageViewState'.
 - '_WelcomePageViewState' is from 'package:thoughtecho/widgets/onboarding/page_views.dart' ('lib/widgets/onboarding/page_views.dart').
Try correcting the name to the name of an existing getter, or defining a getter or field named 'AppLocalizations'.
    final l10n = AppLocalizations.of(context);
                 ^^^^^^^^^^^^^^^^
lib/widgets/onboarding/page_views.dart:250:57: Error: 'AppLocalizations' isn't a type.
  Widget _buildCompactLanguageSelector(ThemeData theme, AppLocalizations l10n) {
                                                        ^^^^^^^^^^^^^^^^
lib/widgets/onboarding/page_views.dart:485:17: Error: The getter 'AppLocalizations' isn't defined for the type '_FeaturesPageViewState'.
 - '_FeaturesPageViewState' is from 'package:thoughtecho/widgets/onboarding/page_views.dart' ('lib/widgets/onboarding/page_views.dart').
Try correcting the name to the name of an existing getter, or defining a getter or field named 'AppLocalizations'.
                AppLocalizations.of(context).quickTips,
                ^^^^^^^^^^^^^^^^
lib/widgets/onboarding/page_views.dart:606:21: Error: The getter 'AppLocalizations' isn't defined for the type '_FeatureCard'.
 - '_FeatureCard' is from 'package:thoughtecho/widgets/onboarding/page_views.dart' ('lib/widgets/onboarding/page_views.dart').
Try correcting the name to the name of an existing getter, or defining a getter or field named 'AppLocalizations'.
                    AppLocalizations.of(context).coreFeature,
                    ^^^^^^^^^^^^^^^^
lib/widgets/onboarding/preferences_page_view.dart:156:25: Error: The getter 'AppLocalizations' isn't defined for the type '_PreferencesPageViewState'.
 - '_PreferencesPageViewState' is from 'package:thoughtecho/widgets/onboarding/preferences_page_view.dart' ('lib/widgets/onboarding/preferences_page_view.dart').
Try correcting the name to the name of an existing getter, or defining a getter or field named 'AppLocalizations'.
                        AppLocalizations.of(context).prefMoreOptionsHint,
                        ^^^^^^^^^^^^^^^^
lib/widgets/onboarding/preferences_page_view.dart:230:23: Error: The getter 'AppLocalizations' isn't defined for the type '_PreferencesPageViewState'.
 - '_PreferencesPageViewState' is from 'package:thoughtecho/widgets/onboarding/preferences_page_view.dart' ('lib/widgets/onboarding/preferences_page_view.dart').
Try correcting the name to the name of an existing getter, or defining a getter or field named 'AppLocalizations'.
                      AppLocalizations.of(context).locationServiceNotEnabled,
                      ^^^^^^^^^^^^^^^^
lib/widgets/onboarding/preferences_page_view.dart:233:23: Error: The getter 'AppLocalizations' isn't defined for the type '_PreferencesPageViewState'.
 - '_PreferencesPageViewState' is from 'package:thoughtecho/widgets/onboarding/preferences_page_view.dart' ('lib/widgets/onboarding/preferences_page_view.dart').
Try correcting the name to the name of an existing getter, or defining a getter or field named 'AppLocalizations'.
                      AppLocalizations.of(
                      ^^^^^^^^^^^^^^^^
lib/widgets/onboarding/preferences_page_view.dart:240:37: Error: The getter 'AppLocalizations' isn't defined for the type '_PreferencesPageViewState'.
 - '_PreferencesPageViewState' is from 'package:thoughtecho/widgets/onboarding/preferences_page_view.dart' ('lib/widgets/onboarding/preferences_page_view.dart').
Try correcting the name to the name of an existing getter, or defining a getter or field named 'AppLocalizations'.
                        child: Text(AppLocalizations.of(context).cancel),
                                    ^^^^^^^^^^^^^^^^
lib/widgets/onboarding/preferences_page_view.dart:247:37: Error: The getter 'AppLocalizations' isn't defined for the type '_PreferencesPageViewState'.
 - '_PreferencesPageViewState' is from 'package:thoughtecho/widgets/onboarding/preferences_page_view.dart' ('lib/widgets/onboarding/preferences_page_view.dart').
Try correcting the name to the name of an existing getter, or defining a getter or field named 'AppLocalizations'.
                        child: Text(AppLocalizations.of(context).goToSettings),
                                    ^^^^^^^^^^^^^^^^
lib/widgets/onboarding/preferences_page_view.dart:262:21: Error: The getter 'AppLocalizations' isn't defined for the type '_PreferencesPageViewState'.
 - '_PreferencesPageViewState' is from 'package:thoughtecho/widgets/onboarding/preferences_page_view.dart' ('lib/widgets/onboarding/preferences_page_view.dart').
Try correcting the name to the name of an existing getter, or defining a getter or field named 'AppLocalizations'.
                    AppLocalizations.of(context).locationServiceEnabledMsg,
                    ^^^^^^^^^^^^^^^^
lib/widgets/onboarding/preferences_page_view.dart:476:33: Error: The getter 'AppLocalizations' isn't defined for the type '_PreferencesPageViewState'.
 - '_PreferencesPageViewState' is from 'package:thoughtecho/widgets/onboarding/preferences_page_view.dart' ('lib/widgets/onboarding/preferences_page_view.dart').
Try correcting the name to the name of an existing getter, or defining a getter or field named 'AppLocalizations'.
                    label: Text(AppLocalizations.of(context).prefSelectAll),
                                ^^^^^^^^^^^^^^^^
lib/widgets/onboarding/preferences_page_view.dart:493:33: Error: The getter 'AppLocalizations' isn't defined for the type '_PreferencesPageViewState'.
 - '_PreferencesPageViewState' is from 'package:thoughtecho/widgets/onboarding/preferences_page_view.dart' ('lib/widgets/onboarding/preferences_page_view.dart').
Try correcting the name to the name of an existing getter, or defining a getter or field named 'AppLocalizations'.
                    label: Text(AppLocalizations.of(context).prefClearAll),
                                ^^^^^^^^^^^^^^^^
lib/widgets/onboarding/preferences_page_view.dart:583:17: Error: The getter 'AppLocalizations' isn't defined for the type '_PreferencesPageViewState'.
 - '_PreferencesPageViewState' is from 'package:thoughtecho/widgets/onboarding/preferences_page_view.dart' ('lib/widgets/onboarding/preferences_page_view.dart').
Try correcting the name to the name of an existing getter, or defining a getter or field named 'AppLocalizations'.
                AppLocalizations.of(context).prefAboutSettings,
                ^^^^^^^^^^^^^^^^
lib/widgets/onboarding/preferences_page_view.dart:593:13: Error: The getter 'AppLocalizations' isn't defined for the type '_PreferencesPageViewState'.
 - '_PreferencesPageViewState' is from 'package:thoughtecho/widgets/onboarding/preferences_page_view.dart' ('lib/widgets/onboarding/preferences_page_view.dart').
Try correcting the name to the name of an existing getter, or defining a getter or field named 'AppLocalizations'.
            AppLocalizations.of(context).prefAboutSettingsInfo,
            ^^^^^^^^^^^^^^^^
00:13 +0: loading /app/test/unit/services/ai_card_generation_service_isolate_test.dart                                                                                                                 lib/widgets/accessible_color_grid.dart:47:18: Error: The getter 'AppLocalizations' isn't defined for the type 'AccessibleColorGrid'.
 - 'AccessibleColorGrid' is from 'package:thoughtecho/widgets/accessible_color_grid.dart' ('lib/widgets/accessible_color_grid.dart').
Try correcting the name to the name of an existing getter, or defining a getter or field named 'AppLocalizations'.
    final l10n = AppLocalizations.of(context);
                 ^^^^^^^^^^^^^^^^
lib/widgets/add_note_ai_menu.dart:34:18: Error: The getter 'AppLocalizations' isn't defined for the type '_AddNoteAIMenuState'.
 - '_AddNoteAIMenuState' is from 'package:thoughtecho/widgets/add_note_ai_menu.dart' ('lib/widgets/add_note_ai_menu.dart').
Try correcting the name to the name of an existing getter, or defining a getter or field named 'AppLocalizations'.
    final l10n = AppLocalizations.of(context);
                 ^^^^^^^^^^^^^^^^
lib/widgets/add_note_ai_menu.dart:130:18: Error: The getter 'AppLocalizations' isn't defined for the type '_AddNoteAIMenuState'.
 - '_AddNoteAIMenuState' is from 'package:thoughtecho/widgets/add_note_ai_menu.dart' ('lib/widgets/add_note_ai_menu.dart').
Try correcting the name to the name of an existing getter, or defining a getter or field named 'AppLocalizations'.
    final l10n = AppLocalizations.of(context);
                 ^^^^^^^^^^^^^^^^
lib/widgets/add_note_ai_menu.dart:261:18: Error: The getter 'AppLocalizations' isn't defined for the type '_AddNoteAIMenuState'.
 - '_AddNoteAIMenuState' is from 'package:thoughtecho/widgets/add_note_ai_menu.dart' ('lib/widgets/add_note_ai_menu.dart').
Try correcting the name to the name of an existing getter, or defining a getter or field named 'AppLocalizations'.
    final l10n = AppLocalizations.of(context);
                 ^^^^^^^^^^^^^^^^
lib/widgets/add_note_ai_menu.dart:315:18: Error: The getter 'AppLocalizations' isn't defined for the type '_AddNoteAIMenuState'.
 - '_AddNoteAIMenuState' is from 'package:thoughtecho/widgets/add_note_ai_menu.dart' ('lib/widgets/add_note_ai_menu.dart').
Try correcting the name to the name of an existing getter, or defining a getter or field named 'AppLocalizations'.
    final l10n = AppLocalizations.of(context);
                 ^^^^^^^^^^^^^^^^
lib/widgets/add_note_ai_menu.dart:369:18: Error: The getter 'AppLocalizations' isn't defined for the type '_AddNoteAIMenuState'.
 - '_AddNoteAIMenuState' is from 'package:thoughtecho/widgets/add_note_ai_menu.dart' ('lib/widgets/add_note_ai_menu.dart').
Try correcting the name to the name of an existing getter, or defining a getter or field named 'AppLocalizations'.
    final l10n = AppLocalizations.of(context);
                 ^^^^^^^^^^^^^^^^
lib/widgets/add_note_ai_menu.dart:430:18: Error: The getter 'AppLocalizations' isn't defined for the type '_AddNoteAIMenuState'.
 - '_AddNoteAIMenuState' is from 'package:thoughtecho/widgets/add_note_ai_menu.dart' ('lib/widgets/add_note_ai_menu.dart').
Try correcting the name to the name of an existing getter, or defining a getter or field named 'AppLocalizations'.
    final l10n = AppLocalizations.of(context);
                 ^^^^^^^^^^^^^^^^
lib/widgets/add_note_ai_menu.dart:463:18: Error: The getter 'AppLocalizations' isn't defined for the type '_AddNoteAIMenuState'.
 - '_AddNoteAIMenuState' is from 'package:thoughtecho/widgets/add_note_ai_menu.dart' ('lib/widgets/add_note_ai_menu.dart').
Try correcting the name to the name of an existing getter, or defining a getter or field named 'AppLocalizations'.
    final l10n = AppLocalizations.of(context);
                 ^^^^^^^^^^^^^^^^
lib/widgets/add_note_dialog_parts.dart:83:18: Error: The getter 'AppLocalizations' isn't defined for the type '_TagSelectionSectionState'.
 - '_TagSelectionSectionState' is from 'package:thoughtecho/widgets/add_note_dialog_parts.dart' ('lib/widgets/add_note_dialog_parts.dart').
Try correcting the name to the name of an existing getter, or defining a getter or field named 'AppLocalizations'.
    final l10n = AppLocalizations.of(context);
                 ^^^^^^^^^^^^^^^^
lib/widgets/add_note_dialog_parts.dart:166:18: Error: The getter 'AppLocalizations' isn't defined for the type '_TagSelectionContent'.
 - '_TagSelectionContent' is from 'package:thoughtecho/widgets/add_note_dialog_parts.dart' ('lib/widgets/add_note_dialog_parts.dart').
Try correcting the name to the name of an existing getter, or defining a getter or field named 'AppLocalizations'.
    final l10n = AppLocalizations.of(context);
                 ^^^^^^^^^^^^^^^^
lib/widgets/add_note_dialog_parts.dart:232:18: Error: The getter 'AppLocalizations' isn't defined for the type '_TagListItem'.
 - '_TagListItem' is from 'package:thoughtecho/widgets/add_note_dialog_parts.dart' ('lib/widgets/add_note_dialog_parts.dart').
Try correcting the name to the name of an existing getter, or defining a getter or field named 'AppLocalizations'.
    final l10n = AppLocalizations.of(context);
                 ^^^^^^^^^^^^^^^^
lib/widgets/add_note_dialog_parts.dart:294:18: Error: The getter 'AppLocalizations' isn't defined for the type 'SelectedTagsDisplay'.
 - 'SelectedTagsDisplay' is from 'package:thoughtecho/widgets/add_note_dialog_parts.dart' ('lib/widgets/add_note_dialog_parts.dart').
Try correcting the name to the name of an existing getter, or defining a getter or field named 'AppLocalizations'.
    final l10n = AppLocalizations.of(context);
                 ^^^^^^^^^^^^^^^^
lib/utils/icon_utils.dart:191:5: Error: 'AppLocalizations' isn't a type.
    AppLocalizations l10n,
    ^^^^^^^^^^^^^^^^
lib/utils/icon_utils.dart:219:5: Error: 'AppLocalizations' isn't a type.
    AppLocalizations l10n,
    ^^^^^^^^^^^^^^^^
lib/services/api_service.dart:31:47: Error: 'AppLocalizations' isn't a type.
  static Map<String, String> getHitokotoTypes(AppLocalizations l10n) {
                                              ^^^^^^^^^^^^^^^^
lib/services/api_service.dart:52:5: Error: 'AppLocalizations' isn't a type.
    AppLocalizations l10n,
    ^^^^^^^^^^^^^^^^
lib/services/api_service.dart:134:5: Error: 'AppLocalizations' isn't a type.
    AppLocalizations l10n,
    ^^^^^^^^^^^^^^^^
lib/services/api_service.dart:168:48: Error: 'AppLocalizations' isn't a type.
  static Map<String, dynamic> _getDefaultQuote(AppLocalizations l10n) {
                                               ^^^^^^^^^^^^^^^^
lib/widgets/quote_item_widget.dart:237:18: Error: The getter 'AppLocalizations' isn't defined for the type '_QuoteItemWidgetState'.
 - '_QuoteItemWidgetState' is from 'package:thoughtecho/widgets/quote_item_widget.dart' ('lib/widgets/quote_item_widget.dart').
Try correcting the name to the name of an existing getter, or defining a getter or field named 'AppLocalizations'.
    final l10n = AppLocalizations.of(context);
                 ^^^^^^^^^^^^^^^^
lib/widgets/quote_item_widget.dart:356:78: Error: The getter 'AppLocalizations' isn't defined for the type '_QuoteItemWidgetState'.
 - '_QuoteItemWidgetState' is from 'package:thoughtecho/widgets/quote_item_widget.dart' ('lib/widgets/quote_item_widget.dart').
Try correcting the name to the name of an existing getter, or defining a getter or field named 'AppLocalizations'.
                            '${WeatherService.getLocalizedWeatherDescription(AppLocalizations.of(context), quote.weather!)}${quote.temperature != null ? ' ${quote.temperature}' : ''}',
                                                                             ^^^^^^^^^^^^^^^^
lib/widgets/note_filter_sort_sheet.dart:47:40: Error: 'AppLocalizations' isn't a type.
  String _getSortTypeLabel(String key, AppLocalizations l10n) {
                                       ^^^^^^^^^^^^^^^^
lib/widgets/note_filter_sort_sheet.dart:127:18: Error: The getter 'AppLocalizations' isn't defined for the type '_NoteFilterSortSheetState'.
 - '_NoteFilterSortSheetState' is from 'package:thoughtecho/widgets/note_filter_sort_sheet.dart' ('lib/widgets/note_filter_sort_sheet.dart').
Try correcting the name to the name of an existing getter, or defining a getter or field named 'AppLocalizations'.
    final l10n = AppLocalizations.of(context);
                 ^^^^^^^^^^^^^^^^
lib/widgets/note_filter_sort_sheet.dart:298:44: Error: 'AppLocalizations' isn't a type.
  Widget _buildTagsFilter(ThemeData theme, AppLocalizations l10n) {
                                           ^^^^^^^^^^^^^^^^
lib/widgets/note_filter_sort_sheet.dart:374:5: Error: 'AppLocalizations' isn't a type.
    AppLocalizations l10n,
    ^^^^^^^^^^^^^^^^
lib/widgets/note_filter_sort_sheet.dart:501:45: Error: 'AppLocalizations' isn't a type.
  Widget _buildSortOptions(ThemeData theme, AppLocalizations l10n) {
                                            ^^^^^^^^^^^^^^^^
lib/widgets/local_ai/ai_action_buttons.dart:21:18: Error: The getter 'AppLocalizations' isn't defined for the type 'AIActionButtons'.
 - 'AIActionButtons' is from 'package:thoughtecho/widgets/local_ai/ai_action_buttons.dart' ('lib/widgets/local_ai/ai_action_buttons.dart').
Try correcting the name to the name of an existing getter, or defining a getter or field named 'AppLocalizations'.
    final l10n = AppLocalizations.of(context);
                 ^^^^^^^^^^^^^^^^
lib/widgets/local_ai/ai_action_buttons.dart:46:18: Error: The getter 'AppLocalizations' isn't defined for the type 'AIActionButtons'.
 - 'AIActionButtons' is from 'package:thoughtecho/widgets/local_ai/ai_action_buttons.dart' ('lib/widgets/local_ai/ai_action_buttons.dart').
Try correcting the name to the name of an existing getter, or defining a getter or field named 'AppLocalizations'.
    final l10n = AppLocalizations.of(context);
                 ^^^^^^^^^^^^^^^^
lib/widgets/local_ai/ai_action_buttons.dart:66:18: Error: The getter 'AppLocalizations' isn't defined for the type 'AIActionButtons'.
 - 'AIActionButtons' is from 'package:thoughtecho/widgets/local_ai/ai_action_buttons.dart' ('lib/widgets/local_ai/ai_action_buttons.dart').
Try correcting the name to the name of an existing getter, or defining a getter or field named 'AppLocalizations'.
    final l10n = AppLocalizations.of(context);
                 ^^^^^^^^^^^^^^^^
lib/pages/insights_page.dart:43:48: Error: 'AppLocalizations' isn't a type.
  List<Map<String, dynamic>> _getAnalysisTypes(AppLocalizations l10n) {
                                               ^^^^^^^^^^^^^^^^
lib/pages/insights_page.dart:73:49: Error: 'AppLocalizations' isn't a type.
  List<Map<String, dynamic>> _getAnalysisStyles(AppLocalizations l10n) {
                                                ^^^^^^^^^^^^^^^^
lib/pages/insights_page.dart:113:18: Error: The getter 'AppLocalizations' isn't defined for the type '_InsightsPageState'.
 - '_InsightsPageState' is from 'package:thoughtecho/pages/insights_page.dart' ('lib/pages/insights_page.dart').
Try correcting the name to the name of an existing getter, or defining a getter or field named 'AppLocalizations'.
    final l10n = AppLocalizations.of(context);
                 ^^^^^^^^^^^^^^^^
lib/pages/insights_page.dart:155:18: Error: The getter 'AppLocalizations' isn't defined for the type '_InsightsPageState'.
 - '_InsightsPageState' is from 'package:thoughtecho/pages/insights_page.dart' ('lib/pages/insights_page.dart').
Try correcting the name to the name of an existing getter, or defining a getter or field named 'AppLocalizations'.
    final l10n = AppLocalizations.of(context);
                 ^^^^^^^^^^^^^^^^
lib/pages/insights_page.dart:195:18: Error: The getter 'AppLocalizations' isn't defined for the type '_InsightsPageState'.
 - '_InsightsPageState' is from 'package:thoughtecho/pages/insights_page.dart' ('lib/pages/insights_page.dart').
Try correcting the name to the name of an existing getter, or defining a getter or field named 'AppLocalizations'.
    final l10n = AppLocalizations.of(context);
                 ^^^^^^^^^^^^^^^^
lib/pages/insights_page.dart:302:18: Error: The getter 'AppLocalizations' isn't defined for the type '_InsightsPageState'.
 - '_InsightsPageState' is from 'package:thoughtecho/pages/insights_page.dart' ('lib/pages/insights_page.dart').
Try correcting the name to the name of an existing getter, or defining a getter or field named 'AppLocalizations'.
    final l10n = AppLocalizations.of(context);
                 ^^^^^^^^^^^^^^^^
lib/pages/insights_page.dart:343:18: Error: The getter 'AppLocalizations' isn't defined for the type '_InsightsPageState'.
 - '_InsightsPageState' is from 'package:thoughtecho/pages/insights_page.dart' ('lib/pages/insights_page.dart').
Try correcting the name to the name of an existing getter, or defining a getter or field named 'AppLocalizations'.
    final l10n = AppLocalizations.of(context);
                 ^^^^^^^^^^^^^^^^
lib/pages/insights_page.dart:374:18: Error: The getter 'AppLocalizations' isn't defined for the type '_InsightsPageState'.
 - '_InsightsPageState' is from 'package:thoughtecho/pages/insights_page.dart' ('lib/pages/insights_page.dart').
Try correcting the name to the name of an existing getter, or defining a getter or field named 'AppLocalizations'.
    final l10n = AppLocalizations.of(context);
                 ^^^^^^^^^^^^^^^^
lib/pages/insights_page.dart:557:18: Error: The getter 'AppLocalizations' isn't defined for the type '_InsightsPageState'.
 - '_InsightsPageState' is from 'package:thoughtecho/pages/insights_page.dart' ('lib/pages/insights_page.dart').
Try correcting the name to the name of an existing getter, or defining a getter or field named 'AppLocalizations'.
    final l10n = AppLocalizations.of(context);
                 ^^^^^^^^^^^^^^^^
lib/pages/insights_page.dart:609:18: Error: The getter 'AppLocalizations' isn't defined for the type '_InsightsPageState'.
 - '_InsightsPageState' is from 'package:thoughtecho/pages/insights_page.dart' ('lib/pages/insights_page.dart').
Try correcting the name to the name of an existing getter, or defining a getter or field named 'AppLocalizations'.
    final l10n = AppLocalizations.of(context);
                 ^^^^^^^^^^^^^^^^
lib/pages/insights_page.dart:661:18: Error: The getter 'AppLocalizations' isn't defined for the type '_InsightsPageState'.
 - '_InsightsPageState' is from 'package:thoughtecho/pages/insights_page.dart' ('lib/pages/insights_page.dart').
Try correcting the name to the name of an existing getter, or defining a getter or field named 'AppLocalizations'.
    final l10n = AppLocalizations.of(context);
                 ^^^^^^^^^^^^^^^^
lib/pages/insights_page.dart:681:13: Error: The getter 'AppLocalizations' isn't defined for the type '_InsightsPageState'.
 - '_InsightsPageState' is from 'package:thoughtecho/pages/insights_page.dart' ('lib/pages/insights_page.dart').
Try correcting the name to the name of an existing getter, or defining a getter or field named 'AppLocalizations'.
            AppLocalizations.of(context),
            ^^^^^^^^^^^^^^^^
lib/pages/insights_page.dart:708:44: Error: The getter 'AppLocalizations' isn't defined for the type '_InsightsPageState'.
 - '_InsightsPageState' is from 'package:thoughtecho/pages/insights_page.dart' ('lib/pages/insights_page.dart').
Try correcting the name to the name of an existing getter, or defining a getter or field named 'AppLocalizations'.
              children: _getAnalysisStyles(AppLocalizations.of(context)).map((
                                           ^^^^^^^^^^^^^^^^
lib/pages/insights_page.dart:1055:18: Error: The getter 'AppLocalizations' isn't defined for the type '_InsightsPageState'.
 - '_InsightsPageState' is from 'package:thoughtecho/pages/insights_page.dart' ('lib/pages/insights_page.dart').
Try correcting the name to the name of an existing getter, or defining a getter or field named 'AppLocalizations'.
    final l10n = AppLocalizations.of(context);
                 ^^^^^^^^^^^^^^^^
lib/pages/insights_page.dart:1262:18: Error: The getter 'AppLocalizations' isn't defined for the type '_InsightsPageState'.
 - '_InsightsPageState' is from 'package:thoughtecho/pages/insights_page.dart' ('lib/pages/insights_page.dart').
Try correcting the name to the name of an existing getter, or defining a getter or field named 'AppLocalizations'.
    final l10n = AppLocalizations.of(context);
                 ^^^^^^^^^^^^^^^^
lib/pages/ai_periodic_report_page.dart:165:22: Error: The getter 'AppLocalizations' isn't defined for the type '_AIPeriodicReportPageState'.
 - '_AIPeriodicReportPageState' is from 'package:thoughtecho/pages/ai_periodic_report_page.dart' ('lib/pages/ai_periodic_report_page.dart').
Try correcting the name to the name of an existing getter, or defining a getter or field named 'AppLocalizations'.
        final l10n = AppLocalizations.of(context);
                     ^^^^^^^^^^^^^^^^
lib/pages/ai_periodic_report_page.dart:178:18: Error: The getter 'AppLocalizations' isn't defined for the type '_AIPeriodicReportPageState'.
 - '_AIPeriodicReportPageState' is from 'package:thoughtecho/pages/ai_periodic_report_page.dart' ('lib/pages/ai_periodic_report_page.dart').
Try correcting the name to the name of an existing getter, or defining a getter or field named 'AppLocalizations'.
    final l10n = AppLocalizations.of(context);
                 ^^^^^^^^^^^^^^^^
lib/pages/ai_periodic_report_page.dart:323:18: Error: The getter 'AppLocalizations' isn't defined for the type '_AIPeriodicReportPageState'.
 - '_AIPeriodicReportPageState' is from 'package:thoughtecho/pages/ai_periodic_report_page.dart' ('lib/pages/ai_periodic_report_page.dart').
Try correcting the name to the name of an existing getter, or defining a getter or field named 'AppLocalizations'.
    final l10n = AppLocalizations.of(context);
                 ^^^^^^^^^^^^^^^^
lib/pages/ai_periodic_report_page.dart:544:5: Error: 'AppLocalizations' isn't a type.
    AppLocalizations l10n, {
    ^^^^^^^^^^^^^^^^
lib/pages/ai_periodic_report_page.dart:611:20: Error: The getter 'AppLocalizations' isn't defined for the type '_AIPeriodicReportPageState'.
 - '_AIPeriodicReportPageState' is from 'package:thoughtecho/pages/ai_periodic_report_page.dart' ('lib/pages/ai_periodic_report_page.dart').
Try correcting the name to the name of an existing getter, or defining a getter or field named 'AppLocalizations'.
        brandName: AppLocalizations.of(context).appTitle,
                   ^^^^^^^^^^^^^^^^
lib/pages/ai_periodic_report_page.dart:625:22: Error: The getter 'AppLocalizations' isn't defined for the type '_AIPeriodicReportPageState'.
 - '_AIPeriodicReportPageState' is from 'package:thoughtecho/pages/ai_periodic_report_page.dart' ('lib/pages/ai_periodic_report_page.dart').
Try correcting the name to the name of an existing getter, or defining a getter or field named 'AppLocalizations'.
        final l10n = AppLocalizations.of(context);
                     ^^^^^^^^^^^^^^^^
lib/pages/ai_periodic_report_page.dart:657:20: Error: The getter 'AppLocalizations' isn't defined for the type '_AIPeriodicReportPageState'.
 - '_AIPeriodicReportPageState' is from 'package:thoughtecho/pages/ai_periodic_report_page.dart' ('lib/pages/ai_periodic_report_page.dart').
Try correcting the name to the name of an existing getter, or defining a getter or field named 'AppLocalizations'.
        brandName: AppLocalizations.of(context).appTitle,
                   ^^^^^^^^^^^^^^^^
lib/pages/ai_periodic_report_page.dart:671:22: Error: The getter 'AppLocalizations' isn't defined for the type '_AIPeriodicReportPageState'.
 - '_AIPeriodicReportPageState' is from 'package:thoughtecho/pages/ai_periodic_report_page.dart' ('lib/pages/ai_periodic_report_page.dart').
Try correcting the name to the name of an existing getter, or defining a getter or field named 'AppLocalizations'.
        final l10n = AppLocalizations.of(context);
                     ^^^^^^^^^^^^^^^^
lib/pages/ai_periodic_report_page.dart:719:25: Error: 'AppLocalizations' isn't a type.
  String _getPeriodName(AppLocalizations l10n) {
                        ^^^^^^^^^^^^^^^^
lib/pages/ai_periodic_report_page.dart:732:28: Error: 'AppLocalizations' isn't a type.
  String _getDateRangeText(AppLocalizations l10n) {
                           ^^^^^^^^^^^^^^^^
lib/pages/ai_periodic_report_page.dart:754:18: Error: The getter 'AppLocalizations' isn't defined for the type '_AIPeriodicReportPageState'.
 - '_AIPeriodicReportPageState' is from 'package:thoughtecho/pages/ai_periodic_report_page.dart' ('lib/pages/ai_periodic_report_page.dart').
Try correcting the name to the name of an existing getter, or defining a getter or field named 'AppLocalizations'.
    final l10n = AppLocalizations.of(context);
                 ^^^^^^^^^^^^^^^^
lib/pages/ai_periodic_report_page.dart:891:18: Error: The getter 'AppLocalizations' isn't defined for the type '_AIPeriodicReportPageState'.
 - '_AIPeriodicReportPageState' is from 'package:thoughtecho/pages/ai_periodic_report_page.dart' ('lib/pages/ai_periodic_report_page.dart').
Try correcting the name to the name of an existing getter, or defining a getter or field named 'AppLocalizations'.
    final l10n = AppLocalizations.of(context);
                 ^^^^^^^^^^^^^^^^
lib/pages/ai_periodic_report_page.dart:928:18: Error: The getter 'AppLocalizations' isn't defined for the type '_AIPeriodicReportPageState'.
 - '_AIPeriodicReportPageState' is from 'package:thoughtecho/pages/ai_periodic_report_page.dart' ('lib/pages/ai_periodic_report_page.dart').
Try correcting the name to the name of an existing getter, or defining a getter or field named 'AppLocalizations'.
    final l10n = AppLocalizations.of(context);
                 ^^^^^^^^^^^^^^^^
lib/pages/ai_periodic_report_page.dart:1074:18: Error: The getter 'AppLocalizations' isn't defined for the type '_AIPeriodicReportPageState'.
 - '_AIPeriodicReportPageState' is from 'package:thoughtecho/pages/ai_periodic_report_page.dart' ('lib/pages/ai_periodic_report_page.dart').
Try correcting the name to the name of an existing getter, or defining a getter or field named 'AppLocalizations'.
    final l10n = AppLocalizations.of(context);
                 ^^^^^^^^^^^^^^^^
lib/pages/ai_periodic_report_page.dart:1349:18: Error: The getter 'AppLocalizations' isn't defined for the type '_AIPeriodicReportPageState'.
 - '_AIPeriodicReportPageState' is from 'package:thoughtecho/pages/ai_periodic_report_page.dart' ('lib/pages/ai_periodic_report_page.dart').
Try correcting the name to the name of an existing getter, or defining a getter or field named 'AppLocalizations'.
    final l10n = AppLocalizations.of(context);
                 ^^^^^^^^^^^^^^^^
lib/pages/ai_periodic_report_page.dart:1538:18: Error: The getter 'AppLocalizations' isn't defined for the type '_AIPeriodicReportPageState'.
 - '_AIPeriodicReportPageState' is from 'package:thoughtecho/pages/ai_periodic_report_page.dart' ('lib/pages/ai_periodic_report_page.dart').
Try correcting the name to the name of an existing getter, or defining a getter or field named 'AppLocalizations'.
    final l10n = AppLocalizations.of(context);
                 ^^^^^^^^^^^^^^^^
lib/pages/ai_periodic_report_page.dart:1868:18: Error: The getter 'AppLocalizations' isn't defined for the type '_AIPeriodicReportPageState'.
 - '_AIPeriodicReportPageState' is from 'package:thoughtecho/pages/ai_periodic_report_page.dart' ('lib/pages/ai_periodic_report_page.dart').
Try correcting the name to the name of an existing getter, or defining a getter or field named 'AppLocalizations'.
    final l10n = AppLocalizations.of(context);
                 ^^^^^^^^^^^^^^^^
lib/pages/ai_periodic_report_page.dart:1967:18: Error: The getter 'AppLocalizations' isn't defined for the type '_AIPeriodicReportPageState'.
 - '_AIPeriodicReportPageState' is from 'package:thoughtecho/pages/ai_periodic_report_page.dart' ('lib/pages/ai_periodic_report_page.dart').
Try correcting the name to the name of an existing getter, or defining a getter or field named 'AppLocalizations'.
    final l10n = AppLocalizations.of(context);
                 ^^^^^^^^^^^^^^^^
lib/pages/ai_periodic_report_page.dart:2057:18: Error: The getter 'AppLocalizations' isn't defined for the type '_AIPeriodicReportPageState'.
 - '_AIPeriodicReportPageState' is from 'package:thoughtecho/pages/ai_periodic_report_page.dart' ('lib/pages/ai_periodic_report_page.dart').
Try correcting the name to the name of an existing getter, or defining a getter or field named 'AppLocalizations'.
    final l10n = AppLocalizations.of(context);
                 ^^^^^^^^^^^^^^^^
lib/pages/ai_periodic_report_page.dart:2245:18: Error: The getter 'AppLocalizations' isn't defined for the type '_AIPeriodicReportPageState'.
 - '_AIPeriodicReportPageState' is from 'package:thoughtecho/pages/ai_periodic_report_page.dart' ('lib/pages/ai_periodic_report_page.dart').
Try correcting the name to the name of an existing getter, or defining a getter or field named 'AppLocalizations'.
    final l10n = AppLocalizations.of(context);
                 ^^^^^^^^^^^^^^^^
lib/pages/ai_periodic_report_page.dart:2309:18: Error: The getter 'AppLocalizations' isn't defined for the type '_AIPeriodicReportPageState'.
 - '_AIPeriodicReportPageState' is from 'package:thoughtecho/pages/ai_periodic_report_page.dart' ('lib/pages/ai_periodic_report_page.dart').
Try correcting the name to the name of an existing getter, or defining a getter or field named 'AppLocalizations'.
    final l10n = AppLocalizations.of(context);
                 ^^^^^^^^^^^^^^^^
lib/pages/ai_periodic_report_page.dart:2478:22: Error: The getter 'AppLocalizations' isn't defined for the type '_AIPeriodicReportPageState'.
 - '_AIPeriodicReportPageState' is from 'package:thoughtecho/pages/ai_periodic_report_page.dart' ('lib/pages/ai_periodic_report_page.dart').
Try correcting the name to the name of an existing getter, or defining a getter or field named 'AppLocalizations'.
          brandName: AppLocalizations.of(context).appTitle,
                     ^^^^^^^^^^^^^^^^
lib/pages/ai_periodic_report_page.dart:2514:18: Error: The getter 'AppLocalizations' isn't defined for the type '_AIPeriodicReportPageState'.
 - '_AIPeriodicReportPageState' is from 'package:thoughtecho/pages/ai_periodic_report_page.dart' ('lib/pages/ai_periodic_report_page.dart').
Try correcting the name to the name of an existing getter, or defining a getter or field named 'AppLocalizations'.
    final l10n = AppLocalizations.of(context);
                 ^^^^^^^^^^^^^^^^
lib/pages/ai_periodic_report_page.dart:2601:18: Error: The getter 'AppLocalizations' isn't defined for the type '_AIPeriodicReportPageState'.
 - '_AIPeriodicReportPageState' is from 'package:thoughtecho/pages/ai_periodic_report_page.dart' ('lib/pages/ai_periodic_report_page.dart').
Try correcting the name to the name of an existing getter, or defining a getter or field named 'AppLocalizations'.
    final l10n = AppLocalizations.of(context);
                 ^^^^^^^^^^^^^^^^
lib/pages/ai_settings_page.dart:59:43: Error: 'AppLocalizations' isn't a type.
  List<Map<String, String>> _getAiPresets(AppLocalizations l10n) {
                                          ^^^^^^^^^^^^^^^^
lib/pages/ai_settings_page.dart:130:18: Error: The getter 'AppLocalizations' isn't defined for the type '_AISettingsPageState'.
 - '_AISettingsPageState' is from 'package:thoughtecho/pages/ai_settings_page.dart' ('lib/pages/ai_settings_page.dart').
Try correcting the name to the name of an existing getter, or defining a getter or field named 'AppLocalizations'.
    final l10n = AppLocalizations.of(context);
                 ^^^^^^^^^^^^^^^^
lib/pages/ai_settings_page.dart:139:18: Error: The getter 'AppLocalizations' isn't defined for the type '_AISettingsPageState'.
 - '_AISettingsPageState' is from 'package:thoughtecho/pages/ai_settings_page.dart' ('lib/pages/ai_settings_page.dart').
Try correcting the name to the name of an existing getter, or defining a getter or field named 'AppLocalizations'.
    final l10n = AppLocalizations.of(context);
                 ^^^^^^^^^^^^^^^^
lib/pages/ai_settings_page.dart:158:18: Error: The getter 'AppLocalizations' isn't defined for the type '_AISettingsPageState'.
 - '_AISettingsPageState' is from 'package:thoughtecho/pages/ai_settings_page.dart' ('lib/pages/ai_settings_page.dart').
Try correcting the name to the name of an existing getter, or defining a getter or field named 'AppLocalizations'.
    final l10n = AppLocalizations.of(context);
                 ^^^^^^^^^^^^^^^^
lib/pages/ai_settings_page.dart:203:18: Error: The getter 'AppLocalizations' isn't defined for the type '_AISettingsPageState'.
 - '_AISettingsPageState' is from 'package:thoughtecho/pages/ai_settings_page.dart' ('lib/pages/ai_settings_page.dart').
Try correcting the name to the name of an existing getter, or defining a getter or field named 'AppLocalizations'.
    final l10n = AppLocalizations.of(context);
                 ^^^^^^^^^^^^^^^^
lib/pages/ai_settings_page.dart:253:18: Error: The getter 'AppLocalizations' isn't defined for the type '_AISettingsPageState'.
 - '_AISettingsPageState' is from 'package:thoughtecho/pages/ai_settings_page.dart' ('lib/pages/ai_settings_page.dart').
Try correcting the name to the name of an existing getter, or defining a getter or field named 'AppLocalizations'.
    final l10n = AppLocalizations.of(context);
                 ^^^^^^^^^^^^^^^^
lib/pages/ai_settings_page.dart:295:18: Error: The getter 'AppLocalizations' isn't defined for the type '_AISettingsPageState'.
 - '_AISettingsPageState' is from 'package:thoughtecho/pages/ai_settings_page.dart' ('lib/pages/ai_settings_page.dart').
Try correcting the name to the name of an existing getter, or defining a getter or field named 'AppLocalizations'.
    final l10n = AppLocalizations.of(context);
                 ^^^^^^^^^^^^^^^^
lib/pages/ai_settings_page.dart:351:18: Error: The getter 'AppLocalizations' isn't defined for the type '_AISettingsPageState'.
 - '_AISettingsPageState' is from 'package:thoughtecho/pages/ai_settings_page.dart' ('lib/pages/ai_settings_page.dart').
Try correcting the name to the name of an existing getter, or defining a getter or field named 'AppLocalizations'.
    final l10n = AppLocalizations.of(context);
                 ^^^^^^^^^^^^^^^^
lib/pages/ai_settings_page.dart:399:18: Error: The getter 'AppLocalizations' isn't defined for the type '_AISettingsPageState'.
 - '_AISettingsPageState' is from 'package:thoughtecho/pages/ai_settings_page.dart' ('lib/pages/ai_settings_page.dart').
Try correcting the name to the name of an existing getter, or defining a getter or field named 'AppLocalizations'.
    final l10n = AppLocalizations.of(context);
                 ^^^^^^^^^^^^^^^^
lib/pages/ai_settings_page.dart:444:18: Error: The getter 'AppLocalizations' isn't defined for the type '_AISettingsPageState'.
 - '_AISettingsPageState' is from 'package:thoughtecho/pages/ai_settings_page.dart' ('lib/pages/ai_settings_page.dart').
Try correcting the name to the name of an existing getter, or defining a getter or field named 'AppLocalizations'.
    final l10n = AppLocalizations.of(context);
                 ^^^^^^^^^^^^^^^^
lib/pages/ai_settings_page.dart:476:18: Error: The getter 'AppLocalizations' isn't defined for the type '_AISettingsPageState'.
 - '_AISettingsPageState' is from 'package:thoughtecho/pages/ai_settings_page.dart' ('lib/pages/ai_settings_page.dart').
Try correcting the name to the name of an existing getter, or defining a getter or field named 'AppLocalizations'.
    final l10n = AppLocalizations.of(context);
                 ^^^^^^^^^^^^^^^^
lib/pages/ai_settings_page.dart:526:18: Error: The getter 'AppLocalizations' isn't defined for the type '_AISettingsPageState'.
 - '_AISettingsPageState' is from 'package:thoughtecho/pages/ai_settings_page.dart' ('lib/pages/ai_settings_page.dart').
Try correcting the name to the name of an existing getter, or defining a getter or field named 'AppLocalizations'.
    final l10n = AppLocalizations.of(context);
                 ^^^^^^^^^^^^^^^^
lib/pages/ai_settings_page.dart:591:18: Error: The getter 'AppLocalizations' isn't defined for the type '_AISettingsPageState'.
 - '_AISettingsPageState' is from 'package:thoughtecho/pages/ai_settings_page.dart' ('lib/pages/ai_settings_page.dart').
Try correcting the name to the name of an existing getter, or defining a getter or field named 'AppLocalizations'.
    final l10n = AppLocalizations.of(context);
                 ^^^^^^^^^^^^^^^^
lib/pages/ai_settings_page.dart:603:18: Error: The getter 'AppLocalizations' isn't defined for the type '_AISettingsPageState'.
 - '_AISettingsPageState' is from 'package:thoughtecho/pages/ai_settings_page.dart' ('lib/pages/ai_settings_page.dart').
Try correcting the name to the name of an existing getter, or defining a getter or field named 'AppLocalizations'.
    final l10n = AppLocalizations.of(context);
                 ^^^^^^^^^^^^^^^^
lib/pages/ai_settings_page.dart:658:18: Error: The getter 'AppLocalizations' isn't defined for the type '_AISettingsPageState'.
 - '_AISettingsPageState' is from 'package:thoughtecho/pages/ai_settings_page.dart' ('lib/pages/ai_settings_page.dart').
Try correcting the name to the name of an existing getter, or defining a getter or field named 'AppLocalizations'.
    final l10n = AppLocalizations.of(context);
                 ^^^^^^^^^^^^^^^^
lib/pages/ai_settings_page.dart:738:18: Error: The getter 'AppLocalizations' isn't defined for the type '_AISettingsPageState'.
 - '_AISettingsPageState' is from 'package:thoughtecho/pages/ai_settings_page.dart' ('lib/pages/ai_settings_page.dart').
Try correcting the name to the name of an existing getter, or defining a getter or field named 'AppLocalizations'.
    final l10n = AppLocalizations.of(context);
                 ^^^^^^^^^^^^^^^^
lib/pages/ai_settings_page.dart:802:18: Error: The getter 'AppLocalizations' isn't defined for the type '_AISettingsPageState'.
 - '_AISettingsPageState' is from 'package:thoughtecho/pages/ai_settings_page.dart' ('lib/pages/ai_settings_page.dart').
Try correcting the name to the name of an existing getter, or defining a getter or field named 'AppLocalizations'.
    final l10n = AppLocalizations.of(context);
                 ^^^^^^^^^^^^^^^^
lib/pages/ai_settings_page.dart:944:18: Error: The getter 'AppLocalizations' isn't defined for the type '_AISettingsPageState'.
 - '_AISettingsPageState' is from 'package:thoughtecho/pages/ai_settings_page.dart' ('lib/pages/ai_settings_page.dart').
Try correcting the name to the name of an existing getter, or defining a getter or field named 'AppLocalizations'.
    final l10n = AppLocalizations.of(context);
                 ^^^^^^^^^^^^^^^^
lib/pages/hitokoto_settings_page.dart:57:18: Error: The getter 'AppLocalizations' isn't defined for the type '_HitokotoSettingsPageState'.
 - '_HitokotoSettingsPageState' is from 'package:thoughtecho/pages/hitokoto_settings_page.dart' ('lib/pages/hitokoto_settings_page.dart').
Try correcting the name to the name of an existing getter, or defining a getter or field named 'AppLocalizations'.
    final l10n = AppLocalizations.of(context);
                 ^^^^^^^^^^^^^^^^
lib/pages/hitokoto_settings_page.dart:88:18: Error: The getter 'AppLocalizations' isn't defined for the type '_HitokotoSettingsPageState'.
 - '_HitokotoSettingsPageState' is from 'package:thoughtecho/pages/hitokoto_settings_page.dart' ('lib/pages/hitokoto_settings_page.dart').
Try correcting the name to the name of an existing getter, or defining a getter or field named 'AppLocalizations'.
    final l10n = AppLocalizations.of(context);
                 ^^^^^^^^^^^^^^^^
lib/pages/hitokoto_settings_page.dart:455:54: Error: 'AppLocalizations' isn't a type.
  List<Widget> _buildHelpItems(BuildContext context, AppLocalizations l10n) {
                                                     ^^^^^^^^^^^^^^^^
lib/pages/theme_settings_page.dart:66:18: Error: The getter 'AppLocalizations' isn't defined for the type '_ThemeSettingsPageState'.
 - '_ThemeSettingsPageState' is from 'package:thoughtecho/pages/theme_settings_page.dart' ('lib/pages/theme_settings_page.dart').
Try correcting the name to the name of an existing getter, or defining a getter or field named 'AppLocalizations'.
    final l10n = AppLocalizations.of(context);
                 ^^^^^^^^^^^^^^^^
lib/pages/logs_settings_page.dart:14:18: Error: The getter 'AppLocalizations' isn't defined for the type 'LogsSettingsPage'.
 - 'LogsSettingsPage' is from 'package:thoughtecho/pages/logs_settings_page.dart' ('lib/pages/logs_settings_page.dart').
Try correcting the name to the name of an existing getter, or defining a getter or field named 'AppLocalizations'.
    final l10n = AppLocalizations.of(context);
                 ^^^^^^^^^^^^^^^^
lib/pages/note_sync_page.dart:168:22: Error: The getter 'AppLocalizations' isn't defined for the type '_NoteSyncPageState'.
 - '_NoteSyncPageState' is from 'package:thoughtecho/pages/note_sync_page.dart' ('lib/pages/note_sync_page.dart').
Try correcting the name to the name of an existing getter, or defining a getter or field named 'AppLocalizations'.
        final l10n = AppLocalizations.of(context);
                     ^^^^^^^^^^^^^^^^
lib/pages/note_sync_page.dart:215:22: Error: The getter 'AppLocalizations' isn't defined for the type '_NoteSyncPageState'.
 - '_NoteSyncPageState' is from 'package:thoughtecho/pages/note_sync_page.dart' ('lib/pages/note_sync_page.dart').
Try correcting the name to the name of an existing getter, or defining a getter or field named 'AppLocalizations'.
        final l10n = AppLocalizations.of(context);
                     ^^^^^^^^^^^^^^^^
lib/pages/note_sync_page.dart:273:18: Error: The getter 'AppLocalizations' isn't defined for the type '_NoteSyncPageState'.
 - '_NoteSyncPageState' is from 'package:thoughtecho/pages/note_sync_page.dart' ('lib/pages/note_sync_page.dart').
Try correcting the name to the name of an existing getter, or defining a getter or field named 'AppLocalizations'.
    final l10n = AppLocalizations.of(context);
                 ^^^^^^^^^^^^^^^^
lib/pages/note_sync_page.dart:343:18: Error: The getter 'AppLocalizations' isn't defined for the type '_NoteSyncPageState'.
 - '_NoteSyncPageState' is from 'package:thoughtecho/pages/note_sync_page.dart' ('lib/pages/note_sync_page.dart').
Try correcting the name to the name of an existing getter, or defining a getter or field named 'AppLocalizations'.
    final l10n = AppLocalizations.of(context);
                 ^^^^^^^^^^^^^^^^
lib/pages/note_sync_page.dart:414:24: Error: The getter 'AppLocalizations' isn't defined for the type '_NoteSyncPageState'.
 - '_NoteSyncPageState' is from 'package:thoughtecho/pages/note_sync_page.dart' ('lib/pages/note_sync_page.dart').
Try correcting the name to the name of an existing getter, or defining a getter or field named 'AppLocalizations'.
          final l10n = AppLocalizations.of(context);
                       ^^^^^^^^^^^^^^^^
lib/pages/note_sync_page.dart:450:22: Error: The getter 'AppLocalizations' isn't defined for the type '_NoteSyncPageState'.
 - '_NoteSyncPageState' is from 'package:thoughtecho/pages/note_sync_page.dart' ('lib/pages/note_sync_page.dart').
Try correcting the name to the name of an existing getter, or defining a getter or field named 'AppLocalizations'.
        final l10n = AppLocalizations.of(context);
                     ^^^^^^^^^^^^^^^^
lib/pages/note_sync_page.dart:474:20: Error: The getter 'AppLocalizations' isn't defined for the type '_NoteSyncPageState'.
 - '_NoteSyncPageState' is from 'package:thoughtecho/pages/note_sync_page.dart' ('lib/pages/note_sync_page.dart').
Try correcting the name to the name of an existing getter, or defining a getter or field named 'AppLocalizations'.
      final l10n = AppLocalizations.of(context);
                   ^^^^^^^^^^^^^^^^
lib/pages/note_sync_page.dart:490:18: Error: The getter 'AppLocalizations' isn't defined for the type '_NoteSyncPageState'.
 - '_NoteSyncPageState' is from 'package:thoughtecho/pages/note_sync_page.dart' ('lib/pages/note_sync_page.dart').
Try correcting the name to the name of an existing getter, or defining a getter or field named 'AppLocalizations'.
    final l10n = AppLocalizations.of(context);
                 ^^^^^^^^^^^^^^^^
lib/pages/note_sync_page.dart:603:18: Error: The getter 'AppLocalizations' isn't defined for the type '_NoteSyncPageState'.
 - '_NoteSyncPageState' is from 'package:thoughtecho/pages/note_sync_page.dart' ('lib/pages/note_sync_page.dart').
Try correcting the name to the name of an existing getter, or defining a getter or field named 'AppLocalizations'.
    final l10n = AppLocalizations.of(context);
                 ^^^^^^^^^^^^^^^^
lib/pages/note_sync_page.dart:942:18: Error: The getter 'AppLocalizations' isn't defined for the type '_NoteSyncPageState'.
 - '_NoteSyncPageState' is from 'package:thoughtecho/pages/note_sync_page.dart' ('lib/pages/note_sync_page.dart').
Try correcting the name to the name of an existing getter, or defining a getter or field named 'AppLocalizations'.
    final l10n = AppLocalizations.of(context);
                 ^^^^^^^^^^^^^^^^
lib/pages/note_sync_page.dart:1251:20: Error: The getter 'AppLocalizations' isn't defined for the type '_NoteSyncPageState'.
 - '_NoteSyncPageState' is from 'package:thoughtecho/pages/note_sync_page.dart' ('lib/pages/note_sync_page.dart').
Try correcting the name to the name of an existing getter, or defining a getter or field named 'AppLocalizations'.
      final l10n = AppLocalizations.of(context);
                   ^^^^^^^^^^^^^^^^
lib/pages/note_sync_page.dart:1275:54: Error: 'AppLocalizations' isn't a type.
  String _localizeProgressMessage(String rawMessage, AppLocalizations l10n) {
                                                     ^^^^^^^^^^^^^^^^
lib/pages/note_sync_page.dart:1305:48: Error: 'AppLocalizations' isn't a type.
  String _getSyncStatusText(SyncStatus status, AppLocalizations l10n) {
                                               ^^^^^^^^^^^^^^^^
lib/pages/note_sync_page.dart:1355:22: Error: The getter 'AppLocalizations' isn't defined for the type '_NoteSyncPageState'.
 - '_NoteSyncPageState' is from 'package:thoughtecho/pages/note_sync_page.dart' ('lib/pages/note_sync_page.dart').
Try correcting the name to the name of an existing getter, or defining a getter or field named 'AppLocalizations'.
        final l10n = AppLocalizations.of(context);
                     ^^^^^^^^^^^^^^^^
lib/pages/note_sync_page.dart:1396:18: Error: The getter 'AppLocalizations' isn't defined for the type '_NoteSyncPageState'.
 - '_NoteSyncPageState' is from 'package:thoughtecho/pages/note_sync_page.dart' ('lib/pages/note_sync_page.dart').
Try correcting the name to the name of an existing getter, or defining a getter or field named 'AppLocalizations'.
    final l10n = AppLocalizations.of(context);
                 ^^^^^^^^^^^^^^^^
lib/widgets/city_search_widget.dart:121:18: Error: The getter 'AppLocalizations' isn't defined for the type '_CitySearchWidgetState'.
 - '_CitySearchWidgetState' is from 'package:thoughtecho/widgets/city_search_widget.dart' ('lib/widgets/city_search_widget.dart').
Try correcting the name to the name of an existing getter, or defining a getter or field named 'AppLocalizations'.
    final l10n = AppLocalizations.of(context);
                 ^^^^^^^^^^^^^^^^
lib/widgets/city_search_widget.dart:160:80: Error: The getter 'AppLocalizations' isn't defined for the type '_CitySearchWidgetState'.
 - '_CitySearchWidgetState' is from 'package:thoughtecho/widgets/city_search_widget.dart' ('lib/widgets/city_search_widget.dart').
Try correcting the name to the name of an existing getter, or defining a getter or field named 'AppLocalizations'.
                            : '${WeatherService.getLocalizedWeatherDescription(AppLocalizations.of(context), weatherService.currentWeather ?? 'unknown')} ${weatherService.temperature ?? ""}'),
                                                                               ^^^^^^^^^^^^^^^^
lib/widgets/city_search_widget.dart:222:29: Error: The getter 'AppLocalizations' isn't defined for the type '_CitySearchWidgetState'.
 - '_CitySearchWidgetState' is from 'package:thoughtecho/widgets/city_search_widget.dart' ('lib/widgets/city_search_widget.dart').
Try correcting the name to the name of an existing getter, or defining a getter or field named 'AppLocalizations'.
                  hintText: AppLocalizations.of(context).searchCity,
                            ^^^^^^^^^^^^^^^^
lib/widgets/city_search_widget.dart:362:5: Error: 'AppLocalizations' isn't a type.
    AppLocalizations l10n,
    ^^^^^^^^^^^^^^^^
lib/pages/category_settings_page.dart:32:18: Error: The getter 'AppLocalizations' isn't defined for the type '_CategorySettingsPageState'.
 - '_CategorySettingsPageState' is from 'package:thoughtecho/pages/category_settings_page.dart' ('lib/pages/category_settings_page.dart').
Try correcting the name to the name of an existing getter, or defining a getter or field named 'AppLocalizations'.
    final l10n = AppLocalizations.of(context);
                 ^^^^^^^^^^^^^^^^
lib/pages/category_settings_page.dart:274:18: Error: The getter 'AppLocalizations' isn't defined for the type '_CategorySettingsPageState'.
 - '_CategorySettingsPageState' is from 'package:thoughtecho/pages/category_settings_page.dart' ('lib/pages/category_settings_page.dart').
Try correcting the name to the name of an existing getter, or defining a getter or field named 'AppLocalizations'.
    final l10n = AppLocalizations.of(context);
                 ^^^^^^^^^^^^^^^^
lib/pages/category_settings_page.dart:575:18: Error: The getter 'AppLocalizations' isn't defined for the type '_CategorySettingsPageState'.
 - '_CategorySettingsPageState' is from 'package:thoughtecho/pages/category_settings_page.dart' ('lib/pages/category_settings_page.dart').
Try correcting the name to the name of an existing getter, or defining a getter or field named 'AppLocalizations'.
    final l10n = AppLocalizations.of(context);
                 ^^^^^^^^^^^^^^^^
lib/pages/category_settings_page.dart:650:18: Error: The getter 'AppLocalizations' isn't defined for the type '_CategorySettingsPageState'.
 - '_CategorySettingsPageState' is from 'package:thoughtecho/pages/category_settings_page.dart' ('lib/pages/category_settings_page.dart').
Try correcting the name to the name of an existing getter, or defining a getter or field named 'AppLocalizations'.
    final l10n = AppLocalizations.of(context);
                 ^^^^^^^^^^^^^^^^
lib/pages/category_settings_page.dart:756:18: Error: The getter 'AppLocalizations' isn't defined for the type '_CategorySettingsPageState'.
 - '_CategorySettingsPageState' is from 'package:thoughtecho/pages/category_settings_page.dart' ('lib/pages/category_settings_page.dart').
Try correcting the name to the name of an existing getter, or defining a getter or field named 'AppLocalizations'.
    final l10n = AppLocalizations.of(context);
                 ^^^^^^^^^^^^^^^^
lib/pages/category_settings_page.dart:823:18: Error: The getter 'AppLocalizations' isn't defined for the type '_IconSelectorDialogState'.
 - '_IconSelectorDialogState' is from 'package:thoughtecho/pages/category_settings_page.dart' ('lib/pages/category_settings_page.dart').
Try correcting the name to the name of an existing getter, or defining a getter or field named 'AppLocalizations'.
    final l10n = AppLocalizations.of(context);
                 ^^^^^^^^^^^^^^^^
lib/pages/category_settings_page.dart:844:18: Error: The getter 'AppLocalizations' isn't defined for the type '_IconSelectorDialogState'.
 - '_IconSelectorDialogState' is from 'package:thoughtecho/pages/category_settings_page.dart' ('lib/pages/category_settings_page.dart').
Try correcting the name to the name of an existing getter, or defining a getter or field named 'AppLocalizations'.
    final l10n = AppLocalizations.of(context);
                 ^^^^^^^^^^^^^^^^
lib/pages/annual_report_page.dart:88:18: Error: The getter 'AppLocalizations' isn't defined for the type '_AnnualReportPageState'.
 - '_AnnualReportPageState' is from 'package:thoughtecho/pages/annual_report_page.dart' ('lib/pages/annual_report_page.dart').
Try correcting the name to the name of an existing getter, or defining a getter or field named 'AppLocalizations'.
    final l10n = AppLocalizations.of(context);
                 ^^^^^^^^^^^^^^^^
lib/pages/annual_report_page.dart:206:18: Error: The getter 'AppLocalizations' isn't defined for the type '_AnnualReportPageState'.
 - '_AnnualReportPageState' is from 'package:thoughtecho/pages/annual_report_page.dart' ('lib/pages/annual_report_page.dart').
Try correcting the name to the name of an existing getter, or defining a getter or field named 'AppLocalizations'.
    final l10n = AppLocalizations.of(context);
                 ^^^^^^^^^^^^^^^^
lib/pages/annual_report_page.dart:450:18: Error: The getter 'AppLocalizations' isn't defined for the type '_AnnualReportPageState'.
 - '_AnnualReportPageState' is from 'package:thoughtecho/pages/annual_report_page.dart' ('lib/pages/annual_report_page.dart').
Try correcting the name to the name of an existing getter, or defining a getter or field named 'AppLocalizations'.
    final l10n = AppLocalizations.of(context);
                 ^^^^^^^^^^^^^^^^
lib/pages/annual_report_page.dart:581:18: Error: The getter 'AppLocalizations' isn't defined for the type '_AnnualReportPageState'.
 - '_AnnualReportPageState' is from 'package:thoughtecho/pages/annual_report_page.dart' ('lib/pages/annual_report_page.dart').
Try correcting the name to the name of an existing getter, or defining a getter or field named 'AppLocalizations'.
    final l10n = AppLocalizations.of(context);
                 ^^^^^^^^^^^^^^^^
lib/pages/annual_report_page.dart:683:18: Error: The getter 'AppLocalizations' isn't defined for the type '_AnnualReportPageState'.
 - '_AnnualReportPageState' is from 'package:thoughtecho/pages/annual_report_page.dart' ('lib/pages/annual_report_page.dart').
Try correcting the name to the name of an existing getter, or defining a getter or field named 'AppLocalizations'.
    final l10n = AppLocalizations.of(context);
                 ^^^^^^^^^^^^^^^^
lib/pages/annual_report_page.dart:798:18: Error: The getter 'AppLocalizations' isn't defined for the type '_AnnualReportPageState'.
 - '_AnnualReportPageState' is from 'package:thoughtecho/pages/annual_report_page.dart' ('lib/pages/annual_report_page.dart').
Try correcting the name to the name of an existing getter, or defining a getter or field named 'AppLocalizations'.
    final l10n = AppLocalizations.of(context);
                 ^^^^^^^^^^^^^^^^
lib/pages/annual_report_page.dart:935:18: Error: The getter 'AppLocalizations' isn't defined for the type '_AnnualReportPageState'.
 - '_AnnualReportPageState' is from 'package:thoughtecho/pages/annual_report_page.dart' ('lib/pages/annual_report_page.dart').
Try correcting the name to the name of an existing getter, or defining a getter or field named 'AppLocalizations'.
    final l10n = AppLocalizations.of(context);
                 ^^^^^^^^^^^^^^^^
lib/pages/annual_report_page.dart:1070:18: Error: The getter 'AppLocalizations' isn't defined for the type '_AnnualReportPageState'.
 - '_AnnualReportPageState' is from 'package:thoughtecho/pages/annual_report_page.dart' ('lib/pages/annual_report_page.dart').
Try correcting the name to the name of an existing getter, or defining a getter or field named 'AppLocalizations'.
    final l10n = AppLocalizations.of(context);
                 ^^^^^^^^^^^^^^^^
lib/pages/annual_report_page.dart:1119:18: Error: The getter 'AppLocalizations' isn't defined for the type '_AnnualReportPageState'.
 - '_AnnualReportPageState' is from 'package:thoughtecho/pages/annual_report_page.dart' ('lib/pages/annual_report_page.dart').
Try correcting the name to the name of an existing getter, or defining a getter or field named 'AppLocalizations'.
    final l10n = AppLocalizations.of(context);
                 ^^^^^^^^^^^^^^^^
lib/pages/annual_report_page.dart:1154:18: Error: The getter 'AppLocalizations' isn't defined for the type '_AnnualReportPageState'.
 - '_AnnualReportPageState' is from 'package:thoughtecho/pages/annual_report_page.dart' ('lib/pages/annual_report_page.dart').
Try correcting the name to the name of an existing getter, or defining a getter or field named 'AppLocalizations'.
    final l10n = AppLocalizations.of(context);
                 ^^^^^^^^^^^^^^^^
lib/pages/annual_report_page.dart:1415:18: Error: The getter 'AppLocalizations' isn't defined for the type '_AnnualReportPageState'.
 - '_AnnualReportPageState' is from 'package:thoughtecho/pages/annual_report_page.dart' ('lib/pages/annual_report_page.dart').
Try correcting the name to the name of an existing getter, or defining a getter or field named 'AppLocalizations'.
    final l10n = AppLocalizations.of(context);
                 ^^^^^^^^^^^^^^^^
lib/pages/annual_report_page.dart:1426:18: Error: The getter 'AppLocalizations' isn't defined for the type '_AnnualReportPageState'.
 - '_AnnualReportPageState' is from 'package:thoughtecho/pages/annual_report_page.dart' ('lib/pages/annual_report_page.dart').
Try correcting the name to the name of an existing getter, or defining a getter or field named 'AppLocalizations'.
    final l10n = AppLocalizations.of(context);
                 ^^^^^^^^^^^^^^^^
lib/pages/annual_report_page.dart:1447:18: Error: The getter 'AppLocalizations' isn't defined for the type '_AnnualReportPageState'.
 - '_AnnualReportPageState' is from 'package:thoughtecho/pages/annual_report_page.dart' ('lib/pages/annual_report_page.dart').
Try correcting the name to the name of an existing getter, or defining a getter or field named 'AppLocalizations'.
    final l10n = AppLocalizations.of(context);
                 ^^^^^^^^^^^^^^^^
lib/pages/annual_report_page.dart:1458:18: Error: The getter 'AppLocalizations' isn't defined for the type '_AnnualReportPageState'.
 - '_AnnualReportPageState' is from 'package:thoughtecho/pages/annual_report_page.dart' ('lib/pages/annual_report_page.dart').
Try correcting the name to the name of an existing getter, or defining a getter or field named 'AppLocalizations'.
    final l10n = AppLocalizations.of(context);
                 ^^^^^^^^^^^^^^^^
lib/pages/annual_report_page.dart:1516:5: Error: 'AppLocalizations' isn't a type.
    AppLocalizations l10n,
    ^^^^^^^^^^^^^^^^
lib/pages/ai_annual_report_webview.dart:29:32: Error: The getter 'AppLocalizations' isn't defined for the type '_AIAnnualReportWebViewState'.
 - '_AIAnnualReportWebViewState' is from 'package:thoughtecho/pages/ai_annual_report_webview.dart' ('lib/pages/ai_annual_report_webview.dart').
Try correcting the name to the name of an existing getter, or defining a getter or field named 'AppLocalizations'.
  AppLocalizations get l10n => AppLocalizations.of(context);
                               ^^^^^^^^^^^^^^^^
lib/pages/license_page.dart:52:18: Error: The getter 'AppLocalizations' isn't defined for the type '_LicensePageState'.
 - '_LicensePageState' is from 'package:thoughtecho/pages/license_page.dart' ('lib/pages/license_page.dart').
Try correcting the name to the name of an existing getter, or defining a getter or field named 'AppLocalizations'.
    final l10n = AppLocalizations.of(context);
                 ^^^^^^^^^^^^^^^^
lib/pages/license_page.dart:91:18: Error: The getter 'AppLocalizations' isn't defined for the type '_LicensePageState'.
 - '_LicensePageState' is from 'package:thoughtecho/pages/license_page.dart' ('lib/pages/license_page.dart').
Try correcting the name to the name of an existing getter, or defining a getter or field named 'AppLocalizations'.
    final l10n = AppLocalizations.of(context);
                 ^^^^^^^^^^^^^^^^
lib/pages/license_page.dart:101:18: Error: The getter 'AppLocalizations' isn't defined for the type '_LicensePageState'.
 - '_LicensePageState' is from 'package:thoughtecho/pages/license_page.dart' ('lib/pages/license_page.dart').
Try correcting the name to the name of an existing getter, or defining a getter or field named 'AppLocalizations'.
    final l10n = AppLocalizations.of(context);
                 ^^^^^^^^^^^^^^^^
lib/pages/license_page.dart:203:18: Error: The getter 'AppLocalizations' isn't defined for the type '_LicensePageState'.
 - '_LicensePageState' is from 'package:thoughtecho/pages/license_page.dart' ('lib/pages/license_page.dart').
Try correcting the name to the name of an existing getter, or defining a getter or field named 'AppLocalizations'.
    final l10n = AppLocalizations.of(context);
                 ^^^^^^^^^^^^^^^^
lib/pages/license_page.dart:247:18: Error: The getter 'AppLocalizations' isn't defined for the type '_LicensePageState'.
 - '_LicensePageState' is from 'package:thoughtecho/pages/license_page.dart' ('lib/pages/license_page.dart').
Try correcting the name to the name of an existing getter, or defining a getter or field named 'AppLocalizations'.
    final l10n = AppLocalizations.of(context);
                 ^^^^^^^^^^^^^^^^
lib/pages/license_page.dart:387:18: Error: The getter 'AppLocalizations' isn't defined for the type '_LicensePageState'.
 - '_LicensePageState' is from 'package:thoughtecho/pages/license_page.dart' ('lib/pages/license_page.dart').
Try correcting the name to the name of an existing getter, or defining a getter or field named 'AppLocalizations'.
    final l10n = AppLocalizations.of(context);
                 ^^^^^^^^^^^^^^^^
lib/pages/license_page.dart:419:18: Error: The getter 'AppLocalizations' isn't defined for the type '_LicensePageState'.
 - '_LicensePageState' is from 'package:thoughtecho/pages/license_page.dart' ('lib/pages/license_page.dart').
Try correcting the name to the name of an existing getter, or defining a getter or field named 'AppLocalizations'.
    final l10n = AppLocalizations.of(context);
                 ^^^^^^^^^^^^^^^^
lib/pages/license_page.dart:611:18: Error: The getter 'AppLocalizations' isn't defined for the type '_SystemLicensesPageState'.
 - '_SystemLicensesPageState' is from 'package:thoughtecho/pages/license_page.dart' ('lib/pages/license_page.dart').
Try correcting the name to the name of an existing getter, or defining a getter or field named 'AppLocalizations'.
    final l10n = AppLocalizations.of(context);
                 ^^^^^^^^^^^^^^^^
lib/pages/license_page.dart:690:18: Error: The getter 'AppLocalizations' isn't defined for the type '_SystemLicensesPageState'.
 - '_SystemLicensesPageState' is from 'package:thoughtecho/pages/license_page.dart' ('lib/pages/license_page.dart').
Try correcting the name to the name of an existing getter, or defining a getter or field named 'AppLocalizations'.
    final l10n = AppLocalizations.of(context);
                 ^^^^^^^^^^^^^^^^
lib/pages/license_page.dart:914:18: Error: The getter 'AppLocalizations' isn't defined for the type '_ProgressiveSystemLicensesPageState'.
 - '_ProgressiveSystemLicensesPageState' is from 'package:thoughtecho/pages/license_page.dart' ('lib/pages/license_page.dart').
Try correcting the name to the name of an existing getter, or defining a getter or field named 'AppLocalizations'.
    final l10n = AppLocalizations.of(context);
                 ^^^^^^^^^^^^^^^^
lib/pages/license_page.dart:922:18: Error: The getter 'AppLocalizations' isn't defined for the type '_ProgressiveSystemLicensesPageState'.
 - '_ProgressiveSystemLicensesPageState' is from 'package:thoughtecho/pages/license_page.dart' ('lib/pages/license_page.dart').
Try correcting the name to the name of an existing getter, or defining a getter or field named 'AppLocalizations'.
    final l10n = AppLocalizations.of(context);
                 ^^^^^^^^^^^^^^^^
lib/pages/license_page.dart:1032:18: Error: The getter 'AppLocalizations' isn't defined for the type 'LicenseDetailPage'.
 - 'LicenseDetailPage' is from 'package:thoughtecho/pages/license_page.dart' ('lib/pages/license_page.dart').
Try correcting the name to the name of an existing getter, or defining a getter or field named 'AppLocalizations'.
    final l10n = AppLocalizations.of(context);
                 ^^^^^^^^^^^^^^^^
lib/pages/preferences_detail_page.dart:43:18: Error: The getter 'AppLocalizations' isn't defined for the type '_PreferencesDetailPageState'.
 - '_PreferencesDetailPageState' is from 'package:thoughtecho/pages/preferences_detail_page.dart' ('lib/pages/preferences_detail_page.dart').
Try correcting the name to the name of an existing getter, or defining a getter or field named 'AppLocalizations'.
    final l10n = AppLocalizations.of(context);
                 ^^^^^^^^^^^^^^^^
lib/pages/preferences_detail_page.dart:310:18: Error: The getter 'AppLocalizations' isn't defined for the type '_PreferencesDetailPageState'.
 - '_PreferencesDetailPageState' is from 'package:thoughtecho/pages/preferences_detail_page.dart' ('lib/pages/preferences_detail_page.dart').
Try correcting the name to the name of an existing getter, or defining a getter or field named 'AppLocalizations'.
    final l10n = AppLocalizations.of(context);
                 ^^^^^^^^^^^^^^^^
lib/pages/user_guide_page.dart:52:18: Error: The getter 'AppLocalizations' isn't defined for the type '_UserGuidePageState'.
 - '_UserGuidePageState' is from 'package:thoughtecho/pages/user_guide_page.dart' ('lib/pages/user_guide_page.dart').
Try correcting the name to the name of an existing getter, or defining a getter or field named 'AppLocalizations'.
    final l10n = AppLocalizations.of(context);
                 ^^^^^^^^^^^^^^^^
lib/pages/storage_management_page.dart:60:22: Error: The getter 'AppLocalizations' isn't defined for the type '_StorageManagementPageState'.
 - '_StorageManagementPageState' is from 'package:thoughtecho/pages/storage_management_page.dart' ('lib/pages/storage_management_page.dart').
Try correcting the name to the name of an existing getter, or defining a getter or field named 'AppLocalizations'.
        final l10n = AppLocalizations.of(context);
                     ^^^^^^^^^^^^^^^^
lib/pages/storage_management_page.dart:93:18: Error: The getter 'AppLocalizations' isn't defined for the type '_StorageManagementPageState'.
 - '_StorageManagementPageState' is from 'package:thoughtecho/pages/storage_management_page.dart' ('lib/pages/storage_management_page.dart').
Try correcting the name to the name of an existing getter, or defining a getter or field named 'AppLocalizations'.
    final l10n = AppLocalizations.of(context);
                 ^^^^^^^^^^^^^^^^
lib/pages/storage_management_page.dart:169:18: Error: The getter 'AppLocalizations' isn't defined for the type '_StorageManagementPageState'.
 - '_StorageManagementPageState' is from 'package:thoughtecho/pages/storage_management_page.dart' ('lib/pages/storage_management_page.dart').
Try correcting the name to the name of an existing getter, or defining a getter or field named 'AppLocalizations'.
    final l10n = AppLocalizations.of(context);
                 ^^^^^^^^^^^^^^^^
lib/pages/storage_management_page.dart:230:18: Error: The getter 'AppLocalizations' isn't defined for the type '_StorageManagementPageState'.
 - '_StorageManagementPageState' is from 'package:thoughtecho/pages/storage_management_page.dart' ('lib/pages/storage_management_page.dart').
Try correcting the name to the name of an existing getter, or defining a getter or field named 'AppLocalizations'.
    final l10n = AppLocalizations.of(context);
                 ^^^^^^^^^^^^^^^^
lib/pages/storage_management_page.dart:401:18: Error: The getter 'AppLocalizations' isn't defined for the type '_StorageManagementPageState'.
 - '_StorageManagementPageState' is from 'package:thoughtecho/pages/storage_management_page.dart' ('lib/pages/storage_management_page.dart').
Try correcting the name to the name of an existing getter, or defining a getter or field named 'AppLocalizations'.
    final l10n = AppLocalizations.of(context);
                 ^^^^^^^^^^^^^^^^
lib/pages/storage_management_page.dart:453:5: Error: 'AppLocalizations' isn't a type.
    AppLocalizations l10n,
    ^^^^^^^^^^^^^^^^
lib/pages/storage_management_page.dart:602:5: Error: 'AppLocalizations' isn't a type.
    AppLocalizations l10n,
    ^^^^^^^^^^^^^^^^
lib/pages/storage_management_page.dart:635:5: Error: 'AppLocalizations' isn't a type.
    AppLocalizations l10n,
    ^^^^^^^^^^^^^^^^
lib/pages/storage_management_page.dart:673:5: Error: 'AppLocalizations' isn't a type.
    AppLocalizations l10n,
    ^^^^^^^^^^^^^^^^
lib/pages/storage_management_page.dart:693:18: Error: The getter 'AppLocalizations' isn't defined for the type '_StorageManagementPageState'.
 - '_StorageManagementPageState' is from 'package:thoughtecho/pages/storage_management_page.dart' ('lib/pages/storage_management_page.dart').
Try correcting the name to the name of an existing getter, or defining a getter or field named 'AppLocalizations'.
    final l10n = AppLocalizations.of(context);
                 ^^^^^^^^^^^^^^^^
lib/pages/storage_management_page.dart:708:55: Error: 'AppLocalizations' isn't a type.
  Widget _buildActionButtons(ColorScheme colorScheme, AppLocalizations l10n) {
                                                      ^^^^^^^^^^^^^^^^
lib/pages/storage_management_page.dart:746:18: Error: The getter 'AppLocalizations' isn't defined for the type '_StorageManagementPageState'.
 - '_StorageManagementPageState' is from 'package:thoughtecho/pages/storage_management_page.dart' ('lib/pages/storage_management_page.dart').
Try correcting the name to the name of an existing getter, or defining a getter or field named 'AppLocalizations'.
    final l10n = AppLocalizations.of(context);
                 ^^^^^^^^^^^^^^^^
lib/pages/storage_management_page.dart:824:18: Error: The getter 'AppLocalizations' isn't defined for the type '_StorageManagementPageState'.
 - '_StorageManagementPageState' is from 'package:thoughtecho/pages/storage_management_page.dart' ('lib/pages/storage_management_page.dart').
Try correcting the name to the name of an existing getter, or defining a getter or field named 'AppLocalizations'.
    final l10n = AppLocalizations.of(context);
                 ^^^^^^^^^^^^^^^^
lib/pages/storage_management_page.dart:952:5: Error: 'AppLocalizations' isn't a type.
    AppLocalizations l10n,
    ^^^^^^^^^^^^^^^^
lib/pages/local_ai_settings_page.dart:21:18: Error: The getter 'AppLocalizations' isn't defined for the type '_LocalAISettingsPageState'.
 - '_LocalAISettingsPageState' is from 'package:thoughtecho/pages/local_ai_settings_page.dart' ('lib/pages/local_ai_settings_page.dart').
Try correcting the name to the name of an existing getter, or defining a getter or field named 'AppLocalizations'.
    final l10n = AppLocalizations.of(context);
                 ^^^^^^^^^^^^^^^^
lib/pages/smart_push_settings_page.dart:80:22: Error: The getter 'AppLocalizations' isn't defined for the type '_SmartPushSettingsPageState'.
 - '_SmartPushSettingsPageState' is from 'package:thoughtecho/pages/smart_push_settings_page.dart' ('lib/pages/smart_push_settings_page.dart').
Try correcting the name to the name of an existing getter, or defining a getter or field named 'AppLocalizations'.
                Text(AppLocalizations.of(context).loadFailed(e.toString())),
                     ^^^^^^^^^^^^^^^^
lib/pages/smart_push_settings_page.dart:96:27: Error: The getter 'AppLocalizations' isn't defined for the type '_SmartPushSettingsPageState'.
 - '_SmartPushSettingsPageState' is from 'package:thoughtecho/pages/smart_push_settings_page.dart' ('lib/pages/smart_push_settings_page.dart').
Try correcting the name to the name of an existing getter, or defining a getter or field named 'AppLocalizations'.
            content: Text(AppLocalizations.of(context).settingsSaved),
                          ^^^^^^^^^^^^^^^^
lib/pages/smart_push_settings_page.dart:107:22: Error: The getter 'AppLocalizations' isn't defined for the type '_SmartPushSettingsPageState'.
 - '_SmartPushSettingsPageState' is from 'package:thoughtecho/pages/smart_push_settings_page.dart' ('lib/pages/smart_push_settings_page.dart').
Try correcting the name to the name of an existing getter, or defining a getter or field named 'AppLocalizations'.
                Text(AppLocalizations.of(context).saveFailed(e.toString())),
                     ^^^^^^^^^^^^^^^^
lib/pages/smart_push_settings_page.dart:127:19: Error: The getter 'AppLocalizations' isn't defined for the type '_SmartPushSettingsPageState'.
 - '_SmartPushSettingsPageState' is from 'package:thoughtecho/pages/smart_push_settings_page.dart' ('lib/pages/smart_push_settings_page.dart').
Try correcting the name to the name of an existing getter, or defining a getter or field named 'AppLocalizations'.
                  AppLocalizations.of(context).smartPushPermissionRequired),
                  ^^^^^^^^^^^^^^^^
lib/pages/smart_push_settings_page.dart:141:24: Error: The getter 'AppLocalizations' isn't defined for the type '_SmartPushSettingsPageState'.
 - '_SmartPushSettingsPageState' is from 'package:thoughtecho/pages/smart_push_settings_page.dart' ('lib/pages/smart_push_settings_page.dart').
Try correcting the name to the name of an existing getter, or defining a getter or field named 'AppLocalizations'.
                  Text(AppLocalizations.of(context).smartPushNoMatchingNotes),
                       ^^^^^^^^^^^^^^^^
lib/pages/smart_push_settings_page.dart:153:27: Error: The getter 'AppLocalizations' isn't defined for the type '_SmartPushSettingsPageState'.
 - '_SmartPushSettingsPageState' is from 'package:thoughtecho/pages/smart_push_settings_page.dart' ('lib/pages/smart_push_settings_page.dart').
Try correcting the name to the name of an existing getter, or defining a getter or field named 'AppLocalizations'.
            content: Text(AppLocalizations.of(context).smartPushTestSent),
                          ^^^^^^^^^^^^^^^^
lib/pages/smart_push_settings_page.dart:164:22: Error: The getter 'AppLocalizations' isn't defined for the type '_SmartPushSettingsPageState'.
 - '_SmartPushSettingsPageState' is from 'package:thoughtecho/pages/smart_push_settings_page.dart' ('lib/pages/smart_push_settings_page.dart').
Try correcting the name to the name of an existing getter, or defining a getter or field named 'AppLocalizations'.
                Text(AppLocalizations.of(context).testFailed(e.toString())),
                     ^^^^^^^^^^^^^^^^
lib/pages/smart_push_settings_page.dart:187:24: Error: The getter 'AppLocalizations' isn't defined for the type '_SmartPushSettingsPageState'.
 - '_SmartPushSettingsPageState' is from 'package:thoughtecho/pages/smart_push_settings_page.dart' ('lib/pages/smart_push_settings_page.dart').
Try correcting the name to the name of an existing getter, or defining a getter or field named 'AppLocalizations'.
          final l10n = AppLocalizations.of(context);
                       ^^^^^^^^^^^^^^^^
lib/pages/smart_push_settings_page.dart:209:18: Error: The getter 'AppLocalizations' isn't defined for the type '_SmartPushSettingsPageState'.
 - '_SmartPushSettingsPageState' is from 'package:thoughtecho/pages/smart_push_settings_page.dart' ('lib/pages/smart_push_settings_page.dart').
Try correcting the name to the name of an existing getter, or defining a getter or field named 'AppLocalizations'.
    final l10n = AppLocalizations.of(context);
                 ^^^^^^^^^^^^^^^^
lib/pages/smart_push_settings_page.dart:297:7: Error: 'AppLocalizations' isn't a type.
      AppLocalizations l10n, ThemeData theme, ColorScheme colorScheme) {
      ^^^^^^^^^^^^^^^^
lib/pages/smart_push_settings_page.dart:389:41: Error: The getter 'AppLocalizations' isn't defined for the type '_SmartPushSettingsPageState'.
 - '_SmartPushSettingsPageState' is from 'package:thoughtecho/pages/smart_push_settings_page.dart' ('lib/pages/smart_push_settings_page.dart').
Try correcting the name to the name of an existing getter, or defining a getter or field named 'AppLocalizations'.
                          content: Text(AppLocalizations.of(context)
                                        ^^^^^^^^^^^^^^^^
lib/pages/smart_push_settings_page.dart:412:7: Error: 'AppLocalizations' isn't a type.
      AppLocalizations l10n, ThemeData theme, ColorScheme colorScheme) {
      ^^^^^^^^^^^^^^^^
lib/pages/smart_push_settings_page.dart:550:31: Error: The getter 'AppLocalizations' isn't defined for the type '_SmartPushSettingsPageState'.
 - '_SmartPushSettingsPageState' is from 'package:thoughtecho/pages/smart_push_settings_page.dart' ('lib/pages/smart_push_settings_page.dart').
Try correcting the name to the name of an existing getter, or defining a getter or field named 'AppLocalizations'.
                              AppLocalizations.of(context).recommended,
                              ^^^^^^^^^^^^^^^^
lib/pages/smart_push_settings_page.dart:586:7: Error: 'AppLocalizations' isn't a type.
      AppLocalizations l10n, ThemeData theme, ColorScheme colorScheme) {
      ^^^^^^^^^^^^^^^^
lib/pages/smart_push_settings_page.dart:632:5: Error: 'AppLocalizations' isn't a type.
    AppLocalizations l10n,
    ^^^^^^^^^^^^^^^^
lib/pages/smart_push_settings_page.dart:740:7: Error: 'AppLocalizations' isn't a type.
      AppLocalizations l10n, ThemeData theme, ColorScheme colorScheme) {
      ^^^^^^^^^^^^^^^^
lib/pages/smart_push_settings_page.dart:792:7: Error: 'AppLocalizations' isn't a type.
      AppLocalizations l10n, ThemeData theme, ColorScheme colorScheme) {
      ^^^^^^^^^^^^^^^^
lib/pages/smart_push_settings_page.dart:995:7: Error: 'AppLocalizations' isn't a type.
      AppLocalizations l10n, ThemeData theme, ColorScheme colorScheme) {
      ^^^^^^^^^^^^^^^^
lib/pages/smart_push_settings_page.dart:1020:7: Error: 'AppLocalizations' isn't a type.
      AppLocalizations l10n, ThemeData theme, ColorScheme colorScheme) {
      ^^^^^^^^^^^^^^^^
lib/pages/smart_push_settings_page.dart:1066:29: Error: 'AppLocalizations' isn't a type.
  String _getFrequencyLabel(AppLocalizations l10n, PushFrequency freq) {
                            ^^^^^^^^^^^^^^^^
lib/pages/smart_push_settings_page.dart:1096:32: Error: 'AppLocalizations' isn't a type.
  String _getPastNoteTypeLabel(AppLocalizations l10n, PastNoteType type) {
                               ^^^^^^^^^^^^^^^^
lib/pages/smart_push_settings_page.dart:1128:27: Error: 'AppLocalizations' isn't a type.
  String _getWeatherLabel(AppLocalizations l10n, WeatherFilterType weather) {
                          ^^^^^^^^^^^^^^^^
lib/pages/smart_push_settings_page.dart:1173:7: Error: 'AppLocalizations' isn't a type.
      AppLocalizations l10n, ThemeData theme, ColorScheme colorScheme) {
      ^^^^^^^^^^^^^^^^
lib/pages/smart_push_settings_page.dart:1261:7: Error: 'AppLocalizations' isn't a type.
      AppLocalizations l10n, ThemeData theme, ColorScheme colorScheme) {
      ^^^^^^^^^^^^^^^^
lib/pages/smart_push_settings_page.dart:1446:14: Error: 'AppLocalizations' isn't a type.
    required AppLocalizations l10n,
             ^^^^^^^^^^^^^^^^
lib/pages/smart_push_settings_page.dart:1516:14: Error: 'AppLocalizations' isn't a type.
    required AppLocalizations l10n,
             ^^^^^^^^^^^^^^^^
lib/widgets/streaming_text_dialog.dart:30:32: Error: The getter 'AppLocalizations' isn't defined for the type '_StreamingTextDialogState'.
 - '_StreamingTextDialogState' is from 'package:thoughtecho/widgets/streaming_text_dialog.dart' ('lib/widgets/streaming_text_dialog.dart').
Try correcting the name to the name of an existing getter, or defining a getter or field named 'AppLocalizations'.
  AppLocalizations get l10n => AppLocalizations.of(context);
                               ^^^^^^^^^^^^^^^^
lib/models/feature_guide.dart:91:18: Error: Undefined name 'AppLocalizations'.
    final l10n = AppLocalizations.of(context);
                 ^^^^^^^^^^^^^^^^
lib/models/feature_guide.dart:124:18: Error: Undefined name 'AppLocalizations'.
    final l10n = AppLocalizations.of(context);
                 ^^^^^^^^^^^^^^^^
lib/pages/ai_analysis_history_page_clean.dart:107:21: Error: The getter 'AppLocalizations' isn't defined for the type '_AIAnalysisHistoryPageState'.
 - '_AIAnalysisHistoryPageState' is from 'package:thoughtecho/pages/ai_analysis_history_page_clean.dart' ('lib/pages/ai_analysis_history_page_clean.dart').
Try correcting the name to the name of an existing getter, or defining a getter or field named 'AppLocalizations'.
        title: Text(AppLocalizations.of(context).confirmDelete),
                    ^^^^^^^^^^^^^^^^
lib/pages/ai_analysis_history_page_clean.dart:108:23: Error: The getter 'AppLocalizations' isn't defined for the type '_AIAnalysisHistoryPageState'.
 - '_AIAnalysisHistoryPageState' is from 'package:thoughtecho/pages/ai_analysis_history_page_clean.dart' ('lib/pages/ai_analysis_history_page_clean.dart').
Try correcting the name to the name of an existing getter, or defining a getter or field named 'AppLocalizations'.
        content: Text(AppLocalizations.of(context).confirmDeleteAnalysis),
                      ^^^^^^^^^^^^^^^^
lib/pages/ai_analysis_history_page_clean.dart:112:25: Error: The getter 'AppLocalizations' isn't defined for the type '_AIAnalysisHistoryPageState'.
 - '_AIAnalysisHistoryPageState' is from 'package:thoughtecho/pages/ai_analysis_history_page_clean.dart' ('lib/pages/ai_analysis_history_page_clean.dart').
Try correcting the name to the name of an existing getter, or defining a getter or field named 'AppLocalizations'.
            child: Text(AppLocalizations.of(context).cancel),
                        ^^^^^^^^^^^^^^^^
lib/pages/ai_analysis_history_page_clean.dart:116:25: Error: The getter 'AppLocalizations' isn't defined for the type '_AIAnalysisHistoryPageState'.
 - '_AIAnalysisHistoryPageState' is from 'package:thoughtecho/pages/ai_analysis_history_page_clean.dart' ('lib/pages/ai_analysis_history_page_clean.dart').
Try correcting the name to the name of an existing getter, or defining a getter or field named 'AppLocalizations'.
            child: Text(AppLocalizations.of(context).delete),
                        ^^^^^^^^^^^^^^^^
lib/pages/ai_analysis_history_page_clean.dart:127:29: Error: The getter 'AppLocalizations' isn't defined for the type '_AIAnalysisHistoryPageState'.
 - '_AIAnalysisHistoryPageState' is from 'package:thoughtecho/pages/ai_analysis_history_page_clean.dart' ('lib/pages/ai_analysis_history_page_clean.dart').
Try correcting the name to the name of an existing getter, or defining a getter or field named 'AppLocalizations'.
              content: Text(AppLocalizations.of(context)
                            ^^^^^^^^^^^^^^^^
lib/pages/ai_analysis_history_page_clean.dart:142:29: Error: The getter 'AppLocalizations' isn't defined for the type '_AIAnalysisHistoryPageState'.
 - '_AIAnalysisHistoryPageState' is from 'package:thoughtecho/pages/ai_analysis_history_page_clean.dart' ('lib/pages/ai_analysis_history_page_clean.dart').
Try correcting the name to the name of an existing getter, or defining a getter or field named 'AppLocalizations'.
              content: Text(AppLocalizations.of(context).deleteSuccess),
                            ^^^^^^^^^^^^^^^^
lib/pages/ai_analysis_history_page_clean.dart:153:17: Error: The getter 'AppLocalizations' isn't defined for the type '_AIAnalysisHistoryPageState'.
 - '_AIAnalysisHistoryPageState' is from 'package:thoughtecho/pages/ai_analysis_history_page_clean.dart' ('lib/pages/ai_analysis_history_page_clean.dart').
Try correcting the name to the name of an existing getter, or defining a getter or field named 'AppLocalizations'.
                AppLocalizations.of(context).deleteFailed(e.toString()),
                ^^^^^^^^^^^^^^^^
lib/pages/ai_analysis_history_page_clean.dart:168:21: Error: The getter 'AppLocalizations' isn't defined for the type '_AIAnalysisHistoryPageState'.
 - '_AIAnalysisHistoryPageState' is from 'package:thoughtecho/pages/ai_analysis_history_page_clean.dart' ('lib/pages/ai_analysis_history_page_clean.dart').
Try correcting the name to the name of an existing getter, or defining a getter or field named 'AppLocalizations'.
        title: Text(AppLocalizations.of(context).confirmDeleteAll),
                    ^^^^^^^^^^^^^^^^
lib/pages/ai_analysis_history_page_clean.dart:169:23: Error: The getter 'AppLocalizations' isn't defined for the type '_AIAnalysisHistoryPageState'.
 - '_AIAnalysisHistoryPageState' is from 'package:thoughtecho/pages/ai_analysis_history_page_clean.dart' ('lib/pages/ai_analysis_history_page_clean.dart').
Try correcting the name to the name of an existing getter, or defining a getter or field named 'AppLocalizations'.
        content: Text(AppLocalizations.of(context).deleteAllConfirmMessage),
                      ^^^^^^^^^^^^^^^^
lib/pages/ai_analysis_history_page_clean.dart:173:25: Error: The getter 'AppLocalizations' isn't defined for the type '_AIAnalysisHistoryPageState'.
 - '_AIAnalysisHistoryPageState' is from 'package:thoughtecho/pages/ai_analysis_history_page_clean.dart' ('lib/pages/ai_analysis_history_page_clean.dart').
Try correcting the name to the name of an existing getter, or defining a getter or field named 'AppLocalizations'.
            child: Text(AppLocalizations.of(context).cancel),
                        ^^^^^^^^^^^^^^^^
lib/pages/ai_analysis_history_page_clean.dart:177:25: Error: The getter 'AppLocalizations' isn't defined for the type '_AIAnalysisHistoryPageState'.
 - '_AIAnalysisHistoryPageState' is from 'package:thoughtecho/pages/ai_analysis_history_page_clean.dart' ('lib/pages/ai_analysis_history_page_clean.dart').
Try correcting the name to the name of an existing getter, or defining a getter or field named 'AppLocalizations'.
            child: Text(AppLocalizations.of(context).delete),
                        ^^^^^^^^^^^^^^^^
lib/pages/ai_analysis_history_page_clean.dart:188:29: Error: The getter 'AppLocalizations' isn't defined for the type '_AIAnalysisHistoryPageState'.
 - '_AIAnalysisHistoryPageState' is from 'package:thoughtecho/pages/ai_analysis_history_page_clean.dart' ('lib/pages/ai_analysis_history_page_clean.dart').
Try correcting the name to the name of an existing getter, or defining a getter or field named 'AppLocalizations'.
              content: Text(AppLocalizations.of(context)
                            ^^^^^^^^^^^^^^^^
lib/pages/ai_analysis_history_page_clean.dart:207:29: Error: The getter 'AppLocalizations' isn't defined for the type '_AIAnalysisHistoryPageState'.
 - '_AIAnalysisHistoryPageState' is from 'package:thoughtecho/pages/ai_analysis_history_page_clean.dart' ('lib/pages/ai_analysis_history_page_clean.dart').
Try correcting the name to the name of an existing getter, or defining a getter or field named 'AppLocalizations'.
              content: Text(AppLocalizations.of(context).allRecordsDeleted),
                            ^^^^^^^^^^^^^^^^
lib/pages/ai_analysis_history_page_clean.dart:217:29: Error: The getter 'AppLocalizations' isn't defined for the type '_AIAnalysisHistoryPageState'.
 - '_AIAnalysisHistoryPageState' is from 'package:thoughtecho/pages/ai_analysis_history_page_clean.dart' ('lib/pages/ai_analysis_history_page_clean.dart').
Try correcting the name to the name of an existing getter, or defining a getter or field named 'AppLocalizations'.
              content: Text(AppLocalizations.of(context).deleteFailedSimple),
                            ^^^^^^^^^^^^^^^^
lib/pages/ai_analysis_history_page_clean.dart:268:27: Error: The getter 'AppLocalizations' isn't defined for the type '_AIAnalysisHistoryPageState'.
 - '_AIAnalysisHistoryPageState' is from 'package:thoughtecho/pages/ai_analysis_history_page_clean.dart' ('lib/pages/ai_analysis_history_page_clean.dart').
Try correcting the name to the name of an existing getter, or defining a getter or field named 'AppLocalizations'.
                          AppLocalizations.of(context).aiAnalysisDetails,
                          ^^^^^^^^^^^^^^^^
lib/pages/ai_analysis_history_page_clean.dart:328:23: Error: The getter 'AppLocalizations' isn't defined for the type '_AIAnalysisHistoryPageState'.
 - '_AIAnalysisHistoryPageState' is from 'package:thoughtecho/pages/ai_analysis_history_page_clean.dart' ('lib/pages/ai_analysis_history_page_clean.dart').
Try correcting the name to the name of an existing getter, or defining a getter or field named 'AppLocalizations'.
                      AppLocalizations.of(context).analysisContent,
                      ^^^^^^^^^^^^^^^^
lib/pages/ai_analysis_history_page_clean.dart:438:16: Error: The getter 'AppLocalizations' isn't defined for the type '_AIAnalysisHistoryPageState'.
 - '_AIAnalysisHistoryPageState' is from 'package:thoughtecho/pages/ai_analysis_history_page_clean.dart' ('lib/pages/ai_analysis_history_page_clean.dart').
Try correcting the name to the name of an existing getter, or defining a getter or field named 'AppLocalizations'.
        return AppLocalizations.of(context).emotionalAnalysis;
               ^^^^^^^^^^^^^^^^
lib/pages/ai_analysis_history_page_clean.dart:440:16: Error: The getter 'AppLocalizations' isn't defined for the type '_AIAnalysisHistoryPageState'.
 - '_AIAnalysisHistoryPageState' is from 'package:thoughtecho/pages/ai_analysis_history_page_clean.dart' ('lib/pages/ai_analysis_history_page_clean.dart').
Try correcting the name to the name of an existing getter, or defining a getter or field named 'AppLocalizations'.
        return AppLocalizations.of(context).comprehensiveAnalysis;
               ^^^^^^^^^^^^^^^^
lib/pages/ai_analysis_history_page_clean.dart:442:16: Error: The getter 'AppLocalizations' isn't defined for the type '_AIAnalysisHistoryPageState'.
 - '_AIAnalysisHistoryPageState' is from 'package:thoughtecho/pages/ai_analysis_history_page_clean.dart' ('lib/pages/ai_analysis_history_page_clean.dart').
Try correcting the name to the name of an existing getter, or defining a getter or field named 'AppLocalizations'.
        return AppLocalizations.of(context).mindMapAnalysis;
               ^^^^^^^^^^^^^^^^
lib/pages/ai_analysis_history_page_clean.dart:444:16: Error: The getter 'AppLocalizations' isn't defined for the type '_AIAnalysisHistoryPageState'.
 - '_AIAnalysisHistoryPageState' is from 'package:thoughtecho/pages/ai_analysis_history_page_clean.dart' ('lib/pages/ai_analysis_history_page_clean.dart').
Try correcting the name to the name of an existing getter, or defining a getter or field named 'AppLocalizations'.
        return AppLocalizations.of(context).growthAnalysis;
               ^^^^^^^^^^^^^^^^
lib/pages/ai_analysis_history_page_clean.dart:446:16: Error: The getter 'AppLocalizations' isn't defined for the type '_AIAnalysisHistoryPageState'.
 - '_AIAnalysisHistoryPageState' is from 'package:thoughtecho/pages/ai_analysis_history_page_clean.dart' ('lib/pages/ai_analysis_history_page_clean.dart').
Try correcting the name to the name of an existing getter, or defining a getter or field named 'AppLocalizations'.
        return AppLocalizations.of(context).aiAnalysis;
               ^^^^^^^^^^^^^^^^
lib/pages/ai_analysis_history_page_clean.dart:539:19: Error: The getter 'AppLocalizations' isn't defined for the type '_AIAnalysisHistoryPageState'.
 - '_AIAnalysisHistoryPageState' is from 'package:thoughtecho/pages/ai_analysis_history_page_clean.dart' ('lib/pages/ai_analysis_history_page_clean.dart').
Try correcting the name to the name of an existing getter, or defining a getter or field named 'AppLocalizations'.
                  AppLocalizations.of(context).selectAnnualReportType,
                  ^^^^^^^^^^^^^^^^
lib/pages/ai_analysis_history_page_clean.dart:549:20: Error: The getter 'AppLocalizations' isn't defined for the type '_AIAnalysisHistoryPageState'.
 - '_AIAnalysisHistoryPageState' is from 'package:thoughtecho/pages/ai_analysis_history_page_clean.dart' ('lib/pages/ai_analysis_history_page_clean.dart').
Try correcting the name to the name of an existing getter, or defining a getter or field named 'AppLocalizations'.
              Text(AppLocalizations.of(context).selectReportTypePrompt,
                   ^^^^^^^^^^^^^^^^
lib/pages/ai_analysis_history_page_clean.dart:555:24: Error: The getter 'AppLocalizations' isn't defined for the type '_AIAnalysisHistoryPageState'.
 - '_AIAnalysisHistoryPageState' is from 'package:thoughtecho/pages/ai_analysis_history_page_clean.dart' ('lib/pages/ai_analysis_history_page_clean.dart').
Try correcting the name to the name of an existing getter, or defining a getter or field named 'AppLocalizations'.
                title: AppLocalizations.of(context).aiSmartReport,
                       ^^^^^^^^^^^^^^^^
lib/pages/ai_analysis_history_page_clean.dart:556:30: Error: The getter 'AppLocalizations' isn't defined for the type '_AIAnalysisHistoryPageState'.
 - '_AIAnalysisHistoryPageState' is from 'package:thoughtecho/pages/ai_analysis_history_page_clean.dart' ('lib/pages/ai_analysis_history_page_clean.dart').
Try correcting the name to the name of an existing getter, or defining a getter or field named 'AppLocalizations'.
                description: AppLocalizations.of(context).aiSmartReportDesc,
                             ^^^^^^^^^^^^^^^^
lib/pages/ai_analysis_history_page_clean.dart:564:24: Error: The getter 'AppLocalizations' isn't defined for the type '_AIAnalysisHistoryPageState'.
 - '_AIAnalysisHistoryPageState' is from 'package:thoughtecho/pages/ai_analysis_history_page_clean.dart' ('lib/pages/ai_analysis_history_page_clean.dart').
Try correcting the name to the name of an existing getter, or defining a getter or field named 'AppLocalizations'.
                title: AppLocalizations.of(context).nativeFlutterReport,
                       ^^^^^^^^^^^^^^^^
lib/pages/ai_analysis_history_page_clean.dart:566:21: Error: The getter 'AppLocalizations' isn't defined for the type '_AIAnalysisHistoryPageState'.
 - '_AIAnalysisHistoryPageState' is from 'package:thoughtecho/pages/ai_analysis_history_page_clean.dart' ('lib/pages/ai_analysis_history_page_clean.dart').
Try correcting the name to the name of an existing getter, or defining a getter or field named 'AppLocalizations'.
                    AppLocalizations.of(context).nativeFlutterReportDesc,
                    ^^^^^^^^^^^^^^^^
lib/pages/ai_analysis_history_page_clean.dart:575:27: Error: The getter 'AppLocalizations' isn't defined for the type '_AIAnalysisHistoryPageState'.
 - '_AIAnalysisHistoryPageState' is from 'package:thoughtecho/pages/ai_analysis_history_page_clean.dart' ('lib/pages/ai_analysis_history_page_clean.dart').
Try correcting the name to the name of an existing getter, or defining a getter or field named 'AppLocalizations'.
              child: Text(AppLocalizations.of(context).cancel),
                          ^^^^^^^^^^^^^^^^
lib/pages/ai_analysis_history_page_clean.dart:610:22: Error: The getter 'AppLocalizations' isn't defined for the type '_AIAnalysisHistoryPageState'.
 - '_AIAnalysisHistoryPageState' is from 'package:thoughtecho/pages/ai_analysis_history_page_clean.dart' ('lib/pages/ai_analysis_history_page_clean.dart').
Try correcting the name to the name of an existing getter, or defining a getter or field named 'AppLocalizations'.
                Text(AppLocalizations.of(context).generateAnnualReportFailed),
                     ^^^^^^^^^^^^^^^^
lib/pages/ai_analysis_history_page_clean.dart:627:22: Error: The getter 'AppLocalizations' isn't defined for the type '_AIAnalysisHistoryPageState'.
 - '_AIAnalysisHistoryPageState' is from 'package:thoughtecho/pages/ai_analysis_history_page_clean.dart' ('lib/pages/ai_analysis_history_page_clean.dart').
Try correcting the name to the name of an existing getter, or defining a getter or field named 'AppLocalizations'.
        final l10n = AppLocalizations.of(context);
                     ^^^^^^^^^^^^^^^^
lib/pages/ai_analysis_history_page_clean.dart:813:26: Error: The getter 'AppLocalizations' isn't defined for the type '_AIAnalysisHistoryPageState'.
 - '_AIAnalysisHistoryPageState' is from 'package:thoughtecho/pages/ai_analysis_history_page_clean.dart' ('lib/pages/ai_analysis_history_page_clean.dart').
Try correcting the name to the name of an existing getter, or defining a getter or field named 'AppLocalizations'.
                    Text(AppLocalizations.of(context).aiReturnFormatAbnormal),
                         ^^^^^^^^^^^^^^^^
lib/pages/ai_analysis_history_page_clean.dart:837:29: Error: The getter 'AppLocalizations' isn't defined for the type '_AIAnalysisHistoryPageState'.
 - '_AIAnalysisHistoryPageState' is from 'package:thoughtecho/pages/ai_analysis_history_page_clean.dart' ('lib/pages/ai_analysis_history_page_clean.dart').
Try correcting the name to the name of an existing getter, or defining a getter or field named 'AppLocalizations'.
              content: Text(AppLocalizations.of(context).aiServiceAbnormal),
                            ^^^^^^^^^^^^^^^^
lib/pages/ai_analysis_history_page_clean.dart:868:20: Error: The getter 'AppLocalizations' isn't defined for the type '_AIAnalysisHistoryPageState'.
 - '_AIAnalysisHistoryPageState' is from 'package:thoughtecho/pages/ai_analysis_history_page_clean.dart' ('lib/pages/ai_analysis_history_page_clean.dart').
Try correcting the name to the name of an existing getter, or defining a getter or field named 'AppLocalizations'.
                '${AppLocalizations.of(context).generateAnnualReportFailed}: ${e.toString()}'),
                   ^^^^^^^^^^^^^^^^
00:14 +0: loading /app/test/unit/services/ai_card_generation_service_isolate_test.dart                                                                                                                 lib/pages/ai_analysis_history_page_clean.dart:894:9: Error: The getter 'AppLocalizations' isn't defined for the type '_AIAnalysisHistoryPageState'.
 - '_AIAnalysisHistoryPageState' is from 'package:thoughtecho/pages/ai_analysis_history_page_clean.dart' ('lib/pages/ai_analysis_history_page_clean.dart').
Try correcting the name to the name of an existing getter, or defining a getter or field named 'AppLocalizations'.
        AppLocalizations.of(context).monthJan,
        ^^^^^^^^^^^^^^^^
lib/pages/ai_analysis_history_page_clean.dart:895:9: Error: The getter 'AppLocalizations' isn't defined for the type '_AIAnalysisHistoryPageState'.
 - '_AIAnalysisHistoryPageState' is from 'package:thoughtecho/pages/ai_analysis_history_page_clean.dart' ('lib/pages/ai_analysis_history_page_clean.dart').
Try correcting the name to the name of an existing getter, or defining a getter or field named 'AppLocalizations'.
        AppLocalizations.of(context).monthFeb,
        ^^^^^^^^^^^^^^^^
lib/pages/ai_analysis_history_page_clean.dart:896:9: Error: The getter 'AppLocalizations' isn't defined for the type '_AIAnalysisHistoryPageState'.
 - '_AIAnalysisHistoryPageState' is from 'package:thoughtecho/pages/ai_analysis_history_page_clean.dart' ('lib/pages/ai_analysis_history_page_clean.dart').
Try correcting the name to the name of an existing getter, or defining a getter or field named 'AppLocalizations'.
        AppLocalizations.of(context).monthMar,
        ^^^^^^^^^^^^^^^^
lib/pages/ai_analysis_history_page_clean.dart:897:9: Error: The getter 'AppLocalizations' isn't defined for the type '_AIAnalysisHistoryPageState'.
 - '_AIAnalysisHistoryPageState' is from 'package:thoughtecho/pages/ai_analysis_history_page_clean.dart' ('lib/pages/ai_analysis_history_page_clean.dart').
Try correcting the name to the name of an existing getter, or defining a getter or field named 'AppLocalizations'.
        AppLocalizations.of(context).monthApr,
        ^^^^^^^^^^^^^^^^
lib/pages/ai_analysis_history_page_clean.dart:898:9: Error: The getter 'AppLocalizations' isn't defined for the type '_AIAnalysisHistoryPageState'.
 - '_AIAnalysisHistoryPageState' is from 'package:thoughtecho/pages/ai_analysis_history_page_clean.dart' ('lib/pages/ai_analysis_history_page_clean.dart').
Try correcting the name to the name of an existing getter, or defining a getter or field named 'AppLocalizations'.
        AppLocalizations.of(context).monthMay,
        ^^^^^^^^^^^^^^^^
lib/pages/ai_analysis_history_page_clean.dart:899:9: Error: The getter 'AppLocalizations' isn't defined for the type '_AIAnalysisHistoryPageState'.
 - '_AIAnalysisHistoryPageState' is from 'package:thoughtecho/pages/ai_analysis_history_page_clean.dart' ('lib/pages/ai_analysis_history_page_clean.dart').
Try correcting the name to the name of an existing getter, or defining a getter or field named 'AppLocalizations'.
        AppLocalizations.of(context).monthJun,
        ^^^^^^^^^^^^^^^^
lib/pages/ai_analysis_history_page_clean.dart:900:9: Error: The getter 'AppLocalizations' isn't defined for the type '_AIAnalysisHistoryPageState'.
 - '_AIAnalysisHistoryPageState' is from 'package:thoughtecho/pages/ai_analysis_history_page_clean.dart' ('lib/pages/ai_analysis_history_page_clean.dart').
Try correcting the name to the name of an existing getter, or defining a getter or field named 'AppLocalizations'.
        AppLocalizations.of(context).monthJul,
        ^^^^^^^^^^^^^^^^
lib/pages/ai_analysis_history_page_clean.dart:901:9: Error: The getter 'AppLocalizations' isn't defined for the type '_AIAnalysisHistoryPageState'.
 - '_AIAnalysisHistoryPageState' is from 'package:thoughtecho/pages/ai_analysis_history_page_clean.dart' ('lib/pages/ai_analysis_history_page_clean.dart').
Try correcting the name to the name of an existing getter, or defining a getter or field named 'AppLocalizations'.
        AppLocalizations.of(context).monthAug,
        ^^^^^^^^^^^^^^^^
lib/pages/ai_analysis_history_page_clean.dart:902:9: Error: The getter 'AppLocalizations' isn't defined for the type '_AIAnalysisHistoryPageState'.
 - '_AIAnalysisHistoryPageState' is from 'package:thoughtecho/pages/ai_analysis_history_page_clean.dart' ('lib/pages/ai_analysis_history_page_clean.dart').
Try correcting the name to the name of an existing getter, or defining a getter or field named 'AppLocalizations'.
        AppLocalizations.of(context).monthSep,
        ^^^^^^^^^^^^^^^^
lib/pages/ai_analysis_history_page_clean.dart:903:9: Error: The getter 'AppLocalizations' isn't defined for the type '_AIAnalysisHistoryPageState'.
 - '_AIAnalysisHistoryPageState' is from 'package:thoughtecho/pages/ai_analysis_history_page_clean.dart' ('lib/pages/ai_analysis_history_page_clean.dart').
Try correcting the name to the name of an existing getter, or defining a getter or field named 'AppLocalizations'.
        AppLocalizations.of(context).monthOct,
        ^^^^^^^^^^^^^^^^
lib/pages/ai_analysis_history_page_clean.dart:904:9: Error: The getter 'AppLocalizations' isn't defined for the type '_AIAnalysisHistoryPageState'.
 - '_AIAnalysisHistoryPageState' is from 'package:thoughtecho/pages/ai_analysis_history_page_clean.dart' ('lib/pages/ai_analysis_history_page_clean.dart').
Try correcting the name to the name of an existing getter, or defining a getter or field named 'AppLocalizations'.
        AppLocalizations.of(context).monthNov,
        ^^^^^^^^^^^^^^^^
lib/pages/ai_analysis_history_page_clean.dart:905:9: Error: The getter 'AppLocalizations' isn't defined for the type '_AIAnalysisHistoryPageState'.
 - '_AIAnalysisHistoryPageState' is from 'package:thoughtecho/pages/ai_analysis_history_page_clean.dart' ('lib/pages/ai_analysis_history_page_clean.dart').
Try correcting the name to the name of an existing getter, or defining a getter or field named 'AppLocalizations'.
        AppLocalizations.of(context).monthDec,
        ^^^^^^^^^^^^^^^^
lib/pages/ai_analysis_history_page_clean.dart:988:21: Error: The getter 'AppLocalizations' isn't defined for the type '_AIAnalysisHistoryPageState'.
 - '_AIAnalysisHistoryPageState' is from 'package:thoughtecho/pages/ai_analysis_history_page_clean.dart' ('lib/pages/ai_analysis_history_page_clean.dart').
Try correcting the name to the name of an existing getter, or defining a getter or field named 'AppLocalizations'.
        title: Text(AppLocalizations.of(context).aiAnalysis),
                    ^^^^^^^^^^^^^^^^
lib/pages/ai_analysis_history_page_clean.dart:993:22: Error: The getter 'AppLocalizations' isn't defined for the type '_AIAnalysisHistoryPageState'.
 - '_AIAnalysisHistoryPageState' is from 'package:thoughtecho/pages/ai_analysis_history_page_clean.dart' ('lib/pages/ai_analysis_history_page_clean.dart').
Try correcting the name to the name of an existing getter, or defining a getter or field named 'AppLocalizations'.
            tooltip: AppLocalizations.of(context).refresh,
                     ^^^^^^^^^^^^^^^^
lib/pages/ai_analysis_history_page_clean.dart:998:22: Error: The getter 'AppLocalizations' isn't defined for the type '_AIAnalysisHistoryPageState'.
 - '_AIAnalysisHistoryPageState' is from 'package:thoughtecho/pages/ai_analysis_history_page_clean.dart' ('lib/pages/ai_analysis_history_page_clean.dart').
Try correcting the name to the name of an existing getter, or defining a getter or field named 'AppLocalizations'.
            tooltip: AppLocalizations.of(context).annualReport,
                     ^^^^^^^^^^^^^^^^
lib/pages/ai_analysis_history_page_clean.dart:1014:28: Error: The getter 'AppLocalizations' isn't defined for the type '_AIAnalysisHistoryPageState'.
 - '_AIAnalysisHistoryPageState' is from 'package:thoughtecho/pages/ai_analysis_history_page_clean.dart' ('lib/pages/ai_analysis_history_page_clean.dart').
Try correcting the name to the name of an existing getter, or defining a getter or field named 'AppLocalizations'.
                      Text(AppLocalizations.of(context).clearRecords),
                           ^^^^^^^^^^^^^^^^
lib/pages/ai_analysis_history_page_clean.dart:1031:29: Error: The getter 'AppLocalizations' isn't defined for the type '_AIAnalysisHistoryPageState'.
 - '_AIAnalysisHistoryPageState' is from 'package:thoughtecho/pages/ai_analysis_history_page_clean.dart' ('lib/pages/ai_analysis_history_page_clean.dart').
Try correcting the name to the name of an existing getter, or defining a getter or field named 'AppLocalizations'.
                  hintText: AppLocalizations.of(context).searchAnalysisRecords,
                            ^^^^^^^^^^^^^^^^
lib/pages/ai_analysis_history_page_clean.dart:1186:53: Error: The getter 'AppLocalizations' isn't defined for the type '_AIAnalysisHistoryPageState'.
 - '_AIAnalysisHistoryPageState' is from 'package:thoughtecho/pages/ai_analysis_history_page_clean.dart' ('lib/pages/ai_analysis_history_page_clean.dart').
Try correcting the name to the name of an existing getter, or defining a getter or field named 'AppLocalizations'.
                                                    AppLocalizations.of(context)
                                                    ^^^^^^^^^^^^^^^^
lib/pages/logs_page.dart:127:20: Error: The getter 'AppLocalizations' isn't defined for the type '_LogsPageState'.
 - '_LogsPageState' is from 'package:thoughtecho/pages/logs_page.dart' ('lib/pages/logs_page.dart').
Try correcting the name to the name of an existing getter, or defining a getter or field named 'AppLocalizations'.
      final l10n = AppLocalizations.of(context);
                   ^^^^^^^^^^^^^^^^
lib/pages/logs_page.dart:257:27: Error: The getter 'AppLocalizations' isn't defined for the type '_LogsPageState'.
 - '_LogsPageState' is from 'package:thoughtecho/pages/logs_page.dart' ('lib/pages/logs_page.dart').
Try correcting the name to the name of an existing getter, or defining a getter or field named 'AppLocalizations'.
                          AppLocalizations.of(context).logDetailsTitle(
                          ^^^^^^^^^^^^^^^^
lib/pages/logs_page.dart:266:36: Error: The getter 'AppLocalizations' isn't defined for the type '_LogsPageState'.
 - '_LogsPageState' is from 'package:thoughtecho/pages/logs_page.dart' ('lib/pages/logs_page.dart').
Try correcting the name to the name of an existing getter, or defining a getter or field named 'AppLocalizations'.
                          tooltip: AppLocalizations.of(context).logCopyAll,
                                   ^^^^^^^^^^^^^^^^
lib/pages/logs_page.dart:277:23: Error: The getter 'AppLocalizations' isn't defined for the type '_LogsPageState'.
 - '_LogsPageState' is from 'package:thoughtecho/pages/logs_page.dart' ('lib/pages/logs_page.dart').
Try correcting the name to the name of an existing getter, or defining a getter or field named 'AppLocalizations'.
                      AppLocalizations.of(
                      ^^^^^^^^^^^^^^^^
lib/pages/logs_page.dart:294:23: Error: The getter 'AppLocalizations' isn't defined for the type '_LogsPageState'.
 - '_LogsPageState' is from 'package:thoughtecho/pages/logs_page.dart' ('lib/pages/logs_page.dart').
Try correcting the name to the name of an existing getter, or defining a getter or field named 'AppLocalizations'.
                      AppLocalizations.of(context).logMessage,
                      ^^^^^^^^^^^^^^^^
lib/pages/logs_page.dart:316:25: Error: The getter 'AppLocalizations' isn't defined for the type '_LogsPageState'.
 - '_LogsPageState' is from 'package:thoughtecho/pages/logs_page.dart' ('lib/pages/logs_page.dart').
Try correcting the name to the name of an existing getter, or defining a getter or field named 'AppLocalizations'.
                        AppLocalizations.of(context).logError,
                        ^^^^^^^^^^^^^^^^
lib/pages/logs_page.dart:345:25: Error: The getter 'AppLocalizations' isn't defined for the type '_LogsPageState'.
 - '_LogsPageState' is from 'package:thoughtecho/pages/logs_page.dart' ('lib/pages/logs_page.dart').
Try correcting the name to the name of an existing getter, or defining a getter or field named 'AppLocalizations'.
                        AppLocalizations.of(context).logStackTrace,
                        ^^^^^^^^^^^^^^^^
lib/pages/logs_page.dart:375:18: Error: The getter 'AppLocalizations' isn't defined for the type '_LogsPageState'.
 - '_LogsPageState' is from 'package:thoughtecho/pages/logs_page.dart' ('lib/pages/logs_page.dart').
Try correcting the name to the name of an existing getter, or defining a getter or field named 'AppLocalizations'.
    final l10n = AppLocalizations.of(context);
                 ^^^^^^^^^^^^^^^^
lib/pages/logs_page.dart:472:18: Error: The getter 'AppLocalizations' isn't defined for the type '_LogsPageState'.
 - '_LogsPageState' is from 'package:thoughtecho/pages/logs_page.dart' ('lib/pages/logs_page.dart').
Try correcting the name to the name of an existing getter, or defining a getter or field named 'AppLocalizations'.
    final l10n = AppLocalizations.of(context);
                 ^^^^^^^^^^^^^^^^
lib/pages/logs_page.dart:551:20: Error: The getter 'AppLocalizations' isn't defined for the type '_LogsPageState'.
 - '_LogsPageState' is from 'package:thoughtecho/pages/logs_page.dart' ('lib/pages/logs_page.dart').
Try correcting the name to the name of an existing getter, or defining a getter or field named 'AppLocalizations'.
      final l10n = AppLocalizations.of(context);
                   ^^^^^^^^^^^^^^^^
lib/pages/logs_page.dart:727:20: Error: The getter 'AppLocalizations' isn't defined for the type '_LogsPageState'.
 - '_LogsPageState' is from 'package:thoughtecho/pages/logs_page.dart' ('lib/pages/logs_page.dart').
Try correcting the name to the name of an existing getter, or defining a getter or field named 'AppLocalizations'.
      final l10n = AppLocalizations.of(context);
                   ^^^^^^^^^^^^^^^^
lib/pages/logs_page.dart:805:23: Error: The getter 'AppLocalizations' isn't defined for the type '_LogsPageState'.
 - '_LogsPageState' is from 'package:thoughtecho/pages/logs_page.dart' ('lib/pages/logs_page.dart').
Try correcting the name to the name of an existing getter, or defining a getter or field named 'AppLocalizations'.
                      AppLocalizations.of(context).logFilterOptions,
                      ^^^^^^^^^^^^^^^^
lib/pages/logs_page.dart:817:35: Error: The getter 'AppLocalizations' isn't defined for the type '_LogsPageState'.
 - '_LogsPageState' is from 'package:thoughtecho/pages/logs_page.dart' ('lib/pages/logs_page.dart').
Try correcting the name to the name of an existing getter, or defining a getter or field named 'AppLocalizations'.
                      child: Text(AppLocalizations.of(context).logFilterReset),
                                  ^^^^^^^^^^^^^^^^
lib/pages/logs_page.dart:830:23: Error: The getter 'AppLocalizations' isn't defined for the type '_LogsPageState'.
 - '_LogsPageState' is from 'package:thoughtecho/pages/logs_page.dart' ('lib/pages/logs_page.dart').
Try correcting the name to the name of an existing getter, or defining a getter or field named 'AppLocalizations'.
                      AppLocalizations.of(context).logFilterByLevel,
                      ^^^^^^^^^^^^^^^^
lib/pages/logs_page.dart:868:23: Error: The getter 'AppLocalizations' isn't defined for the type '_LogsPageState'.
 - '_LogsPageState' is from 'package:thoughtecho/pages/logs_page.dart' ('lib/pages/logs_page.dart').
Try correcting the name to the name of an existing getter, or defining a getter or field named 'AppLocalizations'.
                      AppLocalizations.of(context).logFilterBySource,
                      ^^^^^^^^^^^^^^^^
lib/pages/logs_page.dart:875:35: Error: The getter 'AppLocalizations' isn't defined for the type '_LogsPageState'.
 - '_LogsPageState' is from 'package:thoughtecho/pages/logs_page.dart' ('lib/pages/logs_page.dart').
Try correcting the name to the name of an existing getter, or defining a getter or field named 'AppLocalizations'.
                        hintText: AppLocalizations.of(
                                  ^^^^^^^^^^^^^^^^
lib/pages/logs_page.dart:907:35: Error: The getter 'AppLocalizations' isn't defined for the type '_LogsPageState'.
 - '_LogsPageState' is from 'package:thoughtecho/pages/logs_page.dart' ('lib/pages/logs_page.dart').
Try correcting the name to the name of an existing getter, or defining a getter or field named 'AppLocalizations'.
                      child: Text(AppLocalizations.of(context).cancel),
                                  ^^^^^^^^^^^^^^^^
lib/pages/logs_page.dart:922:35: Error: The getter 'AppLocalizations' isn't defined for the type '_LogsPageState'.
 - '_LogsPageState' is from 'package:thoughtecho/pages/logs_page.dart' ('lib/pages/logs_page.dart').
Try correcting the name to the name of an existing getter, or defining a getter or field named 'AppLocalizations'.
                      child: Text(AppLocalizations.of(context).logFilterApply),
                                  ^^^^^^^^^^^^^^^^
lib/pages/logs_page.dart:936:18: Error: The getter 'AppLocalizations' isn't defined for the type '_LogsPageState'.
 - '_LogsPageState' is from 'package:thoughtecho/pages/logs_page.dart' ('lib/pages/logs_page.dart').
Try correcting the name to the name of an existing getter, or defining a getter or field named 'AppLocalizations'.
    final l10n = AppLocalizations.of(context);
                 ^^^^^^^^^^^^^^^^
lib/pages/logs_page.dart:1092:19: Error: The getter 'AppLocalizations' isn't defined for the type '_LogEntryItem'.
 - '_LogEntryItem' is from 'package:thoughtecho/pages/logs_page.dart' ('lib/pages/logs_page.dart').
Try correcting the name to the name of an existing getter, or defining a getter or field named 'AppLocalizations'.
                  AppLocalizations.of(context).logContainsError,
                  ^^^^^^^^^^^^^^^^
lib/widgets/unified_media_import_dialog.dart:38:32: Error: The getter 'AppLocalizations' isn't defined for the type '_UnifiedMediaImportDialogState'.
 - '_UnifiedMediaImportDialogState' is from 'package:thoughtecho/widgets/unified_media_import_dialog.dart' ('lib/widgets/unified_media_import_dialog.dart').
Try correcting the name to the name of an existing getter, or defining a getter or field named 'AppLocalizations'.
  AppLocalizations get l10n => AppLocalizations.of(context);
                               ^^^^^^^^^^^^^^^^
00:15 +0: loading /app/test/unit/services/ai_card_generation_service_isolate_test.dart                                                                                                                 00:16 +0: loading /app/test/unit/services/ai_card_generation_service_isolate_test.dart                                                                                                                 00:17 +0: loading /app/test/unit/services/ai_card_generation_service_isolate_test.dart                                                                                                                 00:18 +0: loading /app/test/unit/services/ai_card_generation_service_isolate_test.dart                                                                                                                 00:19 +0: loading /app/test/unit/services/ai_card_generation_service_isolate_test.dart                                                                                                                 00:20 +0: loading /app/test/unit/services/ai_card_generation_service_isolate_test.dart                                                                                                                 00:21 +0: loading /app/test/unit/services/ai_card_generation_service_isolate_test.dart                                                                                                                 00:22 +0: loading /app/test/unit/services/ai_card_generation_service_isolate_test.dart                                                                                                                 00:23 +0: loading /app/test/unit/services/ai_card_generation_service_isolate_test.dart                                                                                                                 00:23 +0 -1: loading /app/test/unit/services/ai_card_generation_service_isolate_test.dart [E]
  Failed to load "/app/test/unit/services/ai_card_generation_service_isolate_test.dart":
  Compilation failed for testPath=/app/test/unit/services/ai_card_generation_service_isolate_test.dart: lib/services/ai_service.dart:12:8: Error: Error when reading 'lib/gen_l10n/app_localizations.dart': No such file or directory
  import '../gen_l10n/app_localizations.dart';
         ^
  lib/utils/daily_prompt_generator.dart:3:8: Error: Error when reading 'lib/gen_l10n/app_localizations.dart': No such file or directory
  import '../gen_l10n/app_localizations.dart';
         ^
  lib/services/weather_service.dart:6:8: Error: Error when reading 'lib/gen_l10n/app_localizations.dart': No such file or directory
  import '../gen_l10n/app_localizations.dart';
         ^
  lib/utils/time_utils.dart:3:8: Error: Error when reading 'lib/gen_l10n/app_localizations.dart': No such file or directory
  import '../gen_l10n/app_localizations.dart';
         ^
  lib/main.dart:10:8: Error: Error when reading 'lib/gen_l10n/app_localizations.dart': No such file or directory
  import 'package:thoughtecho/gen_l10n/app_localizations.dart';
         ^
  lib/models/weather_data.dart:2:8: Error: Error when reading 'lib/gen_l10n/app_localizations.dart': No such file or directory
  import 'package:thoughtecho/gen_l10n/app_localizations.dart';
         ^
  lib/services/apk_download_service.dart:8:8: Error: Error when reading 'lib/gen_l10n/app_localizations.dart': No such file or directory
  import '../gen_l10n/app_localizations.dart';
         ^
  lib/pages/home_page.dart:35:8: Error: Error when reading 'lib/gen_l10n/app_localizations.dart': No such file or directory
  import '../gen_l10n/app_localizations.dart';
         ^
  lib/pages/onboarding_page.dart:5:8: Error: Error when reading 'lib/gen_l10n/app_localizations.dart': No such file or directory
  import '../gen_l10n/app_localizations.dart';
         ^
  lib/pages/backup_restore_page.dart:3:8: Error: Error when reading 'lib/gen_l10n/app_localizations.dart': No such file or directory
  import '../gen_l10n/app_localizations.dart';
         ^
  lib/widgets/media_player_widget.dart:10:8: Error: Error when reading 'lib/gen_l10n/app_localizations.dart': No such file or directory
  import '../gen_l10n/app_localizations.dart';
         ^
  lib/widgets/add_note_dialog.dart:5:8: Error: Error when reading 'lib/gen_l10n/app_localizations.dart': No such file or directory
  import '../gen_l10n/app_localizations.dart';
         ^
  lib/widgets/update_dialog.dart:7:8: Error: Error when reading 'lib/gen_l10n/app_localizations.dart': No such file or directory
  import '../gen_l10n/app_localizations.dart';
         ^
  lib/widgets/daily_quote_view.dart:12:8: Error: Error when reading 'lib/gen_l10n/app_localizations.dart': No such file or directory
  import '../gen_l10n/app_localizations.dart';
         ^
  lib/widgets/note_list_view.dart:7:8: Error: Error when reading 'lib/gen_l10n/app_localizations.dart': No such file or directory
  import '../gen_l10n/app_localizations.dart';
         ^
  lib/widgets/local_ai/ocr_capture_page.dart:3:8: Error: Error when reading 'lib/gen_l10n/app_localizations.dart': No such file or directory
  import '../../gen_l10n/app_localizations.dart';
         ^
  lib/widgets/local_ai/ocr_result_sheet.dart:2:8: Error: Error when reading 'lib/gen_l10n/app_localizations.dart': No such file or directory
  import '../../gen_l10n/app_localizations.dart';
         ^
  lib/widgets/local_ai/voice_input_overlay.dart:4:8: Error: Error when reading 'lib/gen_l10n/app_localizations.dart': No such file or directory
  import '../../gen_l10n/app_localizations.dart';
         ^
  lib/pages/ai_features_page.dart:2:8: Error: Error when reading 'lib/gen_l10n/app_localizations.dart': No such file or directory
  import '../gen_l10n/app_localizations.dart';
         ^
  lib/pages/settings_page.dart:4:8: Error: Error when reading 'lib/gen_l10n/app_localizations.dart': No such file or directory
  import 'package:thoughtecho/gen_l10n/app_localizations.dart';
         ^
  lib/pages/note_qa_chat_page.dart:10:8: Error: Error when reading 'lib/gen_l10n/app_localizations.dart': No such file or directory
  import '../gen_l10n/app_localizations.dart';
         ^
  lib/pages/note_full_editor_page.dart:7:8: Error: Error when reading 'lib/gen_l10n/app_localizations.dart': No such file or directory
  import '../gen_l10n/app_localizations.dart';
         ^
  lib/widgets/svg_card_widget.dart:4:8: Error: Error when reading 'lib/gen_l10n/app_localizations.dart': No such file or directory
  import '../gen_l10n/app_localizations.dart';
         ^
  lib/config/onboarding_config.dart:4:8: Error: Error when reading 'lib/gen_l10n/app_localizations.dart': No such file or directory
  import '../gen_l10n/app_localizations.dart';
         ^
  lib/widgets/onboarding/page_views.dart:3:8: Error: Error when reading 'lib/gen_l10n/app_localizations.dart': No such file or directory
  import '../../gen_l10n/app_localizations.dart';
         ^
  lib/widgets/onboarding/preferences_page_view.dart:4:8: Error: Error when reading 'lib/gen_l10n/app_localizations.dart': No such file or directory
  import '../../gen_l10n/app_localizations.dart';
         ^
  lib/widgets/accessible_color_grid.dart:2:8: Error: Error when reading 'lib/gen_l10n/app_localizations.dart': No such file or directory
  import '../gen_l10n/app_localizations.dart';
         ^
  lib/widgets/add_note_ai_menu.dart:10:8: Error: Error when reading 'lib/gen_l10n/app_localizations.dart': No such file or directory
  import '../gen_l10n/app_localizations.dart';
         ^
  lib/widgets/add_note_dialog_parts.dart:2:8: Error: Error when reading 'lib/gen_l10n/app_localizations.dart': No such file or directory
  import '../gen_l10n/app_localizations.dart';
         ^
  lib/utils/icon_utils.dart:2:8: Error: Error when reading 'lib/gen_l10n/app_localizations.dart': No such file or directory
  import '../gen_l10n/app_localizations.dart';
         ^
  lib/services/api_service.dart:6:8: Error: Error when reading 'lib/gen_l10n/app_localizations.dart': No such file or directory
  import '../gen_l10n/app_localizations.dart';
         ^
  lib/widgets/quote_item_widget.dart:13:8: Error: Error when reading 'lib/gen_l10n/app_localizations.dart': No such file or directory
  import '../gen_l10n/app_localizations.dart';
         ^
  lib/widgets/note_filter_sort_sheet.dart:8:8: Error: Error when reading 'lib/gen_l10n/app_localizations.dart': No such file or directory
  import '../gen_l10n/app_localizations.dart';
         ^
  lib/widgets/local_ai/ai_action_buttons.dart:2:8: Error: Error when reading 'lib/gen_l10n/app_localizations.dart': No such file or directory
  import '../../gen_l10n/app_localizations.dart';
         ^
  lib/pages/insights_page.dart:4:8: Error: Error when reading 'lib/gen_l10n/app_localizations.dart': No such file or directory
  import '../gen_l10n/app_localizations.dart';
         ^
  lib/pages/ai_periodic_report_page.dart:23:8: Error: Error when reading 'lib/gen_l10n/app_localizations.dart': No such file or directory
  import '../gen_l10n/app_localizations.dart';
         ^
  lib/pages/ai_settings_page.dart:13:8: Error: Error when reading 'lib/gen_l10n/app_localizations.dart': No such file or directory
  import '../gen_l10n/app_localizations.dart';
         ^
  lib/pages/hitokoto_settings_page.dart:6:8: Error: Error when reading 'lib/gen_l10n/app_localizations.dart': No such file or directory
  import '../gen_l10n/app_localizations.dart';
         ^
  lib/pages/theme_settings_page.dart:6:8: Error: Error when reading 'lib/gen_l10n/app_localizations.dart': No such file or directory
  import '../gen_l10n/app_localizations.dart';
         ^
  lib/pages/logs_settings_page.dart:6:8: Error: Error when reading 'lib/gen_l10n/app_localizations.dart': No such file or directory
  import '../gen_l10n/app_localizations.dart';
         ^
  lib/pages/note_sync_page.dart:10:8: Error: Error when reading 'lib/gen_l10n/app_localizations.dart': No such file or directory
  import '../gen_l10n/app_localizations.dart';
         ^
  lib/widgets/city_search_widget.dart:4:8: Error: Error when reading 'lib/gen_l10n/app_localizations.dart': No such file or directory
  import '../gen_l10n/app_localizations.dart';
         ^
  lib/pages/category_settings_page.dart:8:8: Error: Error when reading 'lib/gen_l10n/app_localizations.dart': No such file or directory
  import '../gen_l10n/app_localizations.dart';
         ^
  lib/pages/annual_report_page.dart:11:8: Error: Error when reading 'lib/gen_l10n/app_localizations.dart': No such file or directory
  import '../gen_l10n/app_localizations.dart';
         ^
  lib/pages/ai_annual_report_webview.dart:11:8: Error: Error when reading 'lib/gen_l10n/app_localizations.dart': No such file or directory
  import '../gen_l10n/app_localizations.dart';
         ^
  lib/pages/license_page.dart:7:8: Error: Error when reading 'lib/gen_l10n/app_localizations.dart': No such file or directory
  import '../gen_l10n/app_localizations.dart';
         ^
  lib/pages/preferences_detail_page.dart:4:8: Error: Error when reading 'lib/gen_l10n/app_localizations.dart': No such file or directory
  import '../gen_l10n/app_localizations.dart';
         ^
  lib/pages/user_guide_page.dart:5:8: Error: Error when reading 'lib/gen_l10n/app_localizations.dart': No such file or directory
  import 'package:thoughtecho/gen_l10n/app_localizations.dart';
         ^
  lib/pages/storage_management_page.dart:11:8: Error: Error when reading 'lib/gen_l10n/app_localizations.dart': No such file or directory
  import '../gen_l10n/app_localizations.dart';
         ^
  lib/pages/local_ai_settings_page.dart:3:8: Error: Error when reading 'lib/gen_l10n/app_localizations.dart': No such file or directory
  import '../gen_l10n/app_localizations.dart';
         ^
  lib/pages/smart_push_settings_page.dart:3:8: Error: Error when reading 'lib/gen_l10n/app_localizations.dart': No such file or directory
  import '../gen_l10n/app_localizations.dart';
         ^
  lib/widgets/streaming_text_dialog.dart:4:8: Error: Error when reading 'lib/gen_l10n/app_localizations.dart': No such file or directory
  import 'package:thoughtecho/gen_l10n/app_localizations.dart';
         ^
  lib/models/feature_guide.dart:2:8: Error: Error when reading 'lib/gen_l10n/app_localizations.dart': No such file or directory
  import '../gen_l10n/app_localizations.dart';
         ^
  lib/pages/ai_analysis_history_page_clean.dart:5:8: Error: Error when reading 'lib/gen_l10n/app_localizations.dart': No such file or directory
  import '../gen_l10n/app_localizations.dart';
         ^
  lib/pages/logs_page.dart:13:8: Error: Error when reading 'lib/gen_l10n/app_localizations.dart': No such file or directory
  import '../gen_l10n/app_localizations.dart';
         ^
  lib/widgets/unified_media_import_dialog.dart:12:8: Error: Error when reading 'lib/gen_l10n/app_localizations.dart': No such file or directory
  import '../gen_l10n/app_localizations.dart';
         ^
  lib/services/ai_service.dart:389:5: Error: Type 'AppLocalizations' not found.
      AppLocalizations l10n, {
      ^^^^^^^^^^^^^^^^
  lib/services/ai_service.dart:477:30: Error: Type 'AppLocalizations' not found.
    String generateDailyPrompt(AppLocalizations l10n) {
                               ^^^^^^^^^^^^^^^^
  lib/utils/daily_prompt_generator.dart:7:34: Error: Type 'AppLocalizations' not found.
    static String getDefaultPrompt(AppLocalizations l10n) {
                                   ^^^^^^^^^^^^^^^^
  lib/utils/daily_prompt_generator.dart:34:5: Error: Type 'AppLocalizations' not found.
      AppLocalizations l10n, {
      ^^^^^^^^^^^^^^^^
  lib/utils/daily_prompt_generator.dart:102:5: Error: Type 'AppLocalizations' not found.
      AppLocalizations l10n,
      ^^^^^^^^^^^^^^^^
  lib/utils/daily_prompt_generator.dart:144:5: Error: Type 'AppLocalizations' not found.
      AppLocalizations l10n,
      ^^^^^^^^^^^^^^^^
  lib/utils/daily_prompt_generator.dart:193:5: Error: Type 'AppLocalizations' not found.
      AppLocalizations l10n,
      ^^^^^^^^^^^^^^^^
  lib/utils/daily_prompt_generator.dart:228:5: Error: Type 'AppLocalizations' not found.
      AppLocalizations l10n,
      ^^^^^^^^^^^^^^^^
  lib/services/weather_service.dart:214:30: Error: Type 'AppLocalizations' not found.
    String getFormattedWeather(AppLocalizations l10n) {
                               ^^^^^^^^^^^^^^^^
  lib/services/weather_service.dart:236:5: Error: Type 'AppLocalizations' not found.
      AppLocalizations l10n,
      ^^^^^^^^^^^^^^^^
  lib/models/weather_data.dart:27:24: Error: Type 'AppLocalizations' not found.
    String formattedText(AppLocalizations l10n) {
                         ^^^^^^^^^^^^^^^^
  lib/models/weather_data.dart:219:41: Error: Type 'AppLocalizations' not found.
    static String getLocalizedDescription(AppLocalizations l10n, String key) {
                                          ^^^^^^^^^^^^^^^^
  lib/pages/backup_restore_page.dart:30:3: Error: Type 'AppLocalizations' not found.
    AppLocalizations get l10n => AppLocalizations.of(context);
    ^^^^^^^^^^^^^^^^
  lib/widgets/media_player_widget.dart:33:3: Error: Type 'AppLocalizations' not found.
    AppLocalizations get l10n => AppLocalizations.of(context);
    ^^^^^^^^^^^^^^^^
  lib/pages/note_qa_chat_page.dart:27:3: Error: Type 'AppLocalizations' not found.
    AppLocalizations get l10n => AppLocalizations.of(context);
    ^^^^^^^^^^^^^^^^
  lib/widgets/onboarding/page_views.dart:250:57: Error: Type 'AppLocalizations' not found.
    Widget _buildCompactLanguageSelector(ThemeData theme, AppLocalizations l10n) {
                                                          ^^^^^^^^^^^^^^^^
  lib/utils/icon_utils.dart:191:5: Error: Type 'AppLocalizations' not found.
      AppLocalizations l10n,
      ^^^^^^^^^^^^^^^^
  lib/utils/icon_utils.dart:219:5: Error: Type 'AppLocalizations' not found.
      AppLocalizations l10n,
      ^^^^^^^^^^^^^^^^
  lib/services/api_service.dart:31:47: Error: Type 'AppLocalizations' not found.
    static Map<String, String> getHitokotoTypes(AppLocalizations l10n) {
                                                ^^^^^^^^^^^^^^^^
  lib/services/api_service.dart:52:5: Error: Type 'AppLocalizations' not found.
      AppLocalizations l10n,
      ^^^^^^^^^^^^^^^^
  lib/services/api_service.dart:134:5: Error: Type 'AppLocalizations' not found.
      AppLocalizations l10n,
      ^^^^^^^^^^^^^^^^
  lib/services/api_service.dart:168:48: Error: Type 'AppLocalizations' not found.
    static Map<String, dynamic> _getDefaultQuote(AppLocalizations l10n) {
                                                 ^^^^^^^^^^^^^^^^
  lib/widgets/note_filter_sort_sheet.dart:47:40: Error: Type 'AppLocalizations' not found.
    String _getSortTypeLabel(String key, AppLocalizations l10n) {
                                         ^^^^^^^^^^^^^^^^
  lib/widgets/note_filter_sort_sheet.dart:298:44: Error: Type 'AppLocalizations' not found.
    Widget _buildTagsFilter(ThemeData theme, AppLocalizations l10n) {
                                             ^^^^^^^^^^^^^^^^
  lib/widgets/note_filter_sort_sheet.dart:374:5: Error: Type 'AppLocalizations' not found.
      AppLocalizations l10n,
      ^^^^^^^^^^^^^^^^
  lib/widgets/note_filter_sort_sheet.dart:501:45: Error: Type 'AppLocalizations' not found.
    Widget _buildSortOptions(ThemeData theme, AppLocalizations l10n) {
                                              ^^^^^^^^^^^^^^^^
  lib/pages/insights_page.dart:43:48: Error: Type 'AppLocalizations' not found.
    List<Map<String, dynamic>> _getAnalysisTypes(AppLocalizations l10n) {
                                                 ^^^^^^^^^^^^^^^^
  lib/pages/insights_page.dart:73:49: Error: Type 'AppLocalizations' not found.
    List<Map<String, dynamic>> _getAnalysisStyles(AppLocalizations l10n) {
                                                  ^^^^^^^^^^^^^^^^
  lib/pages/ai_periodic_report_page.dart:544:5: Error: Type 'AppLocalizations' not found.
      AppLocalizations l10n, {
      ^^^^^^^^^^^^^^^^
  lib/pages/ai_periodic_report_page.dart:719:25: Error: Type 'AppLocalizations' not found.
    String _getPeriodName(AppLocalizations l10n) {
                          ^^^^^^^^^^^^^^^^
  lib/pages/ai_periodic_report_page.dart:732:28: Error: Type 'AppLocalizations' not found.
    String _getDateRangeText(AppLocalizations l10n) {
                             ^^^^^^^^^^^^^^^^
  lib/pages/ai_settings_page.dart:59:43: Error: Type 'AppLocalizations' not found.
    List<Map<String, String>> _getAiPresets(AppLocalizations l10n) {
                                            ^^^^^^^^^^^^^^^^
  lib/pages/hitokoto_settings_page.dart:455:54: Error: Type 'AppLocalizations' not found.
    List<Widget> _buildHelpItems(BuildContext context, AppLocalizations l10n) {
                                                       ^^^^^^^^^^^^^^^^
  lib/pages/note_sync_page.dart:1275:54: Error: Type 'AppLocalizations' not found.
    String _localizeProgressMessage(String rawMessage, AppLocalizations l10n) {
                                                       ^^^^^^^^^^^^^^^^
  lib/pages/note_sync_page.dart:1305:48: Error: Type 'AppLocalizations' not found.
    String _getSyncStatusText(SyncStatus status, AppLocalizations l10n) {
                                                 ^^^^^^^^^^^^^^^^
  lib/widgets/city_search_widget.dart:362:5: Error: Type 'AppLocalizations' not found.
      AppLocalizations l10n,
      ^^^^^^^^^^^^^^^^
  lib/pages/annual_report_page.dart:1516:5: Error: Type 'AppLocalizations' not found.
      AppLocalizations l10n,
      ^^^^^^^^^^^^^^^^
  lib/pages/ai_annual_report_webview.dart:29:3: Error: Type 'AppLocalizations' not found.
    AppLocalizations get l10n => AppLocalizations.of(context);
    ^^^^^^^^^^^^^^^^
  lib/pages/storage_management_page.dart:453:5: Error: Type 'AppLocalizations' not found.
      AppLocalizations l10n,
      ^^^^^^^^^^^^^^^^
  lib/pages/storage_management_page.dart:602:5: Error: Type 'AppLocalizations' not found.
      AppLocalizations l10n,
      ^^^^^^^^^^^^^^^^
  lib/pages/storage_management_page.dart:635:5: Error: Type 'AppLocalizations' not found.
      AppLocalizations l10n,
      ^^^^^^^^^^^^^^^^
  lib/pages/storage_management_page.dart:673:5: Error: Type 'AppLocalizations' not found.
      AppLocalizations l10n,
      ^^^^^^^^^^^^^^^^
  lib/pages/storage_management_page.dart:708:55: Error: Type 'AppLocalizations' not found.
    Widget _buildActionButtons(ColorScheme colorScheme, AppLocalizations l10n) {
                                                        ^^^^^^^^^^^^^^^^
  lib/pages/storage_management_page.dart:952:5: Error: Type 'AppLocalizations' not found.
      AppLocalizations l10n,
      ^^^^^^^^^^^^^^^^
  lib/pages/smart_push_settings_page.dart:297:7: Error: Type 'AppLocalizations' not found.
        AppLocalizations l10n, ThemeData theme, ColorScheme colorScheme) {
        ^^^^^^^^^^^^^^^^
  lib/pages/smart_push_settings_page.dart:412:7: Error: Type 'AppLocalizations' not found.
        AppLocalizations l10n, ThemeData theme, ColorScheme colorScheme) {
        ^^^^^^^^^^^^^^^^
  lib/pages/smart_push_settings_page.dart:586:7: Error: Type 'AppLocalizations' not found.
        AppLocalizations l10n, ThemeData theme, ColorScheme colorScheme) {
        ^^^^^^^^^^^^^^^^
  lib/pages/smart_push_settings_page.dart:632:5: Error: Type 'AppLocalizations' not found.
      AppLocalizations l10n,
      ^^^^^^^^^^^^^^^^
  lib/pages/smart_push_settings_page.dart:740:7: Error: Type 'AppLocalizations' not found.
        AppLocalizations l10n, ThemeData theme, ColorScheme colorScheme) {
        ^^^^^^^^^^^^^^^^
  lib/pages/smart_push_settings_page.dart:792:7: Error: Type 'AppLocalizations' not found.
        AppLocalizations l10n, ThemeData theme, ColorScheme colorScheme) {
        ^^^^^^^^^^^^^^^^
  lib/pages/smart_push_settings_page.dart:995:7: Error: Type 'AppLocalizations' not found.
        AppLocalizations l10n, ThemeData theme, ColorScheme colorScheme) {
        ^^^^^^^^^^^^^^^^
  lib/pages/smart_push_settings_page.dart:1020:7: Error: Type 'AppLocalizations' not found.
        AppLocalizations l10n, ThemeData theme, ColorScheme colorScheme) {
        ^^^^^^^^^^^^^^^^
  lib/pages/smart_push_settings_page.dart:1066:29: Error: Type 'AppLocalizations' not found.
    String _getFrequencyLabel(AppLocalizations l10n, PushFrequency freq) {
                              ^^^^^^^^^^^^^^^^
  lib/pages/smart_push_settings_page.dart:1096:32: Error: Type 'AppLocalizations' not found.
    String _getPastNoteTypeLabel(AppLocalizations l10n, PastNoteType type) {
                                 ^^^^^^^^^^^^^^^^
  lib/pages/smart_push_settings_page.dart:1128:27: Error: Type 'AppLocalizations' not found.
    String _getWeatherLabel(AppLocalizations l10n, WeatherFilterType weather) {
                            ^^^^^^^^^^^^^^^^
  lib/pages/smart_push_settings_page.dart:1173:7: Error: Type 'AppLocalizations' not found.
        AppLocalizations l10n, ThemeData theme, ColorScheme colorScheme) {
        ^^^^^^^^^^^^^^^^
  lib/pages/smart_push_settings_page.dart:1261:7: Error: Type 'AppLocalizations' not found.
        AppLocalizations l10n, ThemeData theme, ColorScheme colorScheme) {
        ^^^^^^^^^^^^^^^^
  lib/pages/smart_push_settings_page.dart:1446:14: Error: Type 'AppLocalizations' not found.
      required AppLocalizations l10n,
               ^^^^^^^^^^^^^^^^
  lib/pages/smart_push_settings_page.dart:1516:14: Error: Type 'AppLocalizations' not found.
      required AppLocalizations l10n,
               ^^^^^^^^^^^^^^^^
  lib/widgets/streaming_text_dialog.dart:30:3: Error: Type 'AppLocalizations' not found.
    AppLocalizations get l10n => AppLocalizations.of(context);
    ^^^^^^^^^^^^^^^^
  lib/widgets/unified_media_import_dialog.dart:38:3: Error: Type 'AppLocalizations' not found.
    AppLocalizations get l10n => AppLocalizations.of(context);
    ^^^^^^^^^^^^^^^^
  lib/services/ai_service.dart:389:5: Error: 'AppLocalizations' isn't a type.
      AppLocalizations l10n, {
      ^^^^^^^^^^^^^^^^
  lib/services/ai_service.dart:477:30: Error: 'AppLocalizations' isn't a type.
    String generateDailyPrompt(AppLocalizations l10n) {
                               ^^^^^^^^^^^^^^^^
  lib/utils/daily_prompt_generator.dart:7:34: Error: 'AppLocalizations' isn't a type.
    static String getDefaultPrompt(AppLocalizations l10n) {
                                   ^^^^^^^^^^^^^^^^
  lib/utils/daily_prompt_generator.dart:34:5: Error: 'AppLocalizations' isn't a type.
      AppLocalizations l10n, {
      ^^^^^^^^^^^^^^^^
  lib/utils/daily_prompt_generator.dart:102:5: Error: 'AppLocalizations' isn't a type.
      AppLocalizations l10n,
      ^^^^^^^^^^^^^^^^
  lib/utils/daily_prompt_generator.dart:144:5: Error: 'AppLocalizations' isn't a type.
      AppLocalizations l10n,
      ^^^^^^^^^^^^^^^^
  lib/utils/daily_prompt_generator.dart:193:5: Error: 'AppLocalizations' isn't a type.
      AppLocalizations l10n,
      ^^^^^^^^^^^^^^^^
  lib/utils/daily_prompt_generator.dart:228:5: Error: 'AppLocalizations' isn't a type.
      AppLocalizations l10n,
      ^^^^^^^^^^^^^^^^
  lib/services/weather_service.dart:214:30: Error: 'AppLocalizations' isn't a type.
    String getFormattedWeather(AppLocalizations l10n) {
                               ^^^^^^^^^^^^^^^^
  lib/services/weather_service.dart:236:5: Error: 'AppLocalizations' isn't a type.
      AppLocalizations l10n,
      ^^^^^^^^^^^^^^^^
  lib/services/weather_service.dart:374:18: Error: Undefined name 'AppLocalizations'.
      final l10n = AppLocalizations.of(context);
                   ^^^^^^^^^^^^^^^^
  lib/utils/time_utils.dart:35:18: Error: Undefined name 'AppLocalizations'.
      final l10n = AppLocalizations.of(context);
                   ^^^^^^^^^^^^^^^^
  lib/main.dart:855:13: Error: Not a constant expression.
              AppLocalizations.delegate,
              ^^^^^^^^^^^^^^^^
  lib/main.dart:861:29: Error: The getter 'AppLocalizations' isn't defined for the type '_MyAppState'.
   - '_MyAppState' is from 'package:thoughtecho/main.dart' ('lib/main.dart').
  Try correcting the name to the name of an existing getter, or defining a getter or field named 'AppLocalizations'.
            supportedLocales: AppLocalizations.supportedLocales,
                              ^^^^^^^^^^^^^^^^
  lib/main.dart:874:18: Error: The getter 'AppLocalizations' isn't defined for the type 'EmergencyRecoveryPage'.
   - 'EmergencyRecoveryPage' is from 'package:thoughtecho/main.dart' ('lib/main.dart').
  Try correcting the name to the name of an existing getter, or defining a getter or field named 'AppLocalizations'.
      final l10n = AppLocalizations.of(context);
                   ^^^^^^^^^^^^^^^^
  lib/main.dart:998:18: Error: The getter 'AppLocalizations' isn't defined for the type 'EmergencyApp'.
   - 'EmergencyApp' is from 'package:thoughtecho/main.dart' ('lib/main.dart').
  Try correcting the name to the name of an existing getter, or defining a getter or field named 'AppLocalizations'.
      final l10n = AppLocalizations.of(context);
                   ^^^^^^^^^^^^^^^^
  lib/main.dart:1027:18: Error: The getter 'AppLocalizations' isn't defined for the type 'EmergencyHomePage'.
   - 'EmergencyHomePage' is from 'package:thoughtecho/main.dart' ('lib/main.dart').
  Try correcting the name to the name of an existing getter, or defining a getter or field named 'AppLocalizations'.
      final l10n = AppLocalizations.of(context);
                   ^^^^^^^^^^^^^^^^
  lib/main.dart:1191:18: Error: The getter 'AppLocalizations' isn't defined for the type '_EmergencyBackupPageState'.
   - '_EmergencyBackupPageState' is from 'package:thoughtecho/main.dart' ('lib/main.dart').
  Try correcting the name to the name of an existing getter, or defining a getter or field named 'AppLocalizations'.
      final l10n = AppLocalizations.of(context);
                   ^^^^^^^^^^^^^^^^
  lib/main.dart:1298:18: Error: The getter 'AppLocalizations' isn't defined for the type '_EmergencyBackupPageState'.
   - '_EmergencyBackupPageState' is from 'package:thoughtecho/main.dart' ('lib/main.dart').
  Try correcting the name to the name of an existing getter, or defining a getter or field named 'AppLocalizations'.
      final l10n = AppLocalizations.of(this.context);
                   ^^^^^^^^^^^^^^^^
  lib/models/weather_data.dart:27:24: Error: 'AppLocalizations' isn't a type.
    String formattedText(AppLocalizations l10n) {
                         ^^^^^^^^^^^^^^^^
  lib/models/weather_data.dart:219:41: Error: 'AppLocalizations' isn't a type.
    static String getLocalizedDescription(AppLocalizations l10n, String key) {
                                          ^^^^^^^^^^^^^^^^
  lib/services/apk_download_service.dart:80:24: Error: Undefined name 'AppLocalizations'.
            final l10n = AppLocalizations.of(context);
                         ^^^^^^^^^^^^^^^^
  lib/services/apk_download_service.dart:108:22: Error: Undefined name 'AppLocalizations'.
          final l10n = AppLocalizations.of(context);
                       ^^^^^^^^^^^^^^^^
  lib/services/apk_download_service.dart:209:18: Error: Undefined name 'AppLocalizations'.
      final l10n = AppLocalizations.of(context);
                   ^^^^^^^^^^^^^^^^
  lib/services/apk_download_service.dart:255:18: Error: Undefined name 'AppLocalizations'.
      final l10n = AppLocalizations.of(context);
                   ^^^^^^^^^^^^^^^^
  lib/services/apk_download_service.dart:303:27: Error: Undefined name 'AppLocalizations'.
          final errorL10n = AppLocalizations.of(context);
                            ^^^^^^^^^^^^^^^^
  lib/services/apk_download_service.dart:321:18: Error: Undefined name 'AppLocalizations'.
      final l10n = AppLocalizations.of(context);
                   ^^^^^^^^^^^^^^^^
  lib/services/apk_download_service.dart:418:18: Error: Undefined name 'AppLocalizations'.
      final l10n = AppLocalizations.of(context);
                   ^^^^^^^^^^^^^^^^
  lib/services/apk_download_service.dart:445:18: Error: Undefined name 'AppLocalizations'.
      final l10n = AppLocalizations.of(context);
                   ^^^^^^^^^^^^^^^^
  lib/services/apk_download_service.dart:472:18: Error: Undefined name 'AppLocalizations'.
      final l10n = AppLocalizations.of(context);
                   ^^^^^^^^^^^^^^^^
  lib/pages/home_page.dart:132:22: Error: The getter 'AppLocalizations' isn't defined for the type '_HomePageState'.
   - '_HomePageState' is from 'package:thoughtecho/pages/home_page.dart' ('lib/pages/home_page.dart').
  Try correcting the name to the name of an existing getter, or defining a getter or field named 'AppLocalizations'.
          final l10n = AppLocalizations.of(context);
                       ^^^^^^^^^^^^^^^^
  lib/pages/home_page.dart:160:20: Error: The getter 'AppLocalizations' isn't defined for the type '_HomePageState'.
   - '_HomePageState' is from 'package:thoughtecho/pages/home_page.dart' ('lib/pages/home_page.dart').
  Try correcting the name to the name of an existing getter, or defining a getter or field named 'AppLocalizations'.
        final l10n = AppLocalizations.of(context);
                     ^^^^^^^^^^^^^^^^
  lib/pages/home_page.dart:191:26: Error: The getter 'AppLocalizations' isn't defined for the type '_HomePageState'.
   - '_HomePageState' is from 'package:thoughtecho/pages/home_page.dart' ('lib/pages/home_page.dart').
  Try correcting the name to the name of an existing getter, or defining a getter or field named 'AppLocalizations'.
              final l10n = AppLocalizations.of(context);
                           ^^^^^^^^^^^^^^^^
  lib/pages/home_page.dart:227:22: Error: The getter 'AppLocalizations' isn't defined for the type '_HomePageState'.
   - '_HomePageState' is from 'package:thoughtecho/pages/home_page.dart' ('lib/pages/home_page.dart').
  Try correcting the name to the name of an existing getter, or defining a getter or field named 'AppLocalizations'.
          final l10n = AppLocalizations.of(context);
                       ^^^^^^^^^^^^^^^^
  lib/pages/home_page.dart:277:15: Error: The getter 'AppLocalizations' isn't defined for the type '_HomePageState'.
   - '_HomePageState' is from 'package:thoughtecho/pages/home_page.dart' ('lib/pages/home_page.dart').
  Try correcting the name to the name of an existing getter, or defining a getter or field named 'AppLocalizations'.
                AppLocalizations.of(context).refreshFailed(e.toString()),
                ^^^^^^^^^^^^^^^^
  lib/pages/home_page.dart:425:20: Error: The getter 'AppLocalizations' isn't defined for the type '_HomePageState'.
   - '_HomePageState' is from 'package:thoughtecho/pages/home_page.dart' ('lib/pages/home_page.dart').
  Try correcting the name to the name of an existing getter, or defining a getter or field named 'AppLocalizations'.
        final l10n = AppLocalizations.of(context);
                     ^^^^^^^^^^^^^^^^
  lib/pages/home_page.dart:926:25: Error: The getter 'AppLocalizations' isn't defined for the type '_HomePageState'.
   - '_HomePageState' is from 'package:thoughtecho/pages/home_page.dart' ('lib/pages/home_page.dart').
  Try correcting the name to the name of an existing getter, or defining a getter or field named 'AppLocalizations'.
            content: Text(AppLocalizations.of(context).loadingDataPleaseWait),
                          ^^^^^^^^^^^^^^^^
  lib/pages/home_page.dart:939:29: Error: The getter 'AppLocalizations' isn't defined for the type '_HomePageState'.
   - '_HomePageState' is from 'package:thoughtecho/pages/home_page.dart' ('lib/pages/home_page.dart').
  Try correcting the name to the name of an existing getter, or defining a getter or field named 'AppLocalizations'.
                content: Text(AppLocalizations.of(context).noTagsAvailable),
                              ^^^^^^^^^^^^^^^^
  lib/pages/home_page.dart:1018:19: Error: The getter 'AppLocalizations' isn't defined for the type '_HomePageState'.
   - '_HomePageState' is from 'package:thoughtecho/pages/home_page.dart' ('lib/pages/home_page.dart').
  Try correcting the name to the name of an existing getter, or defining a getter or field named 'AppLocalizations'.
                    AppLocalizations.of(this.context).featureComingSoon,
                    ^^^^^^^^^^^^^^^^
  lib/pages/home_page.dart:1046:18: Error: The getter 'AppLocalizations' isn't defined for the type '_HomePageState'.
   - '_HomePageState' is from 'package:thoughtecho/pages/home_page.dart' ('lib/pages/home_page.dart').
  Try correcting the name to the name of an existing getter, or defining a getter or field named 'AppLocalizations'.
      final l10n = AppLocalizations.of(context);
                   ^^^^^^^^^^^^^^^^
  lib/pages/home_page.dart:1091:17: Error: The getter 'AppLocalizations' isn't defined for the type '_HomePageState'.
   - '_HomePageState' is from 'package:thoughtecho/pages/home_page.dart' ('lib/pages/home_page.dart').
  Try correcting the name to the name of an existing getter, or defining a getter or field named 'AppLocalizations'.
                  AppLocalizations.of(context).cannotOpenFullEditor(e.toString()),
                  ^^^^^^^^^^^^^^^^
  lib/pages/home_page.dart:1097:24: Error: The getter 'AppLocalizations' isn't defined for the type '_HomePageState'.
   - '_HomePageState' is from 'package:thoughtecho/pages/home_page.dart' ('lib/pages/home_page.dart').
  Try correcting the name to the name of an existing getter, or defining a getter or field named 'AppLocalizations'.
                  label: AppLocalizations.of(context).retry,
                         ^^^^^^^^^^^^^^^^
  lib/pages/home_page.dart:1130:21: Error: The getter 'AppLocalizations' isn't defined for the type '_HomePageState'.
   - '_HomePageState' is from 'package:thoughtecho/pages/home_page.dart' ('lib/pages/home_page.dart').
  Try correcting the name to the name of an existing getter, or defining a getter or field named 'AppLocalizations'.
          title: Text(AppLocalizations.of(context).deleteNote),
                      ^^^^^^^^^^^^^^^^
  lib/pages/home_page.dart:1131:23: Error: The getter 'AppLocalizations' isn't defined for the type '_HomePageState'.
   - '_HomePageState' is from 'package:thoughtecho/pages/home_page.dart' ('lib/pages/home_page.dart').
  Try correcting the name to the name of an existing getter, or defining a getter or field named 'AppLocalizations'.
          content: Text(AppLocalizations.of(context).deleteNoteConfirmation),
                        ^^^^^^^^^^^^^^^^
  lib/pages/home_page.dart:1135:25: Error: The getter 'AppLocalizations' isn't defined for the type '_HomePageState'.
   - '_HomePageState' is from 'package:thoughtecho/pages/home_page.dart' ('lib/pages/home_page.dart').
  Try correcting the name to the name of an existing getter, or defining a getter or field named 'AppLocalizations'.
              child: Text(AppLocalizations.of(context).cancel),
                          ^^^^^^^^^^^^^^^^
  lib/pages/home_page.dart:1151:25: Error: The getter 'AppLocalizations' isn't defined for the type '_HomePageState'.
   - '_HomePageState' is from 'package:thoughtecho/pages/home_page.dart' ('lib/pages/home_page.dart').
  Try correcting the name to the name of an existing getter, or defining a getter or field named 'AppLocalizations'.
              child: Text(AppLocalizations.of(context).delete),
                          ^^^^^^^^^^^^^^^^
  lib/pages/home_page.dart:1145:33: Error: The getter 'AppLocalizations' isn't defined for the type '_HomePageState'.
   - '_HomePageState' is from 'package:thoughtecho/pages/home_page.dart' ('lib/pages/home_page.dart').
  Try correcting the name to the name of an existing getter, or defining a getter or field named 'AppLocalizations'.
                    content: Text(AppLocalizations.of(context).noteDeleted),
                                  ^^^^^^^^^^^^^^^^
  lib/pages/home_page.dart:1167:20: Error: The getter 'AppLocalizations' isn't defined for the type '_HomePageState'.
   - '_HomePageState' is from 'package:thoughtecho/pages/home_page.dart' ('lib/pages/home_page.dart').
  Try correcting the name to the name of an existing getter, or defining a getter or field named 'AppLocalizations'.
        final l10n = AppLocalizations.of(context);
                     ^^^^^^^^^^^^^^^^
  lib/pages/home_page.dart:1190:25: Error: The getter 'AppLocalizations' isn't defined for the type '_HomePageState'.
   - '_HomePageState' is from 'package:thoughtecho/pages/home_page.dart' ('lib/pages/home_page.dart').
  Try correcting the name to the name of an existing getter, or defining a getter or field named 'AppLocalizations'.
            content: Text(AppLocalizations.of(context).favoriteFailed),
                          ^^^^^^^^^^^^^^^^
  lib/pages/home_page.dart:1212:13: Error: The getter 'AppLocalizations' isn't defined for the type '_HomePageState'.
   - '_HomePageState' is from 'package:thoughtecho/pages/home_page.dart' ('lib/pages/home_page.dart').
  Try correcting the name to the name of an existing getter, or defining a getter or field named 'AppLocalizations'.
              AppLocalizations.of(context).aiCardServiceNotInitialized,
              ^^^^^^^^^^^^^^^^
  lib/pages/home_page.dart:1231:20: Error: The getter 'AppLocalizations' isn't defined for the type '_HomePageState'.
   - '_HomePageState' is from 'package:thoughtecho/pages/home_page.dart' ('lib/pages/home_page.dart').
  Try correcting the name to the name of an existing getter, or defining a getter or field named 'AppLocalizations'.
          brandName: AppLocalizations.of(context).appTitle,
                     ^^^^^^^^^^^^^^^^
  lib/pages/home_page.dart:1248:26: Error: The getter 'AppLocalizations' isn't defined for the type '_HomePageState'.
   - '_HomePageState' is from 'package:thoughtecho/pages/home_page.dart' ('lib/pages/home_page.dart').
  Try correcting the name to the name of an existing getter, or defining a getter or field named 'AppLocalizations'.
                brandName: AppLocalizations.of(context).appTitle,
                           ^^^^^^^^^^^^^^^^
  lib/pages/home_page.dart:1262:15: Error: The getter 'AppLocalizations' isn't defined for the type '_HomePageState'.
   - '_HomePageState' is from 'package:thoughtecho/pages/home_page.dart' ('lib/pages/home_page.dart').
  Try correcting the name to the name of an existing getter, or defining a getter or field named 'AppLocalizations'.
                AppLocalizations.of(context).generateCardFailed(e.toString()),
                ^^^^^^^^^^^^^^^^
  lib/pages/home_page.dart:1287:22: Error: The getter 'AppLocalizations' isn't defined for the type '_HomePageState'.
   - '_HomePageState' is from 'package:thoughtecho/pages/home_page.dart' ('lib/pages/home_page.dart').
  Try correcting the name to the name of an existing getter, or defining a getter or field named 'AppLocalizations'.
                  Text(AppLocalizations.of(context).generatingShareImage),
                       ^^^^^^^^^^^^^^^^
  lib/pages/home_page.dart:1327:22: Error: The getter 'AppLocalizations' isn't defined for the type '_HomePageState'.
   - '_HomePageState' is from 'package:thoughtecho/pages/home_page.dart' ('lib/pages/home_page.dart').
  Try correcting the name to the name of an existing getter, or defining a getter or field named 'AppLocalizations'.
                  Text(AppLocalizations.of(context).cardSharedSuccessfully),
                       ^^^^^^^^^^^^^^^^
  lib/pages/home_page.dart:1346:21: Error: The getter 'AppLocalizations' isn't defined for the type '_HomePageState'.
   - '_HomePageState' is from 'package:thoughtecho/pages/home_page.dart' ('lib/pages/home_page.dart').
  Try correcting the name to the name of an existing getter, or defining a getter or field named 'AppLocalizations'.
                      AppLocalizations.of(context).shareFailed(e.toString()),
                      ^^^^^^^^^^^^^^^^
  lib/pages/home_page.dart:1374:22: Error: The getter 'AppLocalizations' isn't defined for the type '_HomePageState'.
   - '_HomePageState' is from 'package:thoughtecho/pages/home_page.dart' ('lib/pages/home_page.dart').
  Try correcting the name to the name of an existing getter, or defining a getter or field named 'AppLocalizations'.
                  Text(AppLocalizations.of(context).savingCardToGallery),
                       ^^^^^^^^^^^^^^^^
  lib/pages/home_page.dart:1390:25: Error: The getter 'AppLocalizations' isn't defined for the type '_HomePageState'.
   - '_HomePageState' is from 'package:thoughtecho/pages/home_page.dart' ('lib/pages/home_page.dart').
  Try correcting the name to the name of an existing getter, or defining a getter or field named 'AppLocalizations'.
          fileNamePrefix: AppLocalizations.of(context).cardFileNamePrefix,
                          ^^^^^^^^^^^^^^^^
  lib/pages/home_page.dart:1394:22: Error: The getter 'AppLocalizations' isn't defined for the type '_HomePageState'.
   - '_HomePageState' is from 'package:thoughtecho/pages/home_page.dart' ('lib/pages/home_page.dart').
  Try correcting the name to the name of an existing getter, or defining a getter or field named 'AppLocalizations'.
          final l10n = AppLocalizations.of(context);
                       ^^^^^^^^^^^^^^^^
  lib/pages/home_page.dart:1428:21: Error: The getter 'AppLocalizations' isn't defined for the type '_HomePageState'.
   - '_HomePageState' is from 'package:thoughtecho/pages/home_page.dart' ('lib/pages/home_page.dart').
  Try correcting the name to the name of an existing getter, or defining a getter or field named 'AppLocalizations'.
                      AppLocalizations.of(context).saveFailed(e.toString()),
                      ^^^^^^^^^^^^^^^^
  lib/pages/home_page.dart:1489:20: Error: The getter 'AppLocalizations' isn't defined for the type '_HomePageState'.
   - '_HomePageState' is from 'package:thoughtecho/pages/home_page.dart' ('lib/pages/home_page.dart').
  Try correcting the name to the name of an existing getter, or defining a getter or field named 'AppLocalizations'.
        final l10n = AppLocalizations.of(context);
                     ^^^^^^^^^^^^^^^^
  lib/pages/home_page.dart:1563:18: Error: The getter 'AppLocalizations' isn't defined for the type '_HomePageState'.
   - '_HomePageState' is from 'package:thoughtecho/pages/home_page.dart' ('lib/pages/home_page.dart').
  Try correcting the name to the name of an existing getter, or defining a getter or field named 'AppLocalizations'.
      final l10n = AppLocalizations.of(context);
                   ^^^^^^^^^^^^^^^^
  lib/pages/home_page.dart:1622:35: Error: The getter 'AppLocalizations' isn't defined for the type '_HomePageState'.
   - '_HomePageState' is from 'package:thoughtecho/pages/home_page.dart' ('lib/pages/home_page.dart').
  Try correcting the name to the name of an existing getter, or defining a getter or field named 'AppLocalizations'.
                                    AppLocalizations.of(context).appTitleOffline),
                                    ^^^^^^^^^^^^^^^^
  lib/pages/home_page.dart:1627:36: Error: The getter 'AppLocalizations' isn't defined for the type '_HomePageState'.
   - '_HomePageState' is from 'package:thoughtecho/pages/home_page.dart' ('lib/pages/home_page.dart').
  Try correcting the name to the name of an existing getter, or defining a getter or field named 'AppLocalizations'.
                                Text(AppLocalizations.of(context).appTitle);
                                     ^^^^^^^^^^^^^^^^
  lib/pages/home_page.dart:1753:39: Error: The getter 'AppLocalizations' isn't defined for the type '_HomePageState'.
   - '_HomePageState' is from 'package:thoughtecho/pages/home_page.dart' ('lib/pages/home_page.dart').
  Try correcting the name to the name of an existing getter, or defining a getter or field named 'AppLocalizations'.
                                        AppLocalizations.of(
                                        ^^^^^^^^^^^^^^^^
  lib/pages/home_page.dart:1797:51: Error: The getter 'AppLocalizations' isn't defined for the type '_HomePageState'.
   - '_HomePageState' is from 'package:thoughtecho/pages/home_page.dart' ('lib/pages/home_page.dart').
  Try correcting the name to the name of an existing getter, or defining a getter or field named 'AppLocalizations'.
                                                  ? AppLocalizations.of(
                                                    ^^^^^^^^^^^^^^^^
  lib/pages/home_page.dart:1800:51: Error: The getter 'AppLocalizations' isn't defined for the type '_HomePageState'.
   - '_HomePageState' is from 'package:thoughtecho/pages/home_page.dart' ('lib/pages/home_page.dart').
  Try correcting the name to the name of an existing getter, or defining a getter or field named 'AppLocalizations'.
                                                  : AppLocalizations.of(
                                                    ^^^^^^^^^^^^^^^^
  lib/pages/home_page.dart:1821:51: Error: The getter 'AppLocalizations' isn't defined for the type '_HomePageState'.
   - '_HomePageState' is from 'package:thoughtecho/pages/home_page.dart' ('lib/pages/home_page.dart').
  Try correcting the name to the name of an existing getter, or defining a getter or field named 'AppLocalizations'.
                                                  ? AppLocalizations.of(
                                                    ^^^^^^^^^^^^^^^^
  lib/pages/home_page.dart:1824:51: Error: The getter 'AppLocalizations' isn't defined for the type '_HomePageState'.
   - '_HomePageState' is from 'package:thoughtecho/pages/home_page.dart' ('lib/pages/home_page.dart').
  Try correcting the name to the name of an existing getter, or defining a getter or field named 'AppLocalizations'.
                                                  : AppLocalizations.of(
                                                    ^^^^^^^^^^^^^^^^
  lib/pages/home_page.dart:1959:28: Error: The getter 'AppLocalizations' isn't defined for the type '_HomePageState'.
   - '_HomePageState' is from 'package:thoughtecho/pages/home_page.dart' ('lib/pages/home_page.dart').
  Try correcting the name to the name of an existing getter, or defining a getter or field named 'AppLocalizations'.
                      label: AppLocalizations.of(context).navHome,
                             ^^^^^^^^^^^^^^^^
  lib/pages/home_page.dart:1967:28: Error: The getter 'AppLocalizations' isn't defined for the type '_HomePageState'.
   - '_HomePageState' is from 'package:thoughtecho/pages/home_page.dart' ('lib/pages/home_page.dart').
  Try correcting the name to the name of an existing getter, or defining a getter or field named 'AppLocalizations'.
                      label: AppLocalizations.of(context).navNotes,
                             ^^^^^^^^^^^^^^^^
  lib/pages/home_page.dart:1975:28: Error: The getter 'AppLocalizations' isn't defined for the type '_HomePageState'.
   - '_HomePageState' is from 'package:thoughtecho/pages/home_page.dart' ('lib/pages/home_page.dart').
  Try correcting the name to the name of an existing getter, or defining a getter or field named 'AppLocalizations'.
                      label: AppLocalizations.of(context).navInsights,
                             ^^^^^^^^^^^^^^^^
  lib/pages/home_page.dart:1983:28: Error: The getter 'AppLocalizations' isn't defined for the type '_HomePageState'.
   - '_HomePageState' is from 'package:thoughtecho/pages/home_page.dart' ('lib/pages/home_page.dart').
  Try correcting the name to the name of an existing getter, or defining a getter or field named 'AppLocalizations'.
                      label: AppLocalizations.of(context).navSettings,
                             ^^^^^^^^^^^^^^^^
  lib/pages/onboarding_page.dart:251:23: Error: The getter 'AppLocalizations' isn't defined for the type '_OnboardingPageState'.
   - '_OnboardingPageState' is from 'package:thoughtecho/pages/onboarding_page.dart' ('lib/pages/onboarding_page.dart').
  Try correcting the name to the name of an existing getter, or defining a getter or field named 'AppLocalizations'.
                        AppLocalizations.of(context).onboardingPreparing,
                        ^^^^^^^^^^^^^^^^
  lib/pages/onboarding_page.dart:256:18: Error: The getter 'AppLocalizations' isn't defined for the type '_OnboardingPageState'.
   - '_OnboardingPageState' is from 'package:thoughtecho/pages/onboarding_page.dart' ('lib/pages/onboarding_page.dart').
  Try correcting the name to the name of an existing getter, or defining a getter or field named 'AppLocalizations'.
              Text(AppLocalizations.of(context).onboardingPreparing,
                   ^^^^^^^^^^^^^^^^
  lib/pages/onboarding_page.dart:267:18: Error: The getter 'AppLocalizations' isn't defined for the type '_OnboardingPageState'.
   - '_OnboardingPageState' is from 'package:thoughtecho/pages/onboarding_page.dart' ('lib/pages/onboarding_page.dart').
  Try correcting the name to the name of an existing getter, or defining a getter or field named 'AppLocalizations'.
      final l10n = AppLocalizations.of(context);
                   ^^^^^^^^^^^^^^^^
  lib/pages/onboarding_page.dart:330:23: Error: The getter 'AppLocalizations' isn't defined for the type '_OnboardingPageState'.
   - '_OnboardingPageState' is from 'package:thoughtecho/pages/onboarding_page.dart' ('lib/pages/onboarding_page.dart').
  Try correcting the name to the name of an existing getter, or defining a getter or field named 'AppLocalizations'.
                        AppLocalizations.of(context).onboardingUpdateComplete,
                        ^^^^^^^^^^^^^^^^
  lib/pages/onboarding_page.dart:338:23: Error: The getter 'AppLocalizations' isn't defined for the type '_OnboardingPageState'.
   - '_OnboardingPageState' is from 'package:thoughtecho/pages/onboarding_page.dart' ('lib/pages/onboarding_page.dart').
  Try correcting the name to the name of an existing getter, or defining a getter or field named 'AppLocalizations'.
                        AppLocalizations.of(context).onboardingUpdateSuccess,
                        ^^^^^^^^^^^^^^^^
  lib/pages/onboarding_page.dart:353:27: Error: The getter 'AppLocalizations' isn't defined for the type '_OnboardingPageState'.
   - '_OnboardingPageState' is from 'package:thoughtecho/pages/onboarding_page.dart' ('lib/pages/onboarding_page.dart').
  Try correcting the name to the name of an existing getter, or defining a getter or field named 'AppLocalizations'.
                            AppLocalizations.of(context).onboardingEnterApp,
                            ^^^^^^^^^^^^^^^^
  lib/pages/onboarding_page.dart:491:35: Error: The getter 'AppLocalizations' isn't defined for the type '_OnboardingPageState'.
   - '_OnboardingPageState' is from 'package:thoughtecho/pages/onboarding_page.dart' ('lib/pages/onboarding_page.dart').
  Try correcting the name to the name of an existing getter, or defining a getter or field named 'AppLocalizations'.
                                    AppLocalizations.of(
                                    ^^^^^^^^^^^^^^^^
  lib/pages/onboarding_page.dart:532:33: Error: The getter 'AppLocalizations' isn't defined for the type '_OnboardingPageState'.
   - '_OnboardingPageState' is from 'package:thoughtecho/pages/onboarding_page.dart' ('lib/pages/onboarding_page.dart').
  Try correcting the name to the name of an existing getter, or defining a getter or field named 'AppLocalizations'.
                                  AppLocalizations.of(context).prefSelectAll,
                                  ^^^^^^^^^^^^^^^^
  lib/pages/onboarding_page.dart:556:33: Error: The getter 'AppLocalizations' isn't defined for the type '_OnboardingPageState'.
   - '_OnboardingPageState' is from 'package:thoughtecho/pages/onboarding_page.dart' ('lib/pages/onboarding_page.dart').
  Try correcting the name to the name of an existing getter, or defining a getter or field named 'AppLocalizations'.
                                  AppLocalizations.of(context).prefClearAll,
                                  ^^^^^^^^^^^^^^^^
  lib/pages/onboarding_page.dart:642:23: Error: The getter 'AppLocalizations' isn't defined for the type '_OnboardingPageState'.
   - '_OnboardingPageState' is from 'package:thoughtecho/pages/onboarding_page.dart' ('lib/pages/onboarding_page.dart').
  Try correcting the name to the name of an existing getter, or defining a getter or field named 'AppLocalizations'.
                        AppLocalizations.of(context).onboardingComplete,
                        ^^^^^^^^^^^^^^^^
  lib/pages/onboarding_page.dart:649:23: Error: The getter 'AppLocalizations' isn't defined for the type '_OnboardingPageState'.
   - '_OnboardingPageState' is from 'package:thoughtecho/pages/onboarding_page.dart' ('lib/pages/onboarding_page.dart').
  Try correcting the name to the name of an existing getter, or defining a getter or field named 'AppLocalizations'.
                        AppLocalizations.of(context).onboardingAllSet,
                        ^^^^^^^^^^^^^^^^
  lib/pages/onboarding_page.dart:669:25: Error: The getter 'AppLocalizations' isn't defined for the type '_OnboardingPageState'.
   - '_OnboardingPageState' is from 'package:thoughtecho/pages/onboarding_page.dart' ('lib/pages/onboarding_page.dart').
  Try correcting the name to the name of an existing getter, or defining a getter or field named 'AppLocalizations'.
                          AppLocalizations.of(context).onboardingStartJourney,
                          ^^^^^^^^^^^^^^^^
  lib/pages/onboarding_page.dart:716:29: Error: The getter 'AppLocalizations' isn't defined for the type '_OnboardingPageState'.
   - '_OnboardingPageState' is from 'package:thoughtecho/pages/onboarding_page.dart' ('lib/pages/onboarding_page.dart').
  Try correcting the name to the name of an existing getter, or defining a getter or field named 'AppLocalizations'.
                  label: Text(AppLocalizations.of(context).onboardingPrevious),
                              ^^^^^^^^^^^^^^^^
  lib/pages/onboarding_page.dart:757:25: Error: The getter 'AppLocalizations' isn't defined for the type '_OnboardingPageState'.
   - '_OnboardingPageState' is from 'package:thoughtecho/pages/onboarding_page.dart' ('lib/pages/onboarding_page.dart').
  Try correcting the name to the name of an existing getter, or defining a getter or field named 'AppLocalizations'.
                        ? AppLocalizations.of(context).pleaseWait
                          ^^^^^^^^^^^^^^^^
  lib/pages/onboarding_page.dart:758:25: Error: The getter 'AppLocalizations' isn't defined for the type '_OnboardingPageState'.
   - '_OnboardingPageState' is from 'package:thoughtecho/pages/onboarding_page.dart' ('lib/pages/onboarding_page.dart').
  Try correcting the name to the name of an existing getter, or defining a getter or field named 'AppLocalizations'.
                        : AppLocalizations.of(context).onboardingStart,
                          ^^^^^^^^^^^^^^^^
  lib/pages/onboarding_page.dart:765:29: Error: The getter 'AppLocalizations' isn't defined for the type '_OnboardingPageState'.
   - '_OnboardingPageState' is from 'package:thoughtecho/pages/onboarding_page.dart' ('lib/pages/onboarding_page.dart').
  Try correcting the name to the name of an existing getter, or defining a getter or field named 'AppLocalizations'.
                  label: Text(AppLocalizations.of(context).onboardingNext),
                              ^^^^^^^^^^^^^^^^
  lib/pages/onboarding_page.dart:783:21: Error: The getter 'AppLocalizations' isn't defined for the type '_OnboardingPageState'.
   - '_OnboardingPageState' is from 'package:thoughtecho/pages/onboarding_page.dart' ('lib/pages/onboarding_page.dart').
  Try correcting the name to the name of an existing getter, or defining a getter or field named 'AppLocalizations'.
          label: Text(AppLocalizations.of(context).onboardingSkip),
                      ^^^^^^^^^^^^^^^^
  lib/pages/onboarding_page.dart:798:25: Error: The getter 'AppLocalizations' isn't defined for the type '_OnboardingPageState'.
   - '_OnboardingPageState' is from 'package:thoughtecho/pages/onboarding_page.dart' ('lib/pages/onboarding_page.dart').
  Try correcting the name to the name of an existing getter, or defining a getter or field named 'AppLocalizations'.
              title: Text(AppLocalizations.of(context).onboardingSkipTitle),
                          ^^^^^^^^^^^^^^^^
  lib/pages/onboarding_page.dart:809:28: Error: The getter 'AppLocalizations' isn't defined for the type '_OnboardingPageState'.
   - '_OnboardingPageState' is from 'package:thoughtecho/pages/onboarding_page.dart' ('lib/pages/onboarding_page.dart').
  Try correcting the name to the name of an existing getter, or defining a getter or field named 'AppLocalizations'.
                        Text(AppLocalizations.of(context).onboardingInitializing),
                             ^^^^^^^^^^^^^^^^
  lib/pages/onboarding_page.dart:812:24: Error: The getter 'AppLocalizations' isn't defined for the type '_OnboardingPageState'.
   - '_OnboardingPageState' is from 'package:thoughtecho/pages/onboarding_page.dart' ('lib/pages/onboarding_page.dart').
  Try correcting the name to the name of an existing getter, or defining a getter or field named 'AppLocalizations'.
                  : Text(AppLocalizations.of(context).onboardingSkipMessage),
                         ^^^^^^^^^^^^^^^^
  lib/pages/onboarding_page.dart:818:35: Error: The getter 'AppLocalizations' isn't defined for the type '_OnboardingPageState'.
   - '_OnboardingPageState' is from 'package:thoughtecho/pages/onboarding_page.dart' ('lib/pages/onboarding_page.dart').
  Try correcting the name to the name of an existing getter, or defining a getter or field named 'AppLocalizations'.
                        child: Text(AppLocalizations.of(context).cancel),
                                    ^^^^^^^^^^^^^^^^
  lib/pages/onboarding_page.dart:853:25: Error: The getter 'AppLocalizations' isn't defined for the type '_OnboardingPageState'.
   - '_OnboardingPageState' is from 'package:thoughtecho/pages/onboarding_page.dart' ('lib/pages/onboarding_page.dart').
  Try correcting the name to the name of an existing getter, or defining a getter or field named 'AppLocalizations'.
                          AppLocalizations.of(context).onboardingConfirmSkip,
                          ^^^^^^^^^^^^^^^^
  lib/pages/onboarding_page.dart:842:35: Error: The getter 'AppLocalizations' isn't defined for the type '_OnboardingPageState'.
   - '_OnboardingPageState' is from 'package:thoughtecho/pages/onboarding_page.dart' ('lib/pages/onboarding_page.dart').
  Try correcting the name to the name of an existing getter, or defining a getter or field named 'AppLocalizations'.
                                    AppLocalizations.of(
                                    ^^^^^^^^^^^^^^^^
  lib/pages/backup_restore_page.dart:30:32: Error: The getter 'AppLocalizations' isn't defined for the type '_BackupRestorePageState'.
   - '_BackupRestorePageState' is from 'package:thoughtecho/pages/backup_restore_page.dart' ('lib/pages/backup_restore_page.dart').
  Try correcting the name to the name of an existing getter, or defining a getter or field named 'AppLocalizations'.
    AppLocalizations get l10n => AppLocalizations.of(context);
                                 ^^^^^^^^^^^^^^^^
  lib/pages/backup_restore_page.dart:37:18: Error: The getter 'AppLocalizations' isn't defined for the type '_BackupRestorePageState'.
   - '_BackupRestorePageState' is from 'package:thoughtecho/pages/backup_restore_page.dart' ('lib/pages/backup_restore_page.dart').
  Try correcting the name to the name of an existing getter, or defining a getter or field named 'AppLocalizations'.
      final l10n = AppLocalizations.of(context);
                   ^^^^^^^^^^^^^^^^
  lib/pages/backup_restore_page.dart:58:18: Error: The getter 'AppLocalizations' isn't defined for the type '_BackupRestorePageState'.
   - '_BackupRestorePageState' is from 'package:thoughtecho/pages/backup_restore_page.dart' ('lib/pages/backup_restore_page.dart').
  Try correcting the name to the name of an existing getter, or defining a getter or field named 'AppLocalizations'.
      final l10n = AppLocalizations.of(context);
                   ^^^^^^^^^^^^^^^^
  lib/pages/backup_restore_page.dart:172:18: Error: The getter 'AppLocalizations' isn't defined for the type '_BackupRestorePageState'.
   - '_BackupRestorePageState' is from 'package:thoughtecho/pages/backup_restore_page.dart' ('lib/pages/backup_restore_page.dart').
  Try correcting the name to the name of an existing getter, or defining a getter or field named 'AppLocalizations'.
      final l10n = AppLocalizations.of(context);
                   ^^^^^^^^^^^^^^^^
  lib/pages/backup_restore_page.dart:266:18: Error: The getter 'AppLocalizations' isn't defined for the type '_BackupRestorePageState'.
   - '_BackupRestorePageState' is from 'package:thoughtecho/pages/backup_restore_page.dart' ('lib/pages/backup_restore_page.dart').
  Try correcting the name to the name of an existing getter, or defining a getter or field named 'AppLocalizations'.
      final l10n = AppLocalizations.of(context);
                   ^^^^^^^^^^^^^^^^
  lib/pages/backup_restore_page.dart:550:32: Error: The getter 'AppLocalizations' isn't defined for the type '_BackupRestorePageState'.
   - '_BackupRestorePageState' is from 'package:thoughtecho/pages/backup_restore_page.dart' ('lib/pages/backup_restore_page.dart').
  Try correcting the name to the name of an existing getter, or defining a getter or field named 'AppLocalizations'.
              final dialogL10n = AppLocalizations.of(c);
                                 ^^^^^^^^^^^^^^^^
  lib/pages/backup_restore_page.dart:626:28: Error: The getter 'AppLocalizations' isn't defined for the type '_BackupRestorePageState'.
   - '_BackupRestorePageState' is from 'package:thoughtecho/pages/backup_restore_page.dart' ('lib/pages/backup_restore_page.dart').
  Try correcting the name to the name of an existing getter, or defining a getter or field named 'AppLocalizations'.
                final l10n = AppLocalizations.of(context);
                             ^^^^^^^^^^^^^^^^
  lib/pages/backup_restore_page.dart:638:22: Error: The getter 'AppLocalizations' isn't defined for the type '_BackupRestorePageState'.
   - '_BackupRestorePageState' is from 'package:thoughtecho/pages/backup_restore_page.dart' ('lib/pages/backup_restore_page.dart').
  Try correcting the name to the name of an existing getter, or defining a getter or field named 'AppLocalizations'.
          final l10n = AppLocalizations.of(context);
                       ^^^^^^^^^^^^^^^^
  lib/pages/backup_restore_page.dart:653:22: Error: The getter 'AppLocalizations' isn't defined for the type '_BackupRestorePageState'.
   - '_BackupRestorePageState' is from 'package:thoughtecho/pages/backup_restore_page.dart' ('lib/pages/backup_restore_page.dart').
  Try correcting the name to the name of an existing getter, or defining a getter or field named 'AppLocalizations'.
          final l10n = AppLocalizations.of(context);
                       ^^^^^^^^^^^^^^^^
  lib/pages/backup_restore_page.dart:702:18: Error: The getter 'AppLocalizations' isn't defined for the type '_BackupRestorePageState'.
   - '_BackupRestorePageState' is from 'package:thoughtecho/pages/backup_restore_page.dart' ('lib/pages/backup_restore_page.dart').
  Try correcting the name to the name of an existing getter, or defining a getter or field named 'AppLocalizations'.
      final l10n = AppLocalizations.of(context);
                   ^^^^^^^^^^^^^^^^
  lib/pages/backup_restore_page.dart:762:18: Error: The getter 'AppLocalizations' isn't defined for the type '_BackupRestorePageState'.
   - '_BackupRestorePageState' is from 'package:thoughtecho/pages/backup_restore_page.dart' ('lib/pages/backup_restore_page.dart').
  Try correcting the name to the name of an existing getter, or defining a getter or field named 'AppLocalizations'.
      final l10n = AppLocalizations.of(context);
                   ^^^^^^^^^^^^^^^^
  lib/widgets/media_player_widget.dart:33:32: Error: The getter 'AppLocalizations' isn't defined for the type '_MediaPlayerWidgetState'.
   - '_MediaPlayerWidgetState' is from 'package:thoughtecho/widgets/media_player_widget.dart' ('lib/widgets/media_player_widget.dart').
  Try correcting the name to the name of an existing getter, or defining a getter or field named 'AppLocalizations'.
    AppLocalizations get l10n => AppLocalizations.of(context);
                                 ^^^^^^^^^^^^^^^^
  lib/widgets/add_note_dialog.dart:420:24: Error: The getter 'AppLocalizations' isn't defined for the type '_AddNoteDialogState'.
   - '_AddNoteDialogState' is from 'package:thoughtecho/widgets/add_note_dialog.dart' ('lib/widgets/add_note_dialog.dart').
  Try correcting the name to the name of an existing getter, or defining a getter or field named 'AppLocalizations'.
            final l10n = AppLocalizations.of(context);
                         ^^^^^^^^^^^^^^^^
  lib/widgets/add_note_dialog.dart:439:22: Error: The getter 'AppLocalizations' isn't defined for the type '_AddNoteDialogState'.
   - '_AddNoteDialogState' is from 'package:thoughtecho/widgets/add_note_dialog.dart' ('lib/widgets/add_note_dialog.dart').
  Try correcting the name to the name of an existing getter, or defining a getter or field named 'AppLocalizations'.
          final l10n = AppLocalizations.of(context);
                       ^^^^^^^^^^^^^^^^
  lib/widgets/add_note_dialog.dart:484:26: Error: The getter 'AppLocalizations' isn't defined for the type '_AddNoteDialogState'.
   - '_AddNoteDialogState' is from 'package:thoughtecho/widgets/add_note_dialog.dart' ('lib/widgets/add_note_dialog.dart').
  Try correcting the name to the name of an existing getter, or defining a getter or field named 'AppLocalizations'.
              final l10n = AppLocalizations.of(context);
                           ^^^^^^^^^^^^^^^^
  lib/widgets/add_note_dialog.dart:512:24: Error: The getter 'AppLocalizations' isn't defined for the type '_AddNoteDialogState'.
   - '_AddNoteDialogState' is from 'package:thoughtecho/widgets/add_note_dialog.dart' ('lib/widgets/add_note_dialog.dart').
  Try correcting the name to the name of an existing getter, or defining a getter or field named 'AppLocalizations'.
            final l10n = AppLocalizations.of(context);
                         ^^^^^^^^^^^^^^^^
  lib/widgets/add_note_dialog.dart:535:24: Error: The getter 'AppLocalizations' isn't defined for the type '_AddNoteDialogState'.
   - '_AddNoteDialogState' is from 'package:thoughtecho/widgets/add_note_dialog.dart' ('lib/widgets/add_note_dialog.dart').
  Try correcting the name to the name of an existing getter, or defining a getter or field named 'AppLocalizations'.
            final l10n = AppLocalizations.of(context);
                         ^^^^^^^^^^^^^^^^
  lib/widgets/add_note_dialog.dart:557:18: Error: The getter 'AppLocalizations' isn't defined for the type '_AddNoteDialogState'.
   - '_AddNoteDialogState' is from 'package:thoughtecho/widgets/add_note_dialog.dart' ('lib/widgets/add_note_dialog.dart').
  Try correcting the name to the name of an existing getter, or defining a getter or field named 'AppLocalizations'.
      final l10n = AppLocalizations.of(context);
                   ^^^^^^^^^^^^^^^^
  lib/widgets/add_note_dialog.dart:589:18: Error: The getter 'AppLocalizations' isn't defined for the type '_AddNoteDialogState'.
   - '_AddNoteDialogState' is from 'package:thoughtecho/widgets/add_note_dialog.dart' ('lib/widgets/add_note_dialog.dart').
  Try correcting the name to the name of an existing getter, or defining a getter or field named 'AppLocalizations'.
      final l10n = AppLocalizations.of(context);
                   ^^^^^^^^^^^^^^^^
  lib/widgets/add_note_dialog.dart:662:28: Error: The getter 'AppLocalizations' isn't defined for the type '_AddNoteDialogState'.
   - '_AddNoteDialogState' is from 'package:thoughtecho/widgets/add_note_dialog.dart' ('lib/widgets/add_note_dialog.dart').
  Try correcting the name to the name of an existing getter, or defining a getter or field named 'AppLocalizations'.
                final l10n = AppLocalizations.of(context);
                             ^^^^^^^^^^^^^^^^
  lib/widgets/add_note_dialog.dart:669:26: Error: The getter 'AppLocalizations' isn't defined for the type '_AddNoteDialogState'.
   - '_AddNoteDialogState' is from 'package:thoughtecho/widgets/add_note_dialog.dart' ('lib/widgets/add_note_dialog.dart').
  Try correcting the name to the name of an existing getter, or defining a getter or field named 'AppLocalizations'.
              final l10n = AppLocalizations.of(context);
                           ^^^^^^^^^^^^^^^^
  lib/widgets/add_note_dialog.dart:675:24: Error: The getter 'AppLocalizations' isn't defined for the type '_AddNoteDialogState'.
   - '_AddNoteDialogState' is from 'package:thoughtecho/widgets/add_note_dialog.dart' ('lib/widgets/add_note_dialog.dart').
  Try correcting the name to the name of an existing getter, or defining a getter or field named 'AppLocalizations'.
            final l10n = AppLocalizations.of(context);
                         ^^^^^^^^^^^^^^^^
  lib/widgets/add_note_dialog.dart:682:24: Error: The getter 'AppLocalizations' isn't defined for the type '_AddNoteDialogState'.
   - '_AddNoteDialogState' is from 'package:thoughtecho/widgets/add_note_dialog.dart' ('lib/widgets/add_note_dialog.dart').
  Try correcting the name to the name of an existing getter, or defining a getter or field named 'AppLocalizations'.
            final l10n = AppLocalizations.of(context);
                         ^^^^^^^^^^^^^^^^
  lib/widgets/add_note_dialog.dart:698:18: Error: The getter 'AppLocalizations' isn't defined for the type '_AddNoteDialogState'.
   - '_AddNoteDialogState' is from 'package:thoughtecho/widgets/add_note_dialog.dart' ('lib/widgets/add_note_dialog.dart').
  Try correcting the name to the name of an existing getter, or defining a getter or field named 'AppLocalizations'.
      final l10n = AppLocalizations.of(context);
                   ^^^^^^^^^^^^^^^^
  lib/widgets/add_note_dialog.dart:1049:18: Error: The getter 'AppLocalizations' isn't defined for the type '_AddNoteDialogState'.
   - '_AddNoteDialogState' is from 'package:thoughtecho/widgets/add_note_dialog.dart' ('lib/widgets/add_note_dialog.dart').
  Try correcting the name to the name of an existing getter, or defining a getter or field named 'AppLocalizations'.
      final l10n = AppLocalizations.of(context);
                   ^^^^^^^^^^^^^^^^
  lib/widgets/add_note_dialog.dart:1071:31: Error: The getter 'AppLocalizations' isn't defined for the type '_AddNoteDialogState'.
   - '_AddNoteDialogState' is from 'package:thoughtecho/widgets/add_note_dialog.dart' ('lib/widgets/add_note_dialog.dart').
  Try correcting the name to the name of an existing getter, or defining a getter or field named 'AppLocalizations'.
                      hintText: AppLocalizations.of(context).writeYourThoughts,
                                ^^^^^^^^^^^^^^^^
  lib/widgets/add_note_dialog.dart:1257:33: Error: The getter 'AppLocalizations' isn't defined for the type '_AddNoteDialogState'.
   - '_AddNoteDialogState' is from 'package:thoughtecho/widgets/add_note_dialog.dart' ('lib/widgets/add_note_dialog.dart').
  Try correcting the name to the name of an existing getter, or defining a getter or field named 'AppLocalizations'.
                        hintText: AppLocalizations.of(context).authorPerson,
                                  ^^^^^^^^^^^^^^^^
  lib/widgets/add_note_dialog.dart:1270:33: Error: The getter 'AppLocalizations' isn't defined for the type '_AddNoteDialogState'.
   - '_AddNoteDialogState' is from 'package:thoughtecho/widgets/add_note_dialog.dart' ('lib/widgets/add_note_dialog.dart').
  Try correcting the name to the name of an existing getter, or defining a getter or field named 'AppLocalizations'.
                        hintText: AppLocalizations.of(context).workName,
                                  ^^^^^^^^^^^^^^^^
  lib/widgets/add_note_dialog.dart:1659:39: Error: The getter 'AppLocalizations' isn't defined for the type '_AddNoteDialogState'.
   - '_AddNoteDialogState' is from 'package:thoughtecho/widgets/add_note_dialog.dart' ('lib/widgets/add_note_dialog.dart').
  Try correcting the name to the name of an existing getter, or defining a getter or field named 'AppLocalizations'.
                                        AppLocalizations.of(context).noteUpdated,
                                        ^^^^^^^^^^^^^^^^
  lib/widgets/add_note_dialog.dart:1672:39: Error: The getter 'AppLocalizations' isn't defined for the type '_AddNoteDialogState'.
   - '_AddNoteDialogState' is from 'package:thoughtecho/widgets/add_note_dialog.dart' ('lib/widgets/add_note_dialog.dart').
  Try correcting the name to the name of an existing getter, or defining a getter or field named 'AppLocalizations'.
                                        AppLocalizations.of(context).noteSaved,
                                        ^^^^^^^^^^^^^^^^
  lib/widgets/add_note_dialog.dart:1699:39: Error: The getter 'AppLocalizations' isn't defined for the type '_AddNoteDialogState'.
   - '_AddNoteDialogState' is from 'package:thoughtecho/widgets/add_note_dialog.dart' ('lib/widgets/add_note_dialog.dart').
  Try correcting the name to the name of an existing getter, or defining a getter or field named 'AppLocalizations'.
                                        AppLocalizations.of(
                                        ^^^^^^^^^^^^^^^^
  lib/widgets/add_note_dialog.dart:1722:33: Error: The getter 'AppLocalizations' isn't defined for the type '_AddNoteDialogState'.
   - '_AddNoteDialogState' is from 'package:thoughtecho/widgets/add_note_dialog.dart' ('lib/widgets/add_note_dialog.dart').
  Try correcting the name to the name of an existing getter, or defining a getter or field named 'AppLocalizations'.
                                ? AppLocalizations.of(context).edit
                                  ^^^^^^^^^^^^^^^^
  lib/widgets/add_note_dialog.dart:1723:33: Error: The getter 'AppLocalizations' isn't defined for the type '_AddNoteDialogState'.
   - '_AddNoteDialogState' is from 'package:thoughtecho/widgets/add_note_dialog.dart' ('lib/widgets/add_note_dialog.dart').
  Try correcting the name to the name of an existing getter, or defining a getter or field named 'AppLocalizations'.
                                : AppLocalizations.of(context).save,
                                  ^^^^^^^^^^^^^^^^
  lib/widgets/add_note_dialog.dart:1737:18: Error: The getter 'AppLocalizations' isn't defined for the type '_AddNoteDialogState'.
   - '_AddNoteDialogState' is from 'package:thoughtecho/widgets/add_note_dialog.dart' ('lib/widgets/add_note_dialog.dart').
  Try correcting the name to the name of an existing getter, or defining a getter or field named 'AppLocalizations'.
      final l10n = AppLocalizations.of(context);
                   ^^^^^^^^^^^^^^^^
  lib/widgets/add_note_dialog.dart:1874:18: Error: The getter 'AppLocalizations' isn't defined for the type '_AddNoteDialogState'.
   - '_AddNoteDialogState' is from 'package:thoughtecho/widgets/add_note_dialog.dart' ('lib/widgets/add_note_dialog.dart').
  Try correcting the name to the name of an existing getter, or defining a getter or field named 'AppLocalizations'.
      final l10n = AppLocalizations.of(context);
                   ^^^^^^^^^^^^^^^^
  lib/widgets/update_dialog.dart:107:22: Error: The getter 'AppLocalizations' isn't defined for the type 'UpdateBottomSheet'.
   - 'UpdateBottomSheet' is from 'package:thoughtecho/widgets/update_dialog.dart' ('lib/widgets/update_dialog.dart').
  Try correcting the name to the name of an existing getter, or defining a getter or field named 'AppLocalizations'.
                  Text(AppLocalizations.of(context).updateFoundNewVersion),
                       ^^^^^^^^^^^^^^^^
  lib/widgets/update_dialog.dart:130:25: Error: The getter 'AppLocalizations' isn't defined for the type 'UpdateBottomSheet'.
   - 'UpdateBottomSheet' is from 'package:thoughtecho/widgets/update_dialog.dart' ('lib/widgets/update_dialog.dart').
  Try correcting the name to the name of an existing getter, or defining a getter or field named 'AppLocalizations'.
                          AppLocalizations.of(context).updateCurrentVersion,
                          ^^^^^^^^^^^^^^^^
  lib/widgets/update_dialog.dart:148:25: Error: The getter 'AppLocalizations' isn't defined for the type 'UpdateBottomSheet'.
   - 'UpdateBottomSheet' is from 'package:thoughtecho/widgets/update_dialog.dart' ('lib/widgets/update_dialog.dart').
  Try correcting the name to the name of an existing getter, or defining a getter or field named 'AppLocalizations'.
                          AppLocalizations.of(context).updateLatestVersion,
                          ^^^^^^^^^^^^^^^^
  lib/widgets/update_dialog.dart:182:17: Error: The getter 'AppLocalizations' isn't defined for the type 'UpdateBottomSheet'.
   - 'UpdateBottomSheet' is from 'package:thoughtecho/widgets/update_dialog.dart' ('lib/widgets/update_dialog.dart').
  Try correcting the name to the name of an existing getter, or defining a getter or field named 'AppLocalizations'.
                  AppLocalizations.of(context).updateReleaseNotes,
                  ^^^^^^^^^^^^^^^^
  lib/widgets/update_dialog.dart:234:19: Error: The getter 'AppLocalizations' isn't defined for the type 'UpdateBottomSheet'.
   - 'UpdateBottomSheet' is from 'package:thoughtecho/widgets/update_dialog.dart' ('lib/widgets/update_dialog.dart').
  Try correcting the name to the name of an existing getter, or defining a getter or field named 'AppLocalizations'.
                    AppLocalizations.of(
                    ^^^^^^^^^^^^^^^^
  lib/widgets/update_dialog.dart:291:22: Error: The getter 'AppLocalizations' isn't defined for the type 'UpdateBottomSheet'.
   - 'UpdateBottomSheet' is from 'package:thoughtecho/widgets/update_dialog.dart' ('lib/widgets/update_dialog.dart').
  Try correcting the name to the name of an existing getter, or defining a getter or field named 'AppLocalizations'.
                  Text(AppLocalizations.of(context).updateAlreadyLatest),
                       ^^^^^^^^^^^^^^^^
  lib/widgets/update_dialog.dart:312:21: Error: The getter 'AppLocalizations' isn't defined for the type 'UpdateBottomSheet'.
   - 'UpdateBottomSheet' is from 'package:thoughtecho/widgets/update_dialog.dart' ('lib/widgets/update_dialog.dart').
  Try correcting the name to the name of an existing getter, or defining a getter or field named 'AppLocalizations'.
                      AppLocalizations.of(
                      ^^^^^^^^^^^^^^^^
  lib/widgets/update_dialog.dart:321:21: Error: The getter 'AppLocalizations' isn't defined for the type 'UpdateBottomSheet'.
   - 'UpdateBottomSheet' is from 'package:thoughtecho/widgets/update_dialog.dart' ('lib/widgets/update_dialog.dart').
  Try correcting the name to the name of an existing getter, or defining a getter or field named 'AppLocalizations'.
                      AppLocalizations.of(context).updateUsingLatestVersion,
                      ^^^^^^^^^^^^^^^^
  lib/widgets/update_dialog.dart:342:27: Error: The getter 'AppLocalizations' isn't defined for the type 'UpdateBottomSheet'.
   - 'UpdateBottomSheet' is from 'package:thoughtecho/widgets/update_dialog.dart' ('lib/widgets/update_dialog.dart').
  Try correcting the name to the name of an existing getter, or defining a getter or field named 'AppLocalizations'.
                child: Text(AppLocalizations.of(context).confirm),
                            ^^^^^^^^^^^^^^^^
  lib/widgets/update_dialog.dart:553:18: Error: Undefined name 'AppLocalizations'.
      final l10n = AppLocalizations.of(context);
                   ^^^^^^^^^^^^^^^^
  lib/widgets/update_dialog.dart:561:16: Error: Undefined name 'AppLocalizations'.
          label: AppLocalizations.of(context).updateIgnoreForever,
                 ^^^^^^^^^^^^^^^^
  lib/widgets/update_dialog.dart:569:19: Error: Undefined name 'AppLocalizations'.
                    AppLocalizations.of(context).updateVersionIgnored,
                    ^^^^^^^^^^^^^^^^
  lib/widgets/update_dialog.dart:579:16: Error: Undefined name 'AppLocalizations'.
          label: AppLocalizations.of(context).updateViewDetails,
                 ^^^^^^^^^^^^^^^^
  lib/widgets/update_dialog.dart:665:15: Error: Undefined name 'AppLocalizations'.
                AppLocalizations.of(context).updateOpenStoreFailed(e.toString()),
                ^^^^^^^^^^^^^^^^
  lib/widgets/update_dialog.dart:688:15: Error: Undefined name 'AppLocalizations'.
                AppLocalizations.of(context).updateOpenLinkFailed(e.toString()),
                ^^^^^^^^^^^^^^^^
  lib/widgets/daily_quote_view.dart:82:20: Error: The getter 'AppLocalizations' isn't defined for the type 'DailyQuoteViewState'.
   - 'DailyQuoteViewState' is from 'package:thoughtecho/widgets/daily_quote_view.dart' ('lib/widgets/daily_quote_view.dart').
  Try correcting the name to the name of an existing getter, or defining a getter or field named 'AppLocalizations'.
        final l10n = AppLocalizations.of(context);
                     ^^^^^^^^^^^^^^^^
  lib/widgets/daily_quote_view.dart:128:22: Error: The getter 'AppLocalizations' isn't defined for the type 'DailyQuoteViewState'.
   - 'DailyQuoteViewState' is from 'package:thoughtecho/widgets/daily_quote_view.dart' ('lib/widgets/daily_quote_view.dart').
  Try correcting the name to the name of an existing getter, or defining a getter or field named 'AppLocalizations'.
          final l10n = AppLocalizations.of(context);
                       ^^^^^^^^^^^^^^^^
  lib/widgets/daily_quote_view.dart:240:24: Error: The getter 'AppLocalizations' isn't defined for the type 'DailyQuoteViewState'.
   - 'DailyQuoteViewState' is from 'package:thoughtecho/widgets/daily_quote_view.dart' ('lib/widgets/daily_quote_view.dart').
  Try correcting the name to the name of an existing getter, or defining a getter or field named 'AppLocalizations'.
            final l10n = AppLocalizations.of(context);
                         ^^^^^^^^^^^^^^^^
  lib/widgets/note_list_view.dart:1036:18: Error: The getter 'AppLocalizations' isn't defined for the type 'NoteListViewState'.
   - 'NoteListViewState' is from 'package:thoughtecho/widgets/note_list_view.dart' ('lib/widgets/note_list_view.dart').
  Try correcting the name to the name of an existing getter, or defining a getter or field named 'AppLocalizations'.
      final l10n = AppLocalizations.of(context);
                   ^^^^^^^^^^^^^^^^
  lib/widgets/note_list_view.dart:1340:26: Error: The getter 'AppLocalizations' isn't defined for the type 'NoteListViewState'.
   - 'NoteListViewState' is from 'package:thoughtecho/widgets/note_list_view.dart' ('lib/widgets/note_list_view.dart').
  Try correcting the name to the name of an existing getter, or defining a getter or field named 'AppLocalizations'.
              final l10n = AppLocalizations.of(context);
                           ^^^^^^^^^^^^^^^^
  lib/widgets/note_list_view.dart:1365:18: Error: The getter 'AppLocalizations' isn't defined for the type 'NoteListViewState'.
   - 'NoteListViewState' is from 'package:thoughtecho/widgets/note_list_view.dart' ('lib/widgets/note_list_view.dart').
  Try correcting the name to the name of an existing getter, or defining a getter or field named 'AppLocalizations'.
      final l10n = AppLocalizations.of(context);
                   ^^^^^^^^^^^^^^^^
  lib/widgets/local_ai/ocr_capture_page.dart:18:18: Error: The getter 'AppLocalizations' isn't defined for the type '_OCRCapturePageState'.
   - '_OCRCapturePageState' is from 'package:thoughtecho/widgets/local_ai/ocr_capture_page.dart' ('lib/widgets/local_ai/ocr_capture_page.dart').
  Try correcting the name to the name of an existing getter, or defining a getter or field named 'AppLocalizations'.
      final l10n = AppLocalizations.of(context);
                   ^^^^^^^^^^^^^^^^
  lib/widgets/local_ai/ocr_result_sheet.dart:48:18: Error: The getter 'AppLocalizations' isn't defined for the type '_OCRResultSheetState'.
   - '_OCRResultSheetState' is from 'package:thoughtecho/widgets/local_ai/ocr_result_sheet.dart' ('lib/widgets/local_ai/ocr_result_sheet.dart').
  Try correcting the name to the name of an existing getter, or defining a getter or field named 'AppLocalizations'.
      final l10n = AppLocalizations.of(context);
                   ^^^^^^^^^^^^^^^^
  lib/widgets/local_ai/voice_input_overlay.dart:52:18: Error: The getter 'AppLocalizations' isn't defined for the type '_VoiceInputOverlayState'.
   - '_VoiceInputOverlayState' is from 'package:thoughtecho/widgets/local_ai/voice_input_overlay.dart' ('lib/widgets/local_ai/voice_input_overlay.dart').
  Try correcting the name to the name of an existing getter, or defining a getter or field named 'AppLocalizations'.
      final l10n = AppLocalizations.of(context);
                   ^^^^^^^^^^^^^^^^
  lib/pages/ai_features_page.dart:57:27: Error: The getter 'AppLocalizations' isn't defined for the type '_AIFeaturesPageState'.
   - '_AIFeaturesPageState' is from 'package:thoughtecho/pages/ai_features_page.dart' ('lib/pages/ai_features_page.dart').
  Try correcting the name to the name of an existing getter, or defining a getter or field named 'AppLocalizations'.
                  Tab(text: AppLocalizations.of(context).periodicReport),
                            ^^^^^^^^^^^^^^^^
  lib/pages/ai_features_page.dart:58:27: Error: The getter 'AppLocalizations' isn't defined for the type '_AIFeaturesPageState'.
   - '_AIFeaturesPageState' is from 'package:thoughtecho/pages/ai_features_page.dart' ('lib/pages/ai_features_page.dart').
  Try correcting the name to the name of an existing getter, or defining a getter or field named 'AppLocalizations'.
                  Tab(text: AppLocalizations.of(context).aiInsightsTab),
                            ^^^^^^^^^^^^^^^^
  lib/pages/settings_page.dart:139:20: Error: The getter 'AppLocalizations' isn't defined for the type 'SettingsPageState'.
   - 'SettingsPageState' is from 'package:thoughtecho/pages/settings_page.dart' ('lib/pages/settings_page.dart').
  Try correcting the name to the name of an existing getter, or defining a getter or field named 'AppLocalizations'.
        final l10n = AppLocalizations.of(context);
                     ^^^^^^^^^^^^^^^^
  lib/pages/settings_page.dart:183:22: Error: The getter 'AppLocalizations' isn't defined for the type 'SettingsPageState'.
   - 'SettingsPageState' is from 'package:thoughtecho/pages/settings_page.dart' ('lib/pages/settings_page.dart').
  Try correcting the name to the name of an existing getter, or defining a getter or field named 'AppLocalizations'.
          final l10n = AppLocalizations.of(context);
                       ^^^^^^^^^^^^^^^^
  lib/pages/settings_page.dart:250:18: Error: The getter 'AppLocalizations' isn't defined for the type 'SettingsPageState'.
   - 'SettingsPageState' is from 'package:thoughtecho/pages/settings_page.dart' ('lib/pages/settings_page.dart').
  Try correcting the name to the name of an existing getter, or defining a getter or field named 'AppLocalizations'.
      final l10n = AppLocalizations.of(context);
                   ^^^^^^^^^^^^^^^^
  lib/pages/settings_page.dart:732:38: Error: The getter 'AppLocalizations' isn't defined for the type 'SettingsPageState'.
   - 'SettingsPageState' is from 'package:thoughtecho/pages/settings_page.dart' ('lib/pages/settings_page.dart').
  Try correcting the name to the name of an existing getter, or defining a getter or field named 'AppLocalizations'.
                          final l10n = AppLocalizations.of(currentContext);
                                       ^^^^^^^^^^^^^^^^
  lib/pages/settings_page.dart:1012:20: Error: The getter 'AppLocalizations' isn't defined for the type 'SettingsPageState'.
   - 'SettingsPageState' is from 'package:thoughtecho/pages/settings_page.dart' ('lib/pages/settings_page.dart').
  Try correcting the name to the name of an existing getter, or defining a getter or field named 'AppLocalizations'.
        final l10n = AppLocalizations.of(context);
                     ^^^^^^^^^^^^^^^^
  lib/pages/settings_page.dart:1067:18: Error: The getter 'AppLocalizations' isn't defined for the type 'SettingsPageState'.
   - 'SettingsPageState' is from 'package:thoughtecho/pages/settings_page.dart' ('lib/pages/settings_page.dart').
  Try correcting the name to the name of an existing getter, or defining a getter or field named 'AppLocalizations'.
      final l10n = AppLocalizations.of(context);
                   ^^^^^^^^^^^^^^^^
  lib/pages/settings_page.dart:1166:18: Error: The getter 'AppLocalizations' isn't defined for the type 'SettingsPageState'.
   - 'SettingsPageState' is from 'package:thoughtecho/pages/settings_page.dart' ('lib/pages/settings_page.dart').
  Try correcting the name to the name of an existing getter, or defining a getter or field named 'AppLocalizations'.
      final l10n = AppLocalizations.of(context);
                   ^^^^^^^^^^^^^^^^
  lib/pages/settings_page.dart:1246:22: Error: The getter 'AppLocalizations' isn't defined for the type 'SettingsPageState'.
   - 'SettingsPageState' is from 'package:thoughtecho/pages/settings_page.dart' ('lib/pages/settings_page.dart').
  Try correcting the name to the name of an existing getter, or defining a getter or field named 'AppLocalizations'.
          final l10n = AppLocalizations.of(context);
                       ^^^^^^^^^^^^^^^^
  lib/pages/settings_page.dart:1274:22: Error: The getter 'AppLocalizations' isn't defined for the type 'SettingsPageState'.
   - 'SettingsPageState' is from 'package:thoughtecho/pages/settings_page.dart' ('lib/pages/settings_page.dart').
  Try correcting the name to the name of an existing getter, or defining a getter or field named 'AppLocalizations'.
          final l10n = AppLocalizations.of(context);
                       ^^^^^^^^^^^^^^^^
  lib/pages/settings_page.dart:1496:22: Error: The getter 'AppLocalizations' isn't defined for the type 'SettingsPageState'.
   - 'SettingsPageState' is from 'package:thoughtecho/pages/settings_page.dart' ('lib/pages/settings_page.dart').
  Try correcting the name to the name of an existing getter, or defining a getter or field named 'AppLocalizations'.
          final l10n = AppLocalizations.of(context);
                       ^^^^^^^^^^^^^^^^
  lib/pages/settings_page.dart:1510:18: Error: The getter 'AppLocalizations' isn't defined for the type 'SettingsPageState'.
   - 'SettingsPageState' is from 'package:thoughtecho/pages/settings_page.dart' ('lib/pages/settings_page.dart').
  Try correcting the name to the name of an existing getter, or defining a getter or field named 'AppLocalizations'.
      final l10n = AppLocalizations.of(context);
                   ^^^^^^^^^^^^^^^^
  lib/pages/note_qa_chat_page.dart:27:32: Error: The getter 'AppLocalizations' isn't defined for the type '_NoteQAChatPageState'.
   - '_NoteQAChatPageState' is from 'package:thoughtecho/pages/note_qa_chat_page.dart' ('lib/pages/note_qa_chat_page.dart').
  Try correcting the name to the name of an existing getter, or defining a getter or field named 'AppLocalizations'.
    AppLocalizations get l10n => AppLocalizations.of(context);
                                 ^^^^^^^^^^^^^^^^
  lib/pages/note_full_editor_page.dart:822:18: Error: The getter 'AppLocalizations' isn't defined for the type '_NoteFullEditorPageState'.
   - '_NoteFullEditorPageState' is from 'package:thoughtecho/pages/note_full_editor_page.dart' ('lib/pages/note_full_editor_page.dart').
  Try correcting the name to the name of an existing getter, or defining a getter or field named 'AppLocalizations'.
      final l10n = AppLocalizations.of(context);
                   ^^^^^^^^^^^^^^^^
  lib/pages/note_full_editor_page.dart:972:18: Error: The getter 'AppLocalizations' isn't defined for the type '_NoteFullEditorPageState'.
   - '_NoteFullEditorPageState' is from 'package:thoughtecho/pages/note_full_editor_page.dart' ('lib/pages/note_full_editor_page.dart').
  Try correcting the name to the name of an existing getter, or defining a getter or field named 'AppLocalizations'.
      final l10n = AppLocalizations.of(context);
                   ^^^^^^^^^^^^^^^^
  lib/pages/note_full_editor_page.dart:992:9: Error: The getter 'AppLocalizations' isn't defined for the type '_NoteFullEditorPageState'.
   - '_NoteFullEditorPageState' is from 'package:thoughtecho/pages/note_full_editor_page.dart' ('lib/pages/note_full_editor_page.dart').
  Try correcting the name to the name of an existing getter, or defining a getter or field named 'AppLocalizations'.
          AppLocalizations.of(context),
          ^^^^^^^^^^^^^^^^
  lib/pages/note_full_editor_page.dart:1041:24: Error: The getter 'AppLocalizations' isn't defined for the type '_NoteFullEditorPageState'.
   - '_NoteFullEditorPageState' is from 'package:thoughtecho/pages/note_full_editor_page.dart' ('lib/pages/note_full_editor_page.dart').
  Try correcting the name to the name of an existing getter, or defining a getter or field named 'AppLocalizations'.
            final l10n = AppLocalizations.of(context);
                         ^^^^^^^^^^^^^^^^
  lib/pages/note_full_editor_page.dart:1077:20: Error: The getter 'AppLocalizations' isn't defined for the type '_NoteFullEditorPageState'.
   - '_NoteFullEditorPageState' is from 'package:thoughtecho/pages/note_full_editor_page.dart' ('lib/pages/note_full_editor_page.dart').
  Try correcting the name to the name of an existing getter, or defining a getter or field named 'AppLocalizations'.
        final l10n = AppLocalizations.of(context);
                     ^^^^^^^^^^^^^^^^
  lib/pages/note_full_editor_page.dart:1130:24: Error: The getter 'AppLocalizations' isn't defined for the type '_NoteFullEditorPageState'.
   - '_NoteFullEditorPageState' is from 'package:thoughtecho/pages/note_full_editor_page.dart' ('lib/pages/note_full_editor_page.dart').
  Try correcting the name to the name of an existing getter, or defining a getter or field named 'AppLocalizations'.
            final l10n = AppLocalizations.of(context);
                         ^^^^^^^^^^^^^^^^
  lib/pages/note_full_editor_page.dart:1176:26: Error: The getter 'AppLocalizations' isn't defined for the type '_NoteFullEditorPageState'.
   - '_NoteFullEditorPageState' is from 'package:thoughtecho/pages/note_full_editor_page.dart' ('lib/pages/note_full_editor_page.dart').
  Try correcting the name to the name of an existing getter, or defining a getter or field named 'AppLocalizations'.
              final l10n = AppLocalizations.of(context);
                           ^^^^^^^^^^^^^^^^
  lib/pages/note_full_editor_page.dart:1198:24: Error: The getter 'AppLocalizations' isn't defined for the type '_NoteFullEditorPageState'.
   - '_NoteFullEditorPageState' is from 'package:thoughtecho/pages/note_full_editor_page.dart' ('lib/pages/note_full_editor_page.dart').
  Try correcting the name to the name of an existing getter, or defining a getter or field named 'AppLocalizations'.
            final l10n = AppLocalizations.of(context);
                         ^^^^^^^^^^^^^^^^
  lib/pages/note_full_editor_page.dart:1219:20: Error: The getter 'AppLocalizations' isn't defined for the type '_NoteFullEditorPageState'.
   - '_NoteFullEditorPageState' is from 'package:thoughtecho/pages/note_full_editor_page.dart' ('lib/pages/note_full_editor_page.dart').
  Try correcting the name to the name of an existing getter, or defining a getter or field named 'AppLocalizations'.
        final l10n = AppLocalizations.of(context);
                     ^^^^^^^^^^^^^^^^
  lib/pages/note_full_editor_page.dart:1309:18: Error: The getter 'AppLocalizations' isn't defined for the type '_NoteFullEditorPageState'.
   - '_NoteFullEditorPageState' is from 'package:thoughtecho/pages/note_full_editor_page.dart' ('lib/pages/note_full_editor_page.dart').
  Try correcting the name to the name of an existing getter, or defining a getter or field named 'AppLocalizations'.
      final l10n = AppLocalizations.of(context);
                   ^^^^^^^^^^^^^^^^
  lib/pages/note_full_editor_page.dart:1341:22: Error: The getter 'AppLocalizations' isn't defined for the type '_NoteFullEditorPageState'.
   - '_NoteFullEditorPageState' is from 'package:thoughtecho/pages/note_full_editor_page.dart' ('lib/pages/note_full_editor_page.dart').
  Try correcting the name to the name of an existing getter, or defining a getter or field named 'AppLocalizations'.
          final l10n = AppLocalizations.of(context);
                       ^^^^^^^^^^^^^^^^
  lib/pages/note_full_editor_page.dart:1371:22: Error: The getter 'AppLocalizations' isn't defined for the type '_NoteFullEditorPageState'.
   - '_NoteFullEditorPageState' is from 'package:thoughtecho/pages/note_full_editor_page.dart' ('lib/pages/note_full_editor_page.dart').
  Try correcting the name to the name of an existing getter, or defining a getter or field named 'AppLocalizations'.
          final l10n = AppLocalizations.of(context);
                       ^^^^^^^^^^^^^^^^
  lib/pages/note_full_editor_page.dart:1453:29: Error: The getter 'AppLocalizations' isn't defined for the type '_NoteFullEditorPageState'.
   - '_NoteFullEditorPageState' is from 'package:thoughtecho/pages/note_full_editor_page.dart' ('lib/pages/note_full_editor_page.dart').
  Try correcting the name to the name of an existing getter, or defining a getter or field named 'AppLocalizations'.
                content: Text(AppLocalizations.of(context).noteSaved),
                              ^^^^^^^^^^^^^^^^
  lib/pages/note_full_editor_page.dart:1471:29: Error: The getter 'AppLocalizations' isn't defined for the type '_NoteFullEditorPageState'.
   - '_NoteFullEditorPageState' is from 'package:thoughtecho/pages/note_full_editor_page.dart' ('lib/pages/note_full_editor_page.dart').
  Try correcting the name to the name of an existing getter, or defining a getter or field named 'AppLocalizations'.
                content: Text(AppLocalizations.of(context).noteSaved),
                              ^^^^^^^^^^^^^^^^
  lib/pages/note_full_editor_page.dart:1493:22: Error: The getter 'AppLocalizations' isn't defined for the type '_NoteFullEditorPageState'.
   - '_NoteFullEditorPageState' is from 'package:thoughtecho/pages/note_full_editor_page.dart' ('lib/pages/note_full_editor_page.dart').
  Try correcting the name to the name of an existing getter, or defining a getter or field named 'AppLocalizations'.
          final l10n = AppLocalizations.of(context);
                       ^^^^^^^^^^^^^^^^
  lib/pages/note_full_editor_page.dart:1594:21: Error: The getter 'AppLocalizations' isn't defined for the type '_NoteFullEditorPageState'.
   - '_NoteFullEditorPageState' is from 'package:thoughtecho/pages/note_full_editor_page.dart' ('lib/pages/note_full_editor_page.dart').
  Try correcting the name to the name of an existing getter, or defining a getter or field named 'AppLocalizations'.
          title: Text(AppLocalizations.of(context).selectCardColor),
                      ^^^^^^^^^^^^^^^^
  lib/pages/note_full_editor_page.dart:1613:25: Error: The getter 'AppLocalizations' isn't defined for the type '_NoteFullEditorPageState'.
   - '_NoteFullEditorPageState' is from 'package:thoughtecho/pages/note_full_editor_page.dart' ('lib/pages/note_full_editor_page.dart').
  Try correcting the name to the name of an existing getter, or defining a getter or field named 'AppLocalizations'.
                          AppLocalizations.of(context).presetColors,
                          ^^^^^^^^^^^^^^^^
  lib/pages/note_full_editor_page.dart:1697:29: Error: The getter 'AppLocalizations' isn't defined for the type '_NoteFullEditorPageState'.
   - '_NoteFullEditorPageState' is from 'package:thoughtecho/pages/note_full_editor_page.dart' ('lib/pages/note_full_editor_page.dart').
  Try correcting the name to the name of an existing getter, or defining a getter or field named 'AppLocalizations'.
                  label: Text(AppLocalizations.of(context).customColor),
                              ^^^^^^^^^^^^^^^^
  lib/pages/note_full_editor_page.dart:1711:35: Error: The getter 'AppLocalizations' isn't defined for the type '_NoteFullEditorPageState'.
   - '_NoteFullEditorPageState' is from 'package:thoughtecho/pages/note_full_editor_page.dart' ('lib/pages/note_full_editor_page.dart').
  Try correcting the name to the name of an existing getter, or defining a getter or field named 'AppLocalizations'.
                        title: Text(AppLocalizations.of(context).customColor),
                                    ^^^^^^^^^^^^^^^^
  lib/pages/note_full_editor_page.dart:1735:39: Error: The getter 'AppLocalizations' isn't defined for the type '_NoteFullEditorPageState'.
   - '_NoteFullEditorPageState' is from 'package:thoughtecho/pages/note_full_editor_page.dart' ('lib/pages/note_full_editor_page.dart').
  Try correcting the name to the name of an existing getter, or defining a getter or field named 'AppLocalizations'.
                            child: Text(AppLocalizations.of(context).cancel),
                                        ^^^^^^^^^^^^^^^^
  lib/pages/note_full_editor_page.dart:1740:39: Error: The getter 'AppLocalizations' isn't defined for the type '_NoteFullEditorPageState'.
   - '_NoteFullEditorPageState' is from 'package:thoughtecho/pages/note_full_editor_page.dart' ('lib/pages/note_full_editor_page.dart').
  Try correcting the name to the name of an existing getter, or defining a getter or field named 'AppLocalizations'.
                            child: Text(AppLocalizations.of(context).select),
                                        ^^^^^^^^^^^^^^^^
  lib/pages/note_full_editor_page.dart:1762:25: Error: The getter 'AppLocalizations' isn't defined for the type '_NoteFullEditorPageState'.
   - '_NoteFullEditorPageState' is from 'package:thoughtecho/pages/note_full_editor_page.dart' ('lib/pages/note_full_editor_page.dart').
  Try correcting the name to the name of an existing getter, or defining a getter or field named 'AppLocalizations'.
              child: Text(AppLocalizations.of(context).cancel),
                          ^^^^^^^^^^^^^^^^
  lib/pages/note_full_editor_page.dart:1783:18: Error: The getter 'AppLocalizations' isn't defined for the type '_NoteFullEditorPageState'.
   - '_NoteFullEditorPageState' is from 'package:thoughtecho/pages/note_full_editor_page.dart' ('lib/pages/note_full_editor_page.dart').
  Try correcting the name to the name of an existing getter, or defining a getter or field named 'AppLocalizations'.
      final l10n = AppLocalizations.of(context);
                   ^^^^^^^^^^^^^^^^
  lib/pages/note_full_editor_page.dart:1991:40: Error: The getter 'AppLocalizations' isn't defined for the type '_NoteFullEditorPageState'.
   - '_NoteFullEditorPageState' is from 'package:thoughtecho/pages/note_full_editor_page.dart' ('lib/pages/note_full_editor_page.dart').
  Try correcting the name to the name of an existing getter, or defining a getter or field named 'AppLocalizations'.
                            placeholder: AppLocalizations.of(context)
                                         ^^^^^^^^^^^^^^^^
  lib/pages/note_full_editor_page.dart:2091:18: Error: The getter 'AppLocalizations' isn't defined for the type '_NoteFullEditorPageState'.
   - '_NoteFullEditorPageState' is from 'package:thoughtecho/pages/note_full_editor_page.dart' ('lib/pages/note_full_editor_page.dart').
  Try correcting the name to the name of an existing getter, or defining a getter or field named 'AppLocalizations'.
      final l10n = AppLocalizations.of(context);
                   ^^^^^^^^^^^^^^^^
  lib/pages/note_full_editor_page.dart:2131:29: Error: The getter 'AppLocalizations' isn't defined for the type '_NoteFullEditorPageState'.
   - '_NoteFullEditorPageState' is from 'package:thoughtecho/pages/note_full_editor_page.dart' ('lib/pages/note_full_editor_page.dart').
  Try correcting the name to the name of an existing getter, or defining a getter or field named 'AppLocalizations'.
                              AppLocalizations.of(context).editMetadata,
                              ^^^^^^^^^^^^^^^^
  lib/pages/note_full_editor_page.dart:2141:41: Error: The getter 'AppLocalizations' isn't defined for the type '_NoteFullEditorPageState'.
   - '_NoteFullEditorPageState' is from 'package:thoughtecho/pages/note_full_editor_page.dart' ('lib/pages/note_full_editor_page.dart').
  Try correcting the name to the name of an existing getter, or defining a getter or field named 'AppLocalizations'.
                              label: Text(AppLocalizations.of(context).done),
                                          ^^^^^^^^^^^^^^^^
  lib/pages/note_full_editor_page.dart:2167:47: Error: The getter 'AppLocalizations' isn't defined for the type '_NoteFullEditorPageState'.
   - '_NoteFullEditorPageState' is from 'package:thoughtecho/pages/note_full_editor_page.dart' ('lib/pages/note_full_editor_page.dart').
  Try correcting the name to the name of an existing getter, or defining a getter or field named 'AppLocalizations'.
                                      hintText: AppLocalizations.of(
                                                ^^^^^^^^^^^^^^^^
  lib/pages/note_full_editor_page.dart:2187:47: Error: The getter 'AppLocalizations' isn't defined for the type '_NoteFullEditorPageState'.
   - '_NoteFullEditorPageState' is from 'package:thoughtecho/pages/note_full_editor_page.dart' ('lib/pages/note_full_editor_page.dart').
  Try correcting the name to the name of an existing getter, or defining a getter or field named 'AppLocalizations'.
                                      hintText: AppLocalizations.of(
                                                ^^^^^^^^^^^^^^^^
  lib/pages/note_full_editor_page.dart:2493:45: Error: The getter 'AppLocalizations' isn't defined for the type '_NoteFullEditorPageState'.
   - '_NoteFullEditorPageState' is from 'package:thoughtecho/pages/note_full_editor_page.dart' ('lib/pages/note_full_editor_page.dart').
  Try correcting the name to the name of an existing getter, or defining a getter or field named 'AppLocalizations'.
                                              AppLocalizations.of(context),
                                              ^^^^^^^^^^^^^^^^
  lib/pages/note_full_editor_page.dart:2567:33: Error: The getter 'AppLocalizations' isn't defined for the type '_NoteFullEditorPageState'.
   - '_NoteFullEditorPageState' is from 'package:thoughtecho/pages/note_full_editor_page.dart' ('lib/pages/note_full_editor_page.dart').
  Try correcting the name to the name of an existing getter, or defining a getter or field named 'AppLocalizations'.
                                  AppLocalizations.of(context).selectTags,
                                  ^^^^^^^^^^^^^^^^
  lib/pages/note_full_editor_page.dart:2590:47: Error: The getter 'AppLocalizations' isn't defined for the type '_NoteFullEditorPageState'.
   - '_NoteFullEditorPageState' is from 'package:thoughtecho/pages/note_full_editor_page.dart' ('lib/pages/note_full_editor_page.dart').
  Try correcting the name to the name of an existing getter, or defining a getter or field named 'AppLocalizations'.
                                      hintText: AppLocalizations.of(
                                                ^^^^^^^^^^^^^^^^
  lib/pages/note_full_editor_page.dart:2630:49: Error: The getter 'AppLocalizations' isn't defined for the type '_NoteFullEditorPageState'.
   - '_NoteFullEditorPageState' is from 'package:thoughtecho/pages/note_full_editor_page.dart' ('lib/pages/note_full_editor_page.dart').
  Try correcting the name to the name of an existing getter, or defining a getter or field named 'AppLocalizations'.
                                                  AppLocalizations.of(
                                                  ^^^^^^^^^^^^^^^^
  lib/pages/note_full_editor_page.dart:2795:23: Error: The getter 'AppLocalizations' isn't defined for the type '_NoteFullEditorPageState'.
   - '_NoteFullEditorPageState' is from 'package:thoughtecho/pages/note_full_editor_page.dart' ('lib/pages/note_full_editor_page.dart').
  Try correcting the name to the name of an existing getter, or defining a getter or field named 'AppLocalizations'.
                        AppLocalizations.of(context).smartAnalyzeSource,
                        ^^^^^^^^^^^^^^^^
  lib/pages/note_full_editor_page.dart:2798:23: Error: The getter 'AppLocalizations' isn't defined for the type '_NoteFullEditorPageState'.
   - '_NoteFullEditorPageState' is from 'package:thoughtecho/pages/note_full_editor_page.dart' ('lib/pages/note_full_editor_page.dart').
  Try correcting the name to the name of an existing getter, or defining a getter or field named 'AppLocalizations'.
                        AppLocalizations.of(context).smartAnalyzeSourceDesc,
                        ^^^^^^^^^^^^^^^^
  lib/pages/note_full_editor_page.dart:2807:33: Error: The getter 'AppLocalizations' isn't defined for the type '_NoteFullEditorPageState'.
   - '_NoteFullEditorPageState' is from 'package:thoughtecho/pages/note_full_editor_page.dart' ('lib/pages/note_full_editor_page.dart').
  Try correcting the name to the name of an existing getter, or defining a getter or field named 'AppLocalizations'.
                      title: Text(AppLocalizations.of(context).polishText),
                                  ^^^^^^^^^^^^^^^^
  lib/pages/note_full_editor_page.dart:2808:36: Error: The getter 'AppLocalizations' isn't defined for the type '_NoteFullEditorPageState'.
   - '_NoteFullEditorPageState' is from 'package:thoughtecho/pages/note_full_editor_page.dart' ('lib/pages/note_full_editor_page.dart').
  Try correcting the name to the name of an existing getter, or defining a getter or field named 'AppLocalizations'.
                      subtitle: Text(AppLocalizations.of(context).polishTextDesc),
                                     ^^^^^^^^^^^^^^^^
  lib/pages/note_full_editor_page.dart:2816:33: Error: The getter 'AppLocalizations' isn't defined for the type '_NoteFullEditorPageState'.
   - '_NoteFullEditorPageState' is from 'package:thoughtecho/pages/note_full_editor_page.dart' ('lib/pages/note_full_editor_page.dart').
  Try correcting the name to the name of an existing getter, or defining a getter or field named 'AppLocalizations'.
                      title: Text(AppLocalizations.of(context).continueWriting),
                                  ^^^^^^^^^^^^^^^^
  lib/pages/note_full_editor_page.dart:2818:23: Error: The getter 'AppLocalizations' isn't defined for the type '_NoteFullEditorPageState'.
   - '_NoteFullEditorPageState' is from 'package:thoughtecho/pages/note_full_editor_page.dart' ('lib/pages/note_full_editor_page.dart').
  Try correcting the name to the name of an existing getter, or defining a getter or field named 'AppLocalizations'.
                        AppLocalizations.of(context).continueWritingDesc,
                        ^^^^^^^^^^^^^^^^
  lib/pages/note_full_editor_page.dart:2827:33: Error: The getter 'AppLocalizations' isn't defined for the type '_NoteFullEditorPageState'.
   - '_NoteFullEditorPageState' is from 'package:thoughtecho/pages/note_full_editor_page.dart' ('lib/pages/note_full_editor_page.dart').
  Try correcting the name to the name of an existing getter, or defining a getter or field named 'AppLocalizations'.
                      title: Text(AppLocalizations.of(context).deepAnalysis),
                                  ^^^^^^^^^^^^^^^^
  lib/pages/note_full_editor_page.dart:2829:23: Error: The getter 'AppLocalizations' isn't defined for the type '_NoteFullEditorPageState'.
   - '_NoteFullEditorPageState' is from 'package:thoughtecho/pages/note_full_editor_page.dart' ('lib/pages/note_full_editor_page.dart').
  Try correcting the name to the name of an existing getter, or defining a getter or field named 'AppLocalizations'.
                        AppLocalizations.of(context).deepAnalysisDesc,
                        ^^^^^^^^^^^^^^^^
  lib/pages/note_full_editor_page.dart:2838:33: Error: The getter 'AppLocalizations' isn't defined for the type '_NoteFullEditorPageState'.
   - '_NoteFullEditorPageState' is from 'package:thoughtecho/pages/note_full_editor_page.dart' ('lib/pages/note_full_editor_page.dart').
  Try correcting the name to the name of an existing getter, or defining a getter or field named 'AppLocalizations'.
                      title: Text(AppLocalizations.of(context).askNote),
                                  ^^^^^^^^^^^^^^^^
  lib/pages/note_full_editor_page.dart:2839:36: Error: The getter 'AppLocalizations' isn't defined for the type '_NoteFullEditorPageState'.
   - '_NoteFullEditorPageState' is from 'package:thoughtecho/pages/note_full_editor_page.dart' ('lib/pages/note_full_editor_page.dart').
  Try correcting the name to the name of an existing getter, or defining a getter or field named 'AppLocalizations'.
                      subtitle: Text(AppLocalizations.of(context).askNoteDesc),
                                     ^^^^^^^^^^^^^^^^
  lib/pages/note_full_editor_page.dart:2860:25: Error: The getter 'AppLocalizations' isn't defined for the type '_NoteFullEditorPageState'.
   - '_NoteFullEditorPageState' is from 'package:thoughtecho/pages/note_full_editor_page.dart' ('lib/pages/note_full_editor_page.dart').
  Try correcting the name to the name of an existing getter, or defining a getter or field named 'AppLocalizations'.
            content: Text(AppLocalizations.of(context).pleaseEnterContent),
                          ^^^^^^^^^^^^^^^^
  lib/pages/note_full_editor_page.dart:2881:22: Error: The getter 'AppLocalizations' isn't defined for the type '_NoteFullEditorPageState'.
   - '_NoteFullEditorPageState' is from 'package:thoughtecho/pages/note_full_editor_page.dart' ('lib/pages/note_full_editor_page.dart').
  Try correcting the name to the name of an existing getter, or defining a getter or field named 'AppLocalizations'.
                  Text(AppLocalizations.of(context).analyzing),
                       ^^^^^^^^^^^^^^^^
  lib/pages/note_full_editor_page.dart:2908:24: Error: The getter 'AppLocalizations' isn't defined for the type '_NoteFullEditorPageState'.
   - '_NoteFullEditorPageState' is from 'package:thoughtecho/pages/note_full_editor_page.dart' ('lib/pages/note_full_editor_page.dart').
  Try correcting the name to the name of an existing getter, or defining a getter or field named 'AppLocalizations'.
            final l10n = AppLocalizations.of(context);
                         ^^^^^^^^^^^^^^^^
  lib/pages/note_full_editor_page.dart:2976:24: Error: The getter 'AppLocalizations' isn't defined for the type '_NoteFullEditorPageState'.
   - '_NoteFullEditorPageState' is from 'package:thoughtecho/pages/note_full_editor_page.dart' ('lib/pages/note_full_editor_page.dart').
  Try correcting the name to the name of an existing getter, or defining a getter or field named 'AppLocalizations'.
            final l10n = AppLocalizations.of(context);
                         ^^^^^^^^^^^^^^^^
  lib/pages/note_full_editor_page.dart:2993:22: Error: The getter 'AppLocalizations' isn't defined for the type '_NoteFullEditorPageState'.
   - '_NoteFullEditorPageState' is from 'package:thoughtecho/pages/note_full_editor_page.dart' ('lib/pages/note_full_editor_page.dart').
  Try correcting the name to the name of an existing getter, or defining a getter or field named 'AppLocalizations'.
          final l10n = AppLocalizations.of(context);
                       ^^^^^^^^^^^^^^^^
  lib/pages/note_full_editor_page.dart:3009:22: Error: The getter 'AppLocalizations' isn't defined for the type '_NoteFullEditorPageState'.
   - '_NoteFullEditorPageState' is from 'package:thoughtecho/pages/note_full_editor_page.dart' ('lib/pages/note_full_editor_page.dart').
  Try correcting the name to the name of an existing getter, or defining a getter or field named 'AppLocalizations'.
          final l10n = AppLocalizations.of(context);
                       ^^^^^^^^^^^^^^^^
  lib/pages/note_full_editor_page.dart:3024:18: Error: The getter 'AppLocalizations' isn't defined for the type '_NoteFullEditorPageState'.
   - '_NoteFullEditorPageState' is from 'package:thoughtecho/pages/note_full_editor_page.dart' ('lib/pages/note_full_editor_page.dart').
  Try correcting the name to the name of an existing getter, or defining a getter or field named 'AppLocalizations'.
      final l10n = AppLocalizations.of(context);
                   ^^^^^^^^^^^^^^^^
  lib/pages/note_full_editor_page.dart:3062:22: Error: The getter 'AppLocalizations' isn't defined for the type '_NoteFullEditorPageState'.
   - '_NoteFullEditorPageState' is from 'package:thoughtecho/pages/note_full_editor_page.dart' ('lib/pages/note_full_editor_page.dart').
  Try correcting the name to the name of an existing getter, or defining a getter or field named 'AppLocalizations'.
          final l10n = AppLocalizations.of(context);
                       ^^^^^^^^^^^^^^^^
  lib/pages/note_full_editor_page.dart:3076:18: Error: The getter 'AppLocalizations' isn't defined for the type '_NoteFullEditorPageState'.
   - '_NoteFullEditorPageState' is from 'package:thoughtecho/pages/note_full_editor_page.dart' ('lib/pages/note_full_editor_page.dart').
  Try correcting the name to the name of an existing getter, or defining a getter or field named 'AppLocalizations'.
      final l10n = AppLocalizations.of(context);
                   ^^^^^^^^^^^^^^^^
  lib/pages/note_full_editor_page.dart:3119:22: Error: The getter 'AppLocalizations' isn't defined for the type '_NoteFullEditorPageState'.
   - '_NoteFullEditorPageState' is from 'package:thoughtecho/pages/note_full_editor_page.dart' ('lib/pages/note_full_editor_page.dart').
  Try correcting the name to the name of an existing getter, or defining a getter or field named 'AppLocalizations'.
          final l10n = AppLocalizations.of(context);
                       ^^^^^^^^^^^^^^^^
  lib/pages/note_full_editor_page.dart:3134:18: Error: The getter 'AppLocalizations' isn't defined for the type '_NoteFullEditorPageState'.
   - '_NoteFullEditorPageState' is from 'package:thoughtecho/pages/note_full_editor_page.dart' ('lib/pages/note_full_editor_page.dart').
  Try correcting the name to the name of an existing getter, or defining a getter or field named 'AppLocalizations'.
      final l10n = AppLocalizations.of(context);
                   ^^^^^^^^^^^^^^^^
  lib/pages/note_full_editor_page.dart:3184:20: Error: The getter 'AppLocalizations' isn't defined for the type '_NoteFullEditorPageState'.
   - '_NoteFullEditorPageState' is from 'package:thoughtecho/pages/note_full_editor_page.dart' ('lib/pages/note_full_editor_page.dart').
  Try correcting the name to the name of an existing getter, or defining a getter or field named 'AppLocalizations'.
        final l10n = AppLocalizations.of(context);
                     ^^^^^^^^^^^^^^^^
  lib/widgets/svg_card_widget.dart:398:18: Error: The getter 'AppLocalizations' isn't defined for the type 'GeneratedCardWidget'.
   - 'GeneratedCardWidget' is from 'package:thoughtecho/widgets/svg_card_widget.dart' ('lib/widgets/svg_card_widget.dart').
  Try correcting the name to the name of an existing getter, or defining a getter or field named 'AppLocalizations'.
      final l10n = AppLocalizations.of(context);
                   ^^^^^^^^^^^^^^^^
  lib/widgets/svg_card_widget.dart:547:20: Error: The getter 'AppLocalizations' isn't defined for the type '_CardPreviewDialogState'.
   - '_CardPreviewDialogState' is from 'package:thoughtecho/widgets/svg_card_widget.dart' ('lib/widgets/svg_card_widget.dart').
  Try correcting the name to the name of an existing getter, or defining a getter or field named 'AppLocalizations'.
        final l10n = AppLocalizations.of(context);
                     ^^^^^^^^^^^^^^^^
  lib/widgets/svg_card_widget.dart:572:18: Error: The getter 'AppLocalizations' isn't defined for the type '_CardPreviewDialogState'.
   - '_CardPreviewDialogState' is from 'package:thoughtecho/widgets/svg_card_widget.dart' ('lib/widgets/svg_card_widget.dart').
  Try correcting the name to the name of an existing getter, or defining a getter or field named 'AppLocalizations'.
      final l10n = AppLocalizations.of(context);
                   ^^^^^^^^^^^^^^^^
  lib/widgets/svg_card_widget.dart:703:18: Error: The getter 'AppLocalizations' isn't defined for the type 'CardGenerationLoadingDialog'.
   - 'CardGenerationLoadingDialog' is from 'package:thoughtecho/widgets/svg_card_widget.dart' ('lib/widgets/svg_card_widget.dart').
  Try correcting the name to the name of an existing getter, or defining a getter or field named 'AppLocalizations'.
      final l10n = AppLocalizations.of(context);
                   ^^^^^^^^^^^^^^^^
  lib/config/onboarding_config.dart:10:18: Error: Undefined name 'AppLocalizations'.
      final l10n = AppLocalizations.of(context);
                   ^^^^^^^^^^^^^^^^
  lib/config/onboarding_config.dart:59:18: Error: Undefined name 'AppLocalizations'.
      final l10n = AppLocalizations.of(context);
                   ^^^^^^^^^^^^^^^^
  lib/config/onboarding_config.dart:88:18: Error: Undefined name 'AppLocalizations'.
      final l10n = AppLocalizations.of(context);
                   ^^^^^^^^^^^^^^^^
  lib/config/onboarding_config.dart:136:18: Error: Undefined name 'AppLocalizations'.
      final l10n = AppLocalizations.of(context);
                   ^^^^^^^^^^^^^^^^
  lib/config/onboarding_config.dart:167:18: Error: Undefined name 'AppLocalizations'.
      final l10n = AppLocalizations.of(context);
                   ^^^^^^^^^^^^^^^^
  lib/widgets/onboarding/page_views.dart:98:16: Error: The getter 'AppLocalizations' isn't defined for the type '_WelcomePageViewState'.
   - '_WelcomePageViewState' is from 'package:thoughtecho/widgets/onboarding/page_views.dart' ('lib/widgets/onboarding/page_views.dart').
  Try correcting the name to the name of an existing getter, or defining a getter or field named 'AppLocalizations'.
          return AppLocalizations.of(context).languageFollowSystem;
                 ^^^^^^^^^^^^^^^^
  lib/widgets/onboarding/page_views.dart:100:16: Error: The getter 'AppLocalizations' isn't defined for the type '_WelcomePageViewState'.
   - '_WelcomePageViewState' is from 'package:thoughtecho/widgets/onboarding/page_views.dart' ('lib/widgets/onboarding/page_views.dart').
  Try correcting the name to the name of an existing getter, or defining a getter or field named 'AppLocalizations'.
          return AppLocalizations.of(context).languageChinese;
                 ^^^^^^^^^^^^^^^^
  lib/widgets/onboarding/page_views.dart:102:16: Error: The getter 'AppLocalizations' isn't defined for the type '_WelcomePageViewState'.
   - '_WelcomePageViewState' is from 'package:thoughtecho/widgets/onboarding/page_views.dart' ('lib/widgets/onboarding/page_views.dart').
  Try correcting the name to the name of an existing getter, or defining a getter or field named 'AppLocalizations'.
          return AppLocalizations.of(context).languageEnglish;
                 ^^^^^^^^^^^^^^^^
  lib/widgets/onboarding/page_views.dart:104:16: Error: The getter 'AppLocalizations' isn't defined for the type '_WelcomePageViewState'.
   - '_WelcomePageViewState' is from 'package:thoughtecho/widgets/onboarding/page_views.dart' ('lib/widgets/onboarding/page_views.dart').
  Try correcting the name to the name of an existing getter, or defining a getter or field named 'AppLocalizations'.
          return AppLocalizations.of(context).languageJapanese;
                 ^^^^^^^^^^^^^^^^
  lib/widgets/onboarding/page_views.dart:106:16: Error: The getter 'AppLocalizations' isn't defined for the type '_WelcomePageViewState'.
   - '_WelcomePageViewState' is from 'package:thoughtecho/widgets/onboarding/page_views.dart' ('lib/widgets/onboarding/page_views.dart').
  Try correcting the name to the name of an existing getter, or defining a getter or field named 'AppLocalizations'.
          return AppLocalizations.of(context).languageKorean;
                 ^^^^^^^^^^^^^^^^
  lib/widgets/onboarding/page_views.dart:108:16: Error: The getter 'AppLocalizations' isn't defined for the type '_WelcomePageViewState'.
   - '_WelcomePageViewState' is from 'package:thoughtecho/widgets/onboarding/page_views.dart' ('lib/widgets/onboarding/page_views.dart').
  Try correcting the name to the name of an existing getter, or defining a getter or field named 'AppLocalizations'.
          return AppLocalizations.of(context).languageSpanish;
                 ^^^^^^^^^^^^^^^^
  lib/widgets/onboarding/page_views.dart:110:16: Error: The getter 'AppLocalizations' isn't defined for the type '_WelcomePageViewState'.
   - '_WelcomePageViewState' is from 'package:thoughtecho/widgets/onboarding/page_views.dart' ('lib/widgets/onboarding/page_views.dart').
  Try correcting the name to the name of an existing getter, or defining a getter or field named 'AppLocalizations'.
          return AppLocalizations.of(context).languageFrench;
                 ^^^^^^^^^^^^^^^^
  lib/widgets/onboarding/page_views.dart:112:16: Error: The getter 'AppLocalizations' isn't defined for the type '_WelcomePageViewState'.
   - '_WelcomePageViewState' is from 'package:thoughtecho/widgets/onboarding/page_views.dart' ('lib/widgets/onboarding/page_views.dart').
  Try correcting the name to the name of an existing getter, or defining a getter or field named 'AppLocalizations'.
          return AppLocalizations.of(context).languageGerman;
                 ^^^^^^^^^^^^^^^^
  lib/widgets/onboarding/page_views.dart:138:18: Error: The getter 'AppLocalizations' isn't defined for the type '_WelcomePageViewState'.
   - '_WelcomePageViewState' is from 'package:thoughtecho/widgets/onboarding/page_views.dart' ('lib/widgets/onboarding/page_views.dart').
  Try correcting the name to the name of an existing getter, or defining a getter or field named 'AppLocalizations'.
      final l10n = AppLocalizations.of(context);
                   ^^^^^^^^^^^^^^^^
  lib/widgets/onboarding/page_views.dart:250:57: Error: 'AppLocalizations' isn't a type.
    Widget _buildCompactLanguageSelector(ThemeData theme, AppLocalizations l10n) {
                                                          ^^^^^^^^^^^^^^^^
  lib/widgets/onboarding/page_views.dart:485:17: Error: The getter 'AppLocalizations' isn't defined for the type '_FeaturesPageViewState'.
   - '_FeaturesPageViewState' is from 'package:thoughtecho/widgets/onboarding/page_views.dart' ('lib/widgets/onboarding/page_views.dart').
  Try correcting the name to the name of an existing getter, or defining a getter or field named 'AppLocalizations'.
                  AppLocalizations.of(context).quickTips,
                  ^^^^^^^^^^^^^^^^
  lib/widgets/onboarding/page_views.dart:606:21: Error: The getter 'AppLocalizations' isn't defined for the type '_FeatureCard'.
   - '_FeatureCard' is from 'package:thoughtecho/widgets/onboarding/page_views.dart' ('lib/widgets/onboarding/page_views.dart').
  Try correcting the name to the name of an existing getter, or defining a getter or field named 'AppLocalizations'.
                      AppLocalizations.of(context).coreFeature,
                      ^^^^^^^^^^^^^^^^
  lib/widgets/onboarding/preferences_page_view.dart:156:25: Error: The getter 'AppLocalizations' isn't defined for the type '_PreferencesPageViewState'.
   - '_PreferencesPageViewState' is from 'package:thoughtecho/widgets/onboarding/preferences_page_view.dart' ('lib/widgets/onboarding/preferences_page_view.dart').
  Try correcting the name to the name of an existing getter, or defining a getter or field named 'AppLocalizations'.
                          AppLocalizations.of(context).prefMoreOptionsHint,
                          ^^^^^^^^^^^^^^^^
  lib/widgets/onboarding/preferences_page_view.dart:230:23: Error: The getter 'AppLocalizations' isn't defined for the type '_PreferencesPageViewState'.
   - '_PreferencesPageViewState' is from 'package:thoughtecho/widgets/onboarding/preferences_page_view.dart' ('lib/widgets/onboarding/preferences_page_view.dart').
  Try correcting the name to the name of an existing getter, or defining a getter or field named 'AppLocalizations'.
                        AppLocalizations.of(context).locationServiceNotEnabled,
                        ^^^^^^^^^^^^^^^^
  lib/widgets/onboarding/preferences_page_view.dart:233:23: Error: The getter 'AppLocalizations' isn't defined for the type '_PreferencesPageViewState'.
   - '_PreferencesPageViewState' is from 'package:thoughtecho/widgets/onboarding/preferences_page_view.dart' ('lib/widgets/onboarding/preferences_page_view.dart').
  Try correcting the name to the name of an existing getter, or defining a getter or field named 'AppLocalizations'.
                        AppLocalizations.of(
                        ^^^^^^^^^^^^^^^^
  lib/widgets/onboarding/preferences_page_view.dart:240:37: Error: The getter 'AppLocalizations' isn't defined for the type '_PreferencesPageViewState'.
   - '_PreferencesPageViewState' is from 'package:thoughtecho/widgets/onboarding/preferences_page_view.dart' ('lib/widgets/onboarding/preferences_page_view.dart').
  Try correcting the name to the name of an existing getter, or defining a getter or field named 'AppLocalizations'.
                          child: Text(AppLocalizations.of(context).cancel),
                                      ^^^^^^^^^^^^^^^^
  lib/widgets/onboarding/preferences_page_view.dart:247:37: Error: The getter 'AppLocalizations' isn't defined for the type '_PreferencesPageViewState'.
   - '_PreferencesPageViewState' is from 'package:thoughtecho/widgets/onboarding/preferences_page_view.dart' ('lib/widgets/onboarding/preferences_page_view.dart').
  Try correcting the name to the name of an existing getter, or defining a getter or field named 'AppLocalizations'.
                          child: Text(AppLocalizations.of(context).goToSettings),
                                      ^^^^^^^^^^^^^^^^
  lib/widgets/onboarding/preferences_page_view.dart:262:21: Error: The getter 'AppLocalizations' isn't defined for the type '_PreferencesPageViewState'.
   - '_PreferencesPageViewState' is from 'package:thoughtecho/widgets/onboarding/preferences_page_view.dart' ('lib/widgets/onboarding/preferences_page_view.dart').
  Try correcting the name to the name of an existing getter, or defining a getter or field named 'AppLocalizations'.
                      AppLocalizations.of(context).locationServiceEnabledMsg,
                      ^^^^^^^^^^^^^^^^
  lib/widgets/onboarding/preferences_page_view.dart:476:33: Error: The getter 'AppLocalizations' isn't defined for the type '_PreferencesPageViewState'.
   - '_PreferencesPageViewState' is from 'package:thoughtecho/widgets/onboarding/preferences_page_view.dart' ('lib/widgets/onboarding/preferences_page_view.dart').
  Try correcting the name to the name of an existing getter, or defining a getter or field named 'AppLocalizations'.
                      label: Text(AppLocalizations.of(context).prefSelectAll),
                                  ^^^^^^^^^^^^^^^^
  lib/widgets/onboarding/preferences_page_view.dart:493:33: Error: The getter 'AppLocalizations' isn't defined for the type '_PreferencesPageViewState'.
   - '_PreferencesPageViewState' is from 'package:thoughtecho/widgets/onboarding/preferences_page_view.dart' ('lib/widgets/onboarding/preferences_page_view.dart').
  Try correcting the name to the name of an existing getter, or defining a getter or field named 'AppLocalizations'.
                      label: Text(AppLocalizations.of(context).prefClearAll),
                                  ^^^^^^^^^^^^^^^^
  lib/widgets/onboarding/preferences_page_view.dart:583:17: Error: The getter 'AppLocalizations' isn't defined for the type '_PreferencesPageViewState'.
   - '_PreferencesPageViewState' is from 'package:thoughtecho/widgets/onboarding/preferences_page_view.dart' ('lib/widgets/onboarding/preferences_page_view.dart').
  Try correcting the name to the name of an existing getter, or defining a getter or field named 'AppLocalizations'.
                  AppLocalizations.of(context).prefAboutSettings,
                  ^^^^^^^^^^^^^^^^
  lib/widgets/onboarding/preferences_page_view.dart:593:13: Error: The getter 'AppLocalizations' isn't defined for the type '_PreferencesPageViewState'.
   - '_PreferencesPageViewState' is from 'package:thoughtecho/widgets/onboarding/preferences_page_view.dart' ('lib/widgets/onboarding/preferences_page_view.dart').
  Try correcting the name to the name of an existing getter, or defining a getter or field named 'AppLocalizations'.
              AppLocalizations.of(context).prefAboutSettingsInfo,
              ^^^^^^^^^^^^^^^^
  lib/widgets/accessible_color_grid.dart:47:18: Error: The getter 'AppLocalizations' isn't defined for the type 'AccessibleColorGrid'.
   - 'AccessibleColorGrid' is from 'package:thoughtecho/widgets/accessible_color_grid.dart' ('lib/widgets/accessible_color_grid.dart').
  Try correcting the name to the name of an existing getter, or defining a getter or field named 'AppLocalizations'.
      final l10n = AppLocalizations.of(context);
                   ^^^^^^^^^^^^^^^^
  lib/widgets/add_note_ai_menu.dart:34:18: Error: The getter 'AppLocalizations' isn't defined for the type '_AddNoteAIMenuState'.
   - '_AddNoteAIMenuState' is from 'package:thoughtecho/widgets/add_note_ai_menu.dart' ('lib/widgets/add_note_ai_menu.dart').
  Try correcting the name to the name of an existing getter, or defining a getter or field named 'AppLocalizations'.
      final l10n = AppLocalizations.of(context);
                   ^^^^^^^^^^^^^^^^
  lib/widgets/add_note_ai_menu.dart:130:18: Error: The getter 'AppLocalizations' isn't defined for the type '_AddNoteAIMenuState'.
   - '_AddNoteAIMenuState' is from 'package:thoughtecho/widgets/add_note_ai_menu.dart' ('lib/widgets/add_note_ai_menu.dart').
  Try correcting the name to the name of an existing getter, or defining a getter or field named 'AppLocalizations'.
      final l10n = AppLocalizations.of(context);
                   ^^^^^^^^^^^^^^^^
  lib/widgets/add_note_ai_menu.dart:261:18: Error: The getter 'AppLocalizations' isn't defined for the type '_AddNoteAIMenuState'.
   - '_AddNoteAIMenuState' is from 'package:thoughtecho/widgets/add_note_ai_menu.dart' ('lib/widgets/add_note_ai_menu.dart').
  Try correcting the name to the name of an existing getter, or defining a getter or field named 'AppLocalizations'.
      final l10n = AppLocalizations.of(context);
                   ^^^^^^^^^^^^^^^^
  lib/widgets/add_note_ai_menu.dart:315:18: Error: The getter 'AppLocalizations' isn't defined for the type '_AddNoteAIMenuState'.
   - '_AddNoteAIMenuState' is from 'package:thoughtecho/widgets/add_note_ai_menu.dart' ('lib/widgets/add_note_ai_menu.dart').
  Try correcting the name to the name of an existing getter, or defining a getter or field named 'AppLocalizations'.
      final l10n = AppLocalizations.of(context);
                   ^^^^^^^^^^^^^^^^
  lib/widgets/add_note_ai_menu.dart:369:18: Error: The getter 'AppLocalizations' isn't defined for the type '_AddNoteAIMenuState'.
   - '_AddNoteAIMenuState' is from 'package:thoughtecho/widgets/add_note_ai_menu.dart' ('lib/widgets/add_note_ai_menu.dart').
  Try correcting the name to the name of an existing getter, or defining a getter or field named 'AppLocalizations'.
      final l10n = AppLocalizations.of(context);
                   ^^^^^^^^^^^^^^^^
  lib/widgets/add_note_ai_menu.dart:430:18: Error: The getter 'AppLocalizations' isn't defined for the type '_AddNoteAIMenuState'.
   - '_AddNoteAIMenuState' is from 'package:thoughtecho/widgets/add_note_ai_menu.dart' ('lib/widgets/add_note_ai_menu.dart').
  Try correcting the name to the name of an existing getter, or defining a getter or field named 'AppLocalizations'.
      final l10n = AppLocalizations.of(context);
                   ^^^^^^^^^^^^^^^^
  lib/widgets/add_note_ai_menu.dart:463:18: Error: The getter 'AppLocalizations' isn't defined for the type '_AddNoteAIMenuState'.
   - '_AddNoteAIMenuState' is from 'package:thoughtecho/widgets/add_note_ai_menu.dart' ('lib/widgets/add_note_ai_menu.dart').
  Try correcting the name to the name of an existing getter, or defining a getter or field named 'AppLocalizations'.
      final l10n = AppLocalizations.of(context);
                   ^^^^^^^^^^^^^^^^
  lib/widgets/add_note_dialog_parts.dart:83:18: Error: The getter 'AppLocalizations' isn't defined for the type '_TagSelectionSectionState'.
   - '_TagSelectionSectionState' is from 'package:thoughtecho/widgets/add_note_dialog_parts.dart' ('lib/widgets/add_note_dialog_parts.dart').
  Try correcting the name to the name of an existing getter, or defining a getter or field named 'AppLocalizations'.
      final l10n = AppLocalizations.of(context);
                   ^^^^^^^^^^^^^^^^
  lib/widgets/add_note_dialog_parts.dart:166:18: Error: The getter 'AppLocalizations' isn't defined for the type '_TagSelectionContent'.
   - '_TagSelectionContent' is from 'package:thoughtecho/widgets/add_note_dialog_parts.dart' ('lib/widgets/add_note_dialog_parts.dart').
  Try correcting the name to the name of an existing getter, or defining a getter or field named 'AppLocalizations'.
      final l10n = AppLocalizations.of(context);
                   ^^^^^^^^^^^^^^^^
  lib/widgets/add_note_dialog_parts.dart:232:18: Error: The getter 'AppLocalizations' isn't defined for the type '_TagListItem'.
   - '_TagListItem' is from 'package:thoughtecho/widgets/add_note_dialog_parts.dart' ('lib/widgets/add_note_dialog_parts.dart').
  Try correcting the name to the name of an existing getter, or defining a getter or field named 'AppLocalizations'.
      final l10n = AppLocalizations.of(context);
                   ^^^^^^^^^^^^^^^^
  lib/widgets/add_note_dialog_parts.dart:294:18: Error: The getter 'AppLocalizations' isn't defined for the type 'SelectedTagsDisplay'.
   - 'SelectedTagsDisplay' is from 'package:thoughtecho/widgets/add_note_dialog_parts.dart' ('lib/widgets/add_note_dialog_parts.dart').
  Try correcting the name to the name of an existing getter, or defining a getter or field named 'AppLocalizations'.
      final l10n = AppLocalizations.of(context);
                   ^^^^^^^^^^^^^^^^
  lib/utils/icon_utils.dart:191:5: Error: 'AppLocalizations' isn't a type.
      AppLocalizations l10n,
      ^^^^^^^^^^^^^^^^
  lib/utils/icon_utils.dart:219:5: Error: 'AppLocalizations' isn't a type.
      AppLocalizations l10n,
      ^^^^^^^^^^^^^^^^
  lib/services/api_service.dart:31:47: Error: 'AppLocalizations' isn't a type.
    static Map<String, String> getHitokotoTypes(AppLocalizations l10n) {
                                                ^^^^^^^^^^^^^^^^
  lib/services/api_service.dart:52:5: Error: 'AppLocalizations' isn't a type.
      AppLocalizations l10n,
      ^^^^^^^^^^^^^^^^
  lib/services/api_service.dart:134:5: Error: 'AppLocalizations' isn't a type.
      AppLocalizations l10n,
      ^^^^^^^^^^^^^^^^
  lib/services/api_service.dart:168:48: Error: 'AppLocalizations' isn't a type.
    static Map<String, dynamic> _getDefaultQuote(AppLocalizations l10n) {
                                                 ^^^^^^^^^^^^^^^^
  lib/widgets/quote_item_widget.dart:237:18: Error: The getter 'AppLocalizations' isn't defined for the type '_QuoteItemWidgetState'.
   - '_QuoteItemWidgetState' is from 'package:thoughtecho/widgets/quote_item_widget.dart' ('lib/widgets/quote_item_widget.dart').
  Try correcting the name to the name of an existing getter, or defining a getter or field named 'AppLocalizations'.
      final l10n = AppLocalizations.of(context);
                   ^^^^^^^^^^^^^^^^
  lib/widgets/quote_item_widget.dart:356:78: Error: The getter 'AppLocalizations' isn't defined for the type '_QuoteItemWidgetState'.
   - '_QuoteItemWidgetState' is from 'package:thoughtecho/widgets/quote_item_widget.dart' ('lib/widgets/quote_item_widget.dart').
  Try correcting the name to the name of an existing getter, or defining a getter or field named 'AppLocalizations'.
                              '${WeatherService.getLocalizedWeatherDescription(AppLocalizations.of(context), quote.weather!)}${quote.temperature != null ? ' ${quote.temperature}' : ''}',
                                                                               ^^^^^^^^^^^^^^^^
  lib/widgets/note_filter_sort_sheet.dart:47:40: Error: 'AppLocalizations' isn't a type.
    String _getSortTypeLabel(String key, AppLocalizations l10n) {
                                         ^^^^^^^^^^^^^^^^
  lib/widgets/note_filter_sort_sheet.dart:127:18: Error: The getter 'AppLocalizations' isn't defined for the type '_NoteFilterSortSheetState'.
   - '_NoteFilterSortSheetState' is from 'package:thoughtecho/widgets/note_filter_sort_sheet.dart' ('lib/widgets/note_filter_sort_sheet.dart').
  Try correcting the name to the name of an existing getter, or defining a getter or field named 'AppLocalizations'.
      final l10n = AppLocalizations.of(context);
                   ^^^^^^^^^^^^^^^^
  lib/widgets/note_filter_sort_sheet.dart:298:44: Error: 'AppLocalizations' isn't a type.
    Widget _buildTagsFilter(ThemeData theme, AppLocalizations l10n) {
                                             ^^^^^^^^^^^^^^^^
  lib/widgets/note_filter_sort_sheet.dart:374:5: Error: 'AppLocalizations' isn't a type.
      AppLocalizations l10n,
      ^^^^^^^^^^^^^^^^
  lib/widgets/note_filter_sort_sheet.dart:501:45: Error: 'AppLocalizations' isn't a type.
    Widget _buildSortOptions(ThemeData theme, AppLocalizations l10n) {
                                              ^^^^^^^^^^^^^^^^
  lib/widgets/local_ai/ai_action_buttons.dart:21:18: Error: The getter 'AppLocalizations' isn't defined for the type 'AIActionButtons'.
   - 'AIActionButtons' is from 'package:thoughtecho/widgets/local_ai/ai_action_buttons.dart' ('lib/widgets/local_ai/ai_action_buttons.dart').
  Try correcting the name to the name of an existing getter, or defining a getter or field named 'AppLocalizations'.
      final l10n = AppLocalizations.of(context);
                   ^^^^^^^^^^^^^^^^
  lib/widgets/local_ai/ai_action_buttons.dart:46:18: Error: The getter 'AppLocalizations' isn't defined for the type 'AIActionButtons'.
   - 'AIActionButtons' is from 'package:thoughtecho/widgets/local_ai/ai_action_buttons.dart' ('lib/widgets/local_ai/ai_action_buttons.dart').
  Try correcting the name to the name of an existing getter, or defining a getter or field named 'AppLocalizations'.
      final l10n = AppLocalizations.of(context);
                   ^^^^^^^^^^^^^^^^
  lib/widgets/local_ai/ai_action_buttons.dart:66:18: Error: The getter 'AppLocalizations' isn't defined for the type 'AIActionButtons'.
   - 'AIActionButtons' is from 'package:thoughtecho/widgets/local_ai/ai_action_buttons.dart' ('lib/widgets/local_ai/ai_action_buttons.dart').
  Try correcting the name to the name of an existing getter, or defining a getter or field named 'AppLocalizations'.
      final l10n = AppLocalizations.of(context);
                   ^^^^^^^^^^^^^^^^
  lib/pages/insights_page.dart:43:48: Error: 'AppLocalizations' isn't a type.
    List<Map<String, dynamic>> _getAnalysisTypes(AppLocalizations l10n) {
                                                 ^^^^^^^^^^^^^^^^
  lib/pages/insights_page.dart:73:49: Error: 'AppLocalizations' isn't a type.
    List<Map<String, dynamic>> _getAnalysisStyles(AppLocalizations l10n) {
                                                  ^^^^^^^^^^^^^^^^
  lib/pages/insights_page.dart:113:18: Error: The getter 'AppLocalizations' isn't defined for the type '_InsightsPageState'.
   - '_InsightsPageState' is from 'package:thoughtecho/pages/insights_page.dart' ('lib/pages/insights_page.dart').
  Try correcting the name to the name of an existing getter, or defining a getter or field named 'AppLocalizations'.
      final l10n = AppLocalizations.of(context);
                   ^^^^^^^^^^^^^^^^
  lib/pages/insights_page.dart:155:18: Error: The getter 'AppLocalizations' isn't defined for the type '_InsightsPageState'.
   - '_InsightsPageState' is from 'package:thoughtecho/pages/insights_page.dart' ('lib/pages/insights_page.dart').
  Try correcting the name to the name of an existing getter, or defining a getter or field named 'AppLocalizations'.
      final l10n = AppLocalizations.of(context);
                   ^^^^^^^^^^^^^^^^
  lib/pages/insights_page.dart:195:18: Error: The getter 'AppLocalizations' isn't defined for the type '_InsightsPageState'.
   - '_InsightsPageState' is from 'package:thoughtecho/pages/insights_page.dart' ('lib/pages/insights_page.dart').
  Try correcting the name to the name of an existing getter, or defining a getter or field named 'AppLocalizations'.
      final l10n = AppLocalizations.of(context);
                   ^^^^^^^^^^^^^^^^
  lib/pages/insights_page.dart:302:18: Error: The getter 'AppLocalizations' isn't defined for the type '_InsightsPageState'.
   - '_InsightsPageState' is from 'package:thoughtecho/pages/insights_page.dart' ('lib/pages/insights_page.dart').
  Try correcting the name to the name of an existing getter, or defining a getter or field named 'AppLocalizations'.
      final l10n = AppLocalizations.of(context);
                   ^^^^^^^^^^^^^^^^
  lib/pages/insights_page.dart:343:18: Error: The getter 'AppLocalizations' isn't defined for the type '_InsightsPageState'.
   - '_InsightsPageState' is from 'package:thoughtecho/pages/insights_page.dart' ('lib/pages/insights_page.dart').
  Try correcting the name to the name of an existing getter, or defining a getter or field named 'AppLocalizations'.
      final l10n = AppLocalizations.of(context);
                   ^^^^^^^^^^^^^^^^
  lib/pages/insights_page.dart:374:18: Error: The getter 'AppLocalizations' isn't defined for the type '_InsightsPageState'.
   - '_InsightsPageState' is from 'package:thoughtecho/pages/insights_page.dart' ('lib/pages/insights_page.dart').
  Try correcting the name to the name of an existing getter, or defining a getter or field named 'AppLocalizations'.
      final l10n = AppLocalizations.of(context);
                   ^^^^^^^^^^^^^^^^
  lib/pages/insights_page.dart:557:18: Error: The getter 'AppLocalizations' isn't defined for the type '_InsightsPageState'.
   - '_InsightsPageState' is from 'package:thoughtecho/pages/insights_page.dart' ('lib/pages/insights_page.dart').
  Try correcting the name to the name of an existing getter, or defining a getter or field named 'AppLocalizations'.
      final l10n = AppLocalizations.of(context);
                   ^^^^^^^^^^^^^^^^
  lib/pages/insights_page.dart:609:18: Error: The getter 'AppLocalizations' isn't defined for the type '_InsightsPageState'.
   - '_InsightsPageState' is from 'package:thoughtecho/pages/insights_page.dart' ('lib/pages/insights_page.dart').
  Try correcting the name to the name of an existing getter, or defining a getter or field named 'AppLocalizations'.
      final l10n = AppLocalizations.of(context);
                   ^^^^^^^^^^^^^^^^
  lib/pages/insights_page.dart:661:18: Error: The getter 'AppLocalizations' isn't defined for the type '_InsightsPageState'.
   - '_InsightsPageState' is from 'package:thoughtecho/pages/insights_page.dart' ('lib/pages/insights_page.dart').
  Try correcting the name to the name of an existing getter, or defining a getter or field named 'AppLocalizations'.
      final l10n = AppLocalizations.of(context);
                   ^^^^^^^^^^^^^^^^
  lib/pages/insights_page.dart:681:13: Error: The getter 'AppLocalizations' isn't defined for the type '_InsightsPageState'.
   - '_InsightsPageState' is from 'package:thoughtecho/pages/insights_page.dart' ('lib/pages/insights_page.dart').
  Try correcting the name to the name of an existing getter, or defining a getter or field named 'AppLocalizations'.
              AppLocalizations.of(context),
              ^^^^^^^^^^^^^^^^
  lib/pages/insights_page.dart:708:44: Error: The getter 'AppLocalizations' isn't defined for the type '_InsightsPageState'.
   - '_InsightsPageState' is from 'package:thoughtecho/pages/insights_page.dart' ('lib/pages/insights_page.dart').
  Try correcting the name to the name of an existing getter, or defining a getter or field named 'AppLocalizations'.
                children: _getAnalysisStyles(AppLocalizations.of(context)).map((
                                             ^^^^^^^^^^^^^^^^
  lib/pages/insights_page.dart:1055:18: Error: The getter 'AppLocalizations' isn't defined for the type '_InsightsPageState'.
   - '_InsightsPageState' is from 'package:thoughtecho/pages/insights_page.dart' ('lib/pages/insights_page.dart').
  Try correcting the name to the name of an existing getter, or defining a getter or field named 'AppLocalizations'.
      final l10n = AppLocalizations.of(context);
                   ^^^^^^^^^^^^^^^^
  lib/pages/insights_page.dart:1262:18: Error: The getter 'AppLocalizations' isn't defined for the type '_InsightsPageState'.
   - '_InsightsPageState' is from 'package:thoughtecho/pages/insights_page.dart' ('lib/pages/insights_page.dart').
  Try correcting the name to the name of an existing getter, or defining a getter or field named 'AppLocalizations'.
      final l10n = AppLocalizations.of(context);
                   ^^^^^^^^^^^^^^^^
  lib/pages/ai_periodic_report_page.dart:165:22: Error: The getter 'AppLocalizations' isn't defined for the type '_AIPeriodicReportPageState'.
   - '_AIPeriodicReportPageState' is from 'package:thoughtecho/pages/ai_periodic_report_page.dart' ('lib/pages/ai_periodic_report_page.dart').
  Try correcting the name to the name of an existing getter, or defining a getter or field named 'AppLocalizations'.
          final l10n = AppLocalizations.of(context);
                       ^^^^^^^^^^^^^^^^
  lib/pages/ai_periodic_report_page.dart:178:18: Error: The getter 'AppLocalizations' isn't defined for the type '_AIPeriodicReportPageState'.
   - '_AIPeriodicReportPageState' is from 'package:thoughtecho/pages/ai_periodic_report_page.dart' ('lib/pages/ai_periodic_report_page.dart').
  Try correcting the name to the name of an existing getter, or defining a getter or field named 'AppLocalizations'.
      final l10n = AppLocalizations.of(context);
                   ^^^^^^^^^^^^^^^^
  lib/pages/ai_periodic_report_page.dart:323:18: Error: The getter 'AppLocalizations' isn't defined for the type '_AIPeriodicReportPageState'.
   - '_AIPeriodicReportPageState' is from 'package:thoughtecho/pages/ai_periodic_report_page.dart' ('lib/pages/ai_periodic_report_page.dart').
  Try correcting the name to the name of an existing getter, or defining a getter or field named 'AppLocalizations'.
      final l10n = AppLocalizations.of(context);
                   ^^^^^^^^^^^^^^^^
  lib/pages/ai_periodic_report_page.dart:544:5: Error: 'AppLocalizations' isn't a type.
      AppLocalizations l10n, {
      ^^^^^^^^^^^^^^^^
  lib/pages/ai_periodic_report_page.dart:611:20: Error: The getter 'AppLocalizations' isn't defined for the type '_AIPeriodicReportPageState'.
   - '_AIPeriodicReportPageState' is from 'package:thoughtecho/pages/ai_periodic_report_page.dart' ('lib/pages/ai_periodic_report_page.dart').
  Try correcting the name to the name of an existing getter, or defining a getter or field named 'AppLocalizations'.
          brandName: AppLocalizations.of(context).appTitle,
                     ^^^^^^^^^^^^^^^^
  lib/pages/ai_periodic_report_page.dart:625:22: Error: The getter 'AppLocalizations' isn't defined for the type '_AIPeriodicReportPageState'.
   - '_AIPeriodicReportPageState' is from 'package:thoughtecho/pages/ai_periodic_report_page.dart' ('lib/pages/ai_periodic_report_page.dart').
  Try correcting the name to the name of an existing getter, or defining a getter or field named 'AppLocalizations'.
          final l10n = AppLocalizations.of(context);
                       ^^^^^^^^^^^^^^^^
  lib/pages/ai_periodic_report_page.dart:657:20: Error: The getter 'AppLocalizations' isn't defined for the type '_AIPeriodicReportPageState'.
   - '_AIPeriodicReportPageState' is from 'package:thoughtecho/pages/ai_periodic_report_page.dart' ('lib/pages/ai_periodic_report_page.dart').
  Try correcting the name to the name of an existing getter, or defining a getter or field named 'AppLocalizations'.
          brandName: AppLocalizations.of(context).appTitle,
                     ^^^^^^^^^^^^^^^^
  lib/pages/ai_periodic_report_page.dart:671:22: Error: The getter 'AppLocalizations' isn't defined for the type '_AIPeriodicReportPageState'.
   - '_AIPeriodicReportPageState' is from 'package:thoughtecho/pages/ai_periodic_report_page.dart' ('lib/pages/ai_periodic_report_page.dart').
  Try correcting the name to the name of an existing getter, or defining a getter or field named 'AppLocalizations'.
          final l10n = AppLocalizations.of(context);
                       ^^^^^^^^^^^^^^^^
  lib/pages/ai_periodic_report_page.dart:719:25: Error: 'AppLocalizations' isn't a type.
    String _getPeriodName(AppLocalizations l10n) {
                          ^^^^^^^^^^^^^^^^
  lib/pages/ai_periodic_report_page.dart:732:28: Error: 'AppLocalizations' isn't a type.
    String _getDateRangeText(AppLocalizations l10n) {
                             ^^^^^^^^^^^^^^^^
  lib/pages/ai_periodic_report_page.dart:754:18: Error: The getter 'AppLocalizations' isn't defined for the type '_AIPeriodicReportPageState'.
   - '_AIPeriodicReportPageState' is from 'package:thoughtecho/pages/ai_periodic_report_page.dart' ('lib/pages/ai_periodic_report_page.dart').
  Try correcting the name to the name of an existing getter, or defining a getter or field named 'AppLocalizations'.
      final l10n = AppLocalizations.of(context);
                   ^^^^^^^^^^^^^^^^
  lib/pages/ai_periodic_report_page.dart:891:18: Error: The getter 'AppLocalizations' isn't defined for the type '_AIPeriodicReportPageState'.
   - '_AIPeriodicReportPageState' is from 'package:thoughtecho/pages/ai_periodic_report_page.dart' ('lib/pages/ai_periodic_report_page.dart').
  Try correcting the name to the name of an existing getter, or defining a getter or field named 'AppLocalizations'.
      final l10n = AppLocalizations.of(context);
                   ^^^^^^^^^^^^^^^^
  lib/pages/ai_periodic_report_page.dart:928:18: Error: The getter 'AppLocalizations' isn't defined for the type '_AIPeriodicReportPageState'.
   - '_AIPeriodicReportPageState' is from 'package:thoughtecho/pages/ai_periodic_report_page.dart' ('lib/pages/ai_periodic_report_page.dart').
  Try correcting the name to the name of an existing getter, or defining a getter or field named 'AppLocalizations'.
      final l10n = AppLocalizations.of(context);
                   ^^^^^^^^^^^^^^^^
  lib/pages/ai_periodic_report_page.dart:1074:18: Error: The getter 'AppLocalizations' isn't defined for the type '_AIPeriodicReportPageState'.
   - '_AIPeriodicReportPageState' is from 'package:thoughtecho/pages/ai_periodic_report_page.dart' ('lib/pages/ai_periodic_report_page.dart').
  Try correcting the name to the name of an existing getter, or defining a getter or field named 'AppLocalizations'.
      final l10n = AppLocalizations.of(context);
                   ^^^^^^^^^^^^^^^^
  lib/pages/ai_periodic_report_page.dart:1349:18: Error: The getter 'AppLocalizations' isn't defined for the type '_AIPeriodicReportPageState'.
   - '_AIPeriodicReportPageState' is from 'package:thoughtecho/pages/ai_periodic_report_page.dart' ('lib/pages/ai_periodic_report_page.dart').
  Try correcting the name to the name of an existing getter, or defining a getter or field named 'AppLocalizations'.
      final l10n = AppLocalizations.of(context);
                   ^^^^^^^^^^^^^^^^
  lib/pages/ai_periodic_report_page.dart:1538:18: Error: The getter 'AppLocalizations' isn't defined for the type '_AIPeriodicReportPageState'.
   - '_AIPeriodicReportPageState' is from 'package:thoughtecho/pages/ai_periodic_report_page.dart' ('lib/pages/ai_periodic_report_page.dart').
  Try correcting the name to the name of an existing getter, or defining a getter or field named 'AppLocalizations'.
      final l10n = AppLocalizations.of(context);
                   ^^^^^^^^^^^^^^^^
  lib/pages/ai_periodic_report_page.dart:1868:18: Error: The getter 'AppLocalizations' isn't defined for the type '_AIPeriodicReportPageState'.
   - '_AIPeriodicReportPageState' is from 'package:thoughtecho/pages/ai_periodic_report_page.dart' ('lib/pages/ai_periodic_report_page.dart').
  Try correcting the name to the name of an existing getter, or defining a getter or field named 'AppLocalizations'.
      final l10n = AppLocalizations.of(context);
                   ^^^^^^^^^^^^^^^^
  lib/pages/ai_periodic_report_page.dart:1967:18: Error: The getter 'AppLocalizations' isn't defined for the type '_AIPeriodicReportPageState'.
   - '_AIPeriodicReportPageState' is from 'package:thoughtecho/pages/ai_periodic_report_page.dart' ('lib/pages/ai_periodic_report_page.dart').
  Try correcting the name to the name of an existing getter, or defining a getter or field named 'AppLocalizations'.
      final l10n = AppLocalizations.of(context);
                   ^^^^^^^^^^^^^^^^
  lib/pages/ai_periodic_report_page.dart:2057:18: Error: The getter 'AppLocalizations' isn't defined for the type '_AIPeriodicReportPageState'.
   - '_AIPeriodicReportPageState' is from 'package:thoughtecho/pages/ai_periodic_report_page.dart' ('lib/pages/ai_periodic_report_page.dart').
  Try correcting the name to the name of an existing getter, or defining a getter or field named 'AppLocalizations'.
      final l10n = AppLocalizations.of(context);
                   ^^^^^^^^^^^^^^^^
  lib/pages/ai_periodic_report_page.dart:2245:18: Error: The getter 'AppLocalizations' isn't defined for the type '_AIPeriodicReportPageState'.
   - '_AIPeriodicReportPageState' is from 'package:thoughtecho/pages/ai_periodic_report_page.dart' ('lib/pages/ai_periodic_report_page.dart').
  Try correcting the name to the name of an existing getter, or defining a getter or field named 'AppLocalizations'.
      final l10n = AppLocalizations.of(context);
                   ^^^^^^^^^^^^^^^^
  lib/pages/ai_periodic_report_page.dart:2309:18: Error: The getter 'AppLocalizations' isn't defined for the type '_AIPeriodicReportPageState'.
   - '_AIPeriodicReportPageState' is from 'package:thoughtecho/pages/ai_periodic_report_page.dart' ('lib/pages/ai_periodic_report_page.dart').
  Try correcting the name to the name of an existing getter, or defining a getter or field named 'AppLocalizations'.
      final l10n = AppLocalizations.of(context);
                   ^^^^^^^^^^^^^^^^
  lib/pages/ai_periodic_report_page.dart:2478:22: Error: The getter 'AppLocalizations' isn't defined for the type '_AIPeriodicReportPageState'.
   - '_AIPeriodicReportPageState' is from 'package:thoughtecho/pages/ai_periodic_report_page.dart' ('lib/pages/ai_periodic_report_page.dart').
  Try correcting the name to the name of an existing getter, or defining a getter or field named 'AppLocalizations'.
            brandName: AppLocalizations.of(context).appTitle,
                       ^^^^^^^^^^^^^^^^
  lib/pages/ai_periodic_report_page.dart:2514:18: Error: The getter 'AppLocalizations' isn't defined for the type '_AIPeriodicReportPageState'.
   - '_AIPeriodicReportPageState' is from 'package:thoughtecho/pages/ai_periodic_report_page.dart' ('lib/pages/ai_periodic_report_page.dart').
  Try correcting the name to the name of an existing getter, or defining a getter or field named 'AppLocalizations'.
      final l10n = AppLocalizations.of(context);
                   ^^^^^^^^^^^^^^^^
  lib/pages/ai_periodic_report_page.dart:2601:18: Error: The getter 'AppLocalizations' isn't defined for the type '_AIPeriodicReportPageState'.
   - '_AIPeriodicReportPageState' is from 'package:thoughtecho/pages/ai_periodic_report_page.dart' ('lib/pages/ai_periodic_report_page.dart').
  Try correcting the name to the name of an existing getter, or defining a getter or field named 'AppLocalizations'.
      final l10n = AppLocalizations.of(context);
                   ^^^^^^^^^^^^^^^^
  lib/pages/ai_settings_page.dart:59:43: Error: 'AppLocalizations' isn't a type.
    List<Map<String, String>> _getAiPresets(AppLocalizations l10n) {
                                            ^^^^^^^^^^^^^^^^
  lib/pages/ai_settings_page.dart:130:18: Error: The getter 'AppLocalizations' isn't defined for the type '_AISettingsPageState'.
   - '_AISettingsPageState' is from 'package:thoughtecho/pages/ai_settings_page.dart' ('lib/pages/ai_settings_page.dart').
  Try correcting the name to the name of an existing getter, or defining a getter or field named 'AppLocalizations'.
      final l10n = AppLocalizations.of(context);
                   ^^^^^^^^^^^^^^^^
  lib/pages/ai_settings_page.dart:139:18: Error: The getter 'AppLocalizations' isn't defined for the type '_AISettingsPageState'.
   - '_AISettingsPageState' is from 'package:thoughtecho/pages/ai_settings_page.dart' ('lib/pages/ai_settings_page.dart').
  Try correcting the name to the name of an existing getter, or defining a getter or field named 'AppLocalizations'.
      final l10n = AppLocalizations.of(context);
                   ^^^^^^^^^^^^^^^^
  lib/pages/ai_settings_page.dart:158:18: Error: The getter 'AppLocalizations' isn't defined for the type '_AISettingsPageState'.
   - '_AISettingsPageState' is from 'package:thoughtecho/pages/ai_settings_page.dart' ('lib/pages/ai_settings_page.dart').
  Try correcting the name to the name of an existing getter, or defining a getter or field named 'AppLocalizations'.
      final l10n = AppLocalizations.of(context);
                   ^^^^^^^^^^^^^^^^
  lib/pages/ai_settings_page.dart:203:18: Error: The getter 'AppLocalizations' isn't defined for the type '_AISettingsPageState'.
   - '_AISettingsPageState' is from 'package:thoughtecho/pages/ai_settings_page.dart' ('lib/pages/ai_settings_page.dart').
  Try correcting the name to the name of an existing getter, or defining a getter or field named 'AppLocalizations'.
      final l10n = AppLocalizations.of(context);
                   ^^^^^^^^^^^^^^^^
  lib/pages/ai_settings_page.dart:253:18: Error: The getter 'AppLocalizations' isn't defined for the type '_AISettingsPageState'.
   - '_AISettingsPageState' is from 'package:thoughtecho/pages/ai_settings_page.dart' ('lib/pages/ai_settings_page.dart').
  Try correcting the name to the name of an existing getter, or defining a getter or field named 'AppLocalizations'.
      final l10n = AppLocalizations.of(context);
                   ^^^^^^^^^^^^^^^^
  lib/pages/ai_settings_page.dart:295:18: Error: The getter 'AppLocalizations' isn't defined for the type '_AISettingsPageState'.
   - '_AISettingsPageState' is from 'package:thoughtecho/pages/ai_settings_page.dart' ('lib/pages/ai_settings_page.dart').
  Try correcting the name to the name of an existing getter, or defining a getter or field named 'AppLocalizations'.
      final l10n = AppLocalizations.of(context);
                   ^^^^^^^^^^^^^^^^
  lib/pages/ai_settings_page.dart:351:18: Error: The getter 'AppLocalizations' isn't defined for the type '_AISettingsPageState'.
   - '_AISettingsPageState' is from 'package:thoughtecho/pages/ai_settings_page.dart' ('lib/pages/ai_settings_page.dart').
  Try correcting the name to the name of an existing getter, or defining a getter or field named 'AppLocalizations'.
      final l10n = AppLocalizations.of(context);
                   ^^^^^^^^^^^^^^^^
  lib/pages/ai_settings_page.dart:399:18: Error: The getter 'AppLocalizations' isn't defined for the type '_AISettingsPageState'.
   - '_AISettingsPageState' is from 'package:thoughtecho/pages/ai_settings_page.dart' ('lib/pages/ai_settings_page.dart').
  Try correcting the name to the name of an existing getter, or defining a getter or field named 'AppLocalizations'.
      final l10n = AppLocalizations.of(context);
                   ^^^^^^^^^^^^^^^^
  lib/pages/ai_settings_page.dart:444:18: Error: The getter 'AppLocalizations' isn't defined for the type '_AISettingsPageState'.
   - '_AISettingsPageState' is from 'package:thoughtecho/pages/ai_settings_page.dart' ('lib/pages/ai_settings_page.dart').
  Try correcting the name to the name of an existing getter, or defining a getter or field named 'AppLocalizations'.
      final l10n = AppLocalizations.of(context);
                   ^^^^^^^^^^^^^^^^
  lib/pages/ai_settings_page.dart:476:18: Error: The getter 'AppLocalizations' isn't defined for the type '_AISettingsPageState'.
   - '_AISettingsPageState' is from 'package:thoughtecho/pages/ai_settings_page.dart' ('lib/pages/ai_settings_page.dart').
  Try correcting the name to the name of an existing getter, or defining a getter or field named 'AppLocalizations'.
      final l10n = AppLocalizations.of(context);
                   ^^^^^^^^^^^^^^^^
  lib/pages/ai_settings_page.dart:526:18: Error: The getter 'AppLocalizations' isn't defined for the type '_AISettingsPageState'.
   - '_AISettingsPageState' is from 'package:thoughtecho/pages/ai_settings_page.dart' ('lib/pages/ai_settings_page.dart').
  Try correcting the name to the name of an existing getter, or defining a getter or field named 'AppLocalizations'.
      final l10n = AppLocalizations.of(context);
                   ^^^^^^^^^^^^^^^^
  lib/pages/ai_settings_page.dart:591:18: Error: The getter 'AppLocalizations' isn't defined for the type '_AISettingsPageState'.
   - '_AISettingsPageState' is from 'package:thoughtecho/pages/ai_settings_page.dart' ('lib/pages/ai_settings_page.dart').
  Try correcting the name to the name of an existing getter, or defining a getter or field named 'AppLocalizations'.
      final l10n = AppLocalizations.of(context);
                   ^^^^^^^^^^^^^^^^
  lib/pages/ai_settings_page.dart:603:18: Error: The getter 'AppLocalizations' isn't defined for the type '_AISettingsPageState'.
   - '_AISettingsPageState' is from 'package:thoughtecho/pages/ai_settings_page.dart' ('lib/pages/ai_settings_page.dart').
  Try correcting the name to the name of an existing getter, or defining a getter or field named 'AppLocalizations'.
      final l10n = AppLocalizations.of(context);
                   ^^^^^^^^^^^^^^^^
  lib/pages/ai_settings_page.dart:658:18: Error: The getter 'AppLocalizations' isn't defined for the type '_AISettingsPageState'.
   - '_AISettingsPageState' is from 'package:thoughtecho/pages/ai_settings_page.dart' ('lib/pages/ai_settings_page.dart').
  Try correcting the name to the name of an existing getter, or defining a getter or field named 'AppLocalizations'.
      final l10n = AppLocalizations.of(context);
                   ^^^^^^^^^^^^^^^^
  lib/pages/ai_settings_page.dart:738:18: Error: The getter 'AppLocalizations' isn't defined for the type '_AISettingsPageState'.
   - '_AISettingsPageState' is from 'package:thoughtecho/pages/ai_settings_page.dart' ('lib/pages/ai_settings_page.dart').
  Try correcting the name to the name of an existing getter, or defining a getter or field named 'AppLocalizations'.
      final l10n = AppLocalizations.of(context);
                   ^^^^^^^^^^^^^^^^
  lib/pages/ai_settings_page.dart:802:18: Error: The getter 'AppLocalizations' isn't defined for the type '_AISettingsPageState'.
   - '_AISettingsPageState' is from 'package:thoughtecho/pages/ai_settings_page.dart' ('lib/pages/ai_settings_page.dart').
  Try correcting the name to the name of an existing getter, or defining a getter or field named 'AppLocalizations'.
      final l10n = AppLocalizations.of(context);
                   ^^^^^^^^^^^^^^^^
  lib/pages/ai_settings_page.dart:944:18: Error: The getter 'AppLocalizations' isn't defined for the type '_AISettingsPageState'.
   - '_AISettingsPageState' is from 'package:thoughtecho/pages/ai_settings_page.dart' ('lib/pages/ai_settings_page.dart').
  Try correcting the name to the name of an existing getter, or defining a getter or field named 'AppLocalizations'.
      final l10n = AppLocalizations.of(context);
                   ^^^^^^^^^^^^^^^^
  lib/pages/hitokoto_settings_page.dart:57:18: Error: The getter 'AppLocalizations' isn't defined for the type '_HitokotoSettingsPageState'.
   - '_HitokotoSettingsPageState' is from 'package:thoughtecho/pages/hitokoto_settings_page.dart' ('lib/pages/hitokoto_settings_page.dart').
  Try correcting the name to the name of an existing getter, or defining a getter or field named 'AppLocalizations'.
      final l10n = AppLocalizations.of(context);
                   ^^^^^^^^^^^^^^^^
  lib/pages/hitokoto_settings_page.dart:88:18: Error: The getter 'AppLocalizations' isn't defined for the type '_HitokotoSettingsPageState'.
   - '_HitokotoSettingsPageState' is from 'package:thoughtecho/pages/hitokoto_settings_page.dart' ('lib/pages/hitokoto_settings_page.dart').
  Try correcting the name to the name of an existing getter, or defining a getter or field named 'AppLocalizations'.
      final l10n = AppLocalizations.of(context);
                   ^^^^^^^^^^^^^^^^
  lib/pages/hitokoto_settings_page.dart:455:54: Error: 'AppLocalizations' isn't a type.
    List<Widget> _buildHelpItems(BuildContext context, AppLocalizations l10n) {
                                                       ^^^^^^^^^^^^^^^^
  lib/pages/theme_settings_page.dart:66:18: Error: The getter 'AppLocalizations' isn't defined for the type '_ThemeSettingsPageState'.
   - '_ThemeSettingsPageState' is from 'package:thoughtecho/pages/theme_settings_page.dart' ('lib/pages/theme_settings_page.dart').
  Try correcting the name to the name of an existing getter, or defining a getter or field named 'AppLocalizations'.
      final l10n = AppLocalizations.of(context);
                   ^^^^^^^^^^^^^^^^
  lib/pages/logs_settings_page.dart:14:18: Error: The getter 'AppLocalizations' isn't defined for the type 'LogsSettingsPage'.
   - 'LogsSettingsPage' is from 'package:thoughtecho/pages/logs_settings_page.dart' ('lib/pages/logs_settings_page.dart').
  Try correcting the name to the name of an existing getter, or defining a getter or field named 'AppLocalizations'.
      final l10n = AppLocalizations.of(context);
                   ^^^^^^^^^^^^^^^^
  lib/pages/note_sync_page.dart:168:22: Error: The getter 'AppLocalizations' isn't defined for the type '_NoteSyncPageState'.
   - '_NoteSyncPageState' is from 'package:thoughtecho/pages/note_sync_page.dart' ('lib/pages/note_sync_page.dart').
  Try correcting the name to the name of an existing getter, or defining a getter or field named 'AppLocalizations'.
          final l10n = AppLocalizations.of(context);
                       ^^^^^^^^^^^^^^^^
  lib/pages/note_sync_page.dart:215:22: Error: The getter 'AppLocalizations' isn't defined for the type '_NoteSyncPageState'.
   - '_NoteSyncPageState' is from 'package:thoughtecho/pages/note_sync_page.dart' ('lib/pages/note_sync_page.dart').
  Try correcting the name to the name of an existing getter, or defining a getter or field named 'AppLocalizations'.
          final l10n = AppLocalizations.of(context);
                       ^^^^^^^^^^^^^^^^
  lib/pages/note_sync_page.dart:273:18: Error: The getter 'AppLocalizations' isn't defined for the type '_NoteSyncPageState'.
   - '_NoteSyncPageState' is from 'package:thoughtecho/pages/note_sync_page.dart' ('lib/pages/note_sync_page.dart').
  Try correcting the name to the name of an existing getter, or defining a getter or field named 'AppLocalizations'.
      final l10n = AppLocalizations.of(context);
                   ^^^^^^^^^^^^^^^^
  lib/pages/note_sync_page.dart:343:18: Error: The getter 'AppLocalizations' isn't defined for the type '_NoteSyncPageState'.
   - '_NoteSyncPageState' is from 'package:thoughtecho/pages/note_sync_page.dart' ('lib/pages/note_sync_page.dart').
  Try correcting the name to the name of an existing getter, or defining a getter or field named 'AppLocalizations'.
      final l10n = AppLocalizations.of(context);
                   ^^^^^^^^^^^^^^^^
  lib/pages/note_sync_page.dart:414:24: Error: The getter 'AppLocalizations' isn't defined for the type '_NoteSyncPageState'.
   - '_NoteSyncPageState' is from 'package:thoughtecho/pages/note_sync_page.dart' ('lib/pages/note_sync_page.dart').
  Try correcting the name to the name of an existing getter, or defining a getter or field named 'AppLocalizations'.
            final l10n = AppLocalizations.of(context);
                         ^^^^^^^^^^^^^^^^
  lib/pages/note_sync_page.dart:450:22: Error: The getter 'AppLocalizations' isn't defined for the type '_NoteSyncPageState'.
   - '_NoteSyncPageState' is from 'package:thoughtecho/pages/note_sync_page.dart' ('lib/pages/note_sync_page.dart').
  Try correcting the name to the name of an existing getter, or defining a getter or field named 'AppLocalizations'.
          final l10n = AppLocalizations.of(context);
                       ^^^^^^^^^^^^^^^^
  lib/pages/note_sync_page.dart:474:20: Error: The getter 'AppLocalizations' isn't defined for the type '_NoteSyncPageState'.
   - '_NoteSyncPageState' is from 'package:thoughtecho/pages/note_sync_page.dart' ('lib/pages/note_sync_page.dart').
  Try correcting the name to the name of an existing getter, or defining a getter or field named 'AppLocalizations'.
        final l10n = AppLocalizations.of(context);
                     ^^^^^^^^^^^^^^^^
  lib/pages/note_sync_page.dart:490:18: Error: The getter 'AppLocalizations' isn't defined for the type '_NoteSyncPageState'.
   - '_NoteSyncPageState' is from 'package:thoughtecho/pages/note_sync_page.dart' ('lib/pages/note_sync_page.dart').
  Try correcting the name to the name of an existing getter, or defining a getter or field named 'AppLocalizations'.
      final l10n = AppLocalizations.of(context);
                   ^^^^^^^^^^^^^^^^
  lib/pages/note_sync_page.dart:603:18: Error: The getter 'AppLocalizations' isn't defined for the type '_NoteSyncPageState'.
   - '_NoteSyncPageState' is from 'package:thoughtecho/pages/note_sync_page.dart' ('lib/pages/note_sync_page.dart').
  Try correcting the name to the name of an existing getter, or defining a getter or field named 'AppLocalizations'.
      final l10n = AppLocalizations.of(context);
                   ^^^^^^^^^^^^^^^^
  lib/pages/note_sync_page.dart:942:18: Error: The getter 'AppLocalizations' isn't defined for the type '_NoteSyncPageState'.
   - '_NoteSyncPageState' is from 'package:thoughtecho/pages/note_sync_page.dart' ('lib/pages/note_sync_page.dart').
  Try correcting the name to the name of an existing getter, or defining a getter or field named 'AppLocalizations'.
      final l10n = AppLocalizations.of(context);
                   ^^^^^^^^^^^^^^^^
  lib/pages/note_sync_page.dart:1251:20: Error: The getter 'AppLocalizations' isn't defined for the type '_NoteSyncPageState'.
   - '_NoteSyncPageState' is from 'package:thoughtecho/pages/note_sync_page.dart' ('lib/pages/note_sync_page.dart').
  Try correcting the name to the name of an existing getter, or defining a getter or field named 'AppLocalizations'.
        final l10n = AppLocalizations.of(context);
                     ^^^^^^^^^^^^^^^^
  lib/pages/note_sync_page.dart:1275:54: Error: 'AppLocalizations' isn't a type.
    String _localizeProgressMessage(String rawMessage, AppLocalizations l10n) {
                                                       ^^^^^^^^^^^^^^^^
  lib/pages/note_sync_page.dart:1305:48: Error: 'AppLocalizations' isn't a type.
    String _getSyncStatusText(SyncStatus status, AppLocalizations l10n) {
                                                 ^^^^^^^^^^^^^^^^
  lib/pages/note_sync_page.dart:1355:22: Error: The getter 'AppLocalizations' isn't defined for the type '_NoteSyncPageState'.
   - '_NoteSyncPageState' is from 'package:thoughtecho/pages/note_sync_page.dart' ('lib/pages/note_sync_page.dart').
  Try correcting the name to the name of an existing getter, or defining a getter or field named 'AppLocalizations'.
          final l10n = AppLocalizations.of(context);
                       ^^^^^^^^^^^^^^^^
  lib/pages/note_sync_page.dart:1396:18: Error: The getter 'AppLocalizations' isn't defined for the type '_NoteSyncPageState'.
   - '_NoteSyncPageState' is from 'package:thoughtecho/pages/note_sync_page.dart' ('lib/pages/note_sync_page.dart').
  Try correcting the name to the name of an existing getter, or defining a getter or field named 'AppLocalizations'.
      final l10n = AppLocalizations.of(context);
                   ^^^^^^^^^^^^^^^^
  lib/widgets/city_search_widget.dart:121:18: Error: The getter 'AppLocalizations' isn't defined for the type '_CitySearchWidgetState'.
   - '_CitySearchWidgetState' is from 'package:thoughtecho/widgets/city_search_widget.dart' ('lib/widgets/city_search_widget.dart').
  Try correcting the name to the name of an existing getter, or defining a getter or field named 'AppLocalizations'.
      final l10n = AppLocalizations.of(context);
                   ^^^^^^^^^^^^^^^^
  lib/widgets/city_search_widget.dart:160:80: Error: The getter 'AppLocalizations' isn't defined for the type '_CitySearchWidgetState'.
   - '_CitySearchWidgetState' is from 'package:thoughtecho/widgets/city_search_widget.dart' ('lib/widgets/city_search_widget.dart').
  Try correcting the name to the name of an existing getter, or defining a getter or field named 'AppLocalizations'.
                              : '${WeatherService.getLocalizedWeatherDescription(AppLocalizations.of(context), weatherService.currentWeather ?? 'unknown')} ${weatherService.temperature ?? ""}'),
                                                                                 ^^^^^^^^^^^^^^^^
  lib/widgets/city_search_widget.dart:222:29: Error: The getter 'AppLocalizations' isn't defined for the type '_CitySearchWidgetState'.
   - '_CitySearchWidgetState' is from 'package:thoughtecho/widgets/city_search_widget.dart' ('lib/widgets/city_search_widget.dart').
  Try correcting the name to the name of an existing getter, or defining a getter or field named 'AppLocalizations'.
                    hintText: AppLocalizations.of(context).searchCity,
                              ^^^^^^^^^^^^^^^^
  lib/widgets/city_search_widget.dart:362:5: Error: 'AppLocalizations' isn't a type.
      AppLocalizations l10n,
      ^^^^^^^^^^^^^^^^
  lib/pages/category_settings_page.dart:32:18: Error: The getter 'AppLocalizations' isn't defined for the type '_CategorySettingsPageState'.
   - '_CategorySettingsPageState' is from 'package:thoughtecho/pages/category_settings_page.dart' ('lib/pages/category_settings_page.dart').
  Try correcting the name to the name of an existing getter, or defining a getter or field named 'AppLocalizations'.
      final l10n = AppLocalizations.of(context);
                   ^^^^^^^^^^^^^^^^
  lib/pages/category_settings_page.dart:274:18: Error: The getter 'AppLocalizations' isn't defined for the type '_CategorySettingsPageState'.
   - '_CategorySettingsPageState' is from 'package:thoughtecho/pages/category_settings_page.dart' ('lib/pages/category_settings_page.dart').
  Try correcting the name to the name of an existing getter, or defining a getter or field named 'AppLocalizations'.
      final l10n = AppLocalizations.of(context);
                   ^^^^^^^^^^^^^^^^
  lib/pages/category_settings_page.dart:575:18: Error: The getter 'AppLocalizations' isn't defined for the type '_CategorySettingsPageState'.
   - '_CategorySettingsPageState' is from 'package:thoughtecho/pages/category_settings_page.dart' ('lib/pages/category_settings_page.dart').
  Try correcting the name to the name of an existing getter, or defining a getter or field named 'AppLocalizations'.
      final l10n = AppLocalizations.of(context);
                   ^^^^^^^^^^^^^^^^
  lib/pages/category_settings_page.dart:650:18: Error: The getter 'AppLocalizations' isn't defined for the type '_CategorySettingsPageState'.
   - '_CategorySettingsPageState' is from 'package:thoughtecho/pages/category_settings_page.dart' ('lib/pages/category_settings_page.dart').
  Try correcting the name to the name of an existing getter, or defining a getter or field named 'AppLocalizations'.
      final l10n = AppLocalizations.of(context);
                   ^^^^^^^^^^^^^^^^
  lib/pages/category_settings_page.dart:756:18: Error: The getter 'AppLocalizations' isn't defined for the type '_CategorySettingsPageState'.
   - '_CategorySettingsPageState' is from 'package:thoughtecho/pages/category_settings_page.dart' ('lib/pages/category_settings_page.dart').
  Try correcting the name to the name of an existing getter, or defining a getter or field named 'AppLocalizations'.
      final l10n = AppLocalizations.of(context);
                   ^^^^^^^^^^^^^^^^
  lib/pages/category_settings_page.dart:823:18: Error: The getter 'AppLocalizations' isn't defined for the type '_IconSelectorDialogState'.
   - '_IconSelectorDialogState' is from 'package:thoughtecho/pages/category_settings_page.dart' ('lib/pages/category_settings_page.dart').
  Try correcting the name to the name of an existing getter, or defining a getter or field named 'AppLocalizations'.
      final l10n = AppLocalizations.of(context);
                   ^^^^^^^^^^^^^^^^
  lib/pages/category_settings_page.dart:844:18: Error: The getter 'AppLocalizations' isn't defined for the type '_IconSelectorDialogState'.
   - '_IconSelectorDialogState' is from 'package:thoughtecho/pages/category_settings_page.dart' ('lib/pages/category_settings_page.dart').
  Try correcting the name to the name of an existing getter, or defining a getter or field named 'AppLocalizations'.
      final l10n = AppLocalizations.of(context);
                   ^^^^^^^^^^^^^^^^
  lib/pages/annual_report_page.dart:88:18: Error: The getter 'AppLocalizations' isn't defined for the type '_AnnualReportPageState'.
   - '_AnnualReportPageState' is from 'package:thoughtecho/pages/annual_report_page.dart' ('lib/pages/annual_report_page.dart').
  Try correcting the name to the name of an existing getter, or defining a getter or field named 'AppLocalizations'.
      final l10n = AppLocalizations.of(context);
                   ^^^^^^^^^^^^^^^^
  lib/pages/annual_report_page.dart:206:18: Error: The getter 'AppLocalizations' isn't defined for the type '_AnnualReportPageState'.
   - '_AnnualReportPageState' is from 'package:thoughtecho/pages/annual_report_page.dart' ('lib/pages/annual_report_page.dart').
  Try correcting the name to the name of an existing getter, or defining a getter or field named 'AppLocalizations'.
      final l10n = AppLocalizations.of(context);
                   ^^^^^^^^^^^^^^^^
  lib/pages/annual_report_page.dart:450:18: Error: The getter 'AppLocalizations' isn't defined for the type '_AnnualReportPageState'.
   - '_AnnualReportPageState' is from 'package:thoughtecho/pages/annual_report_page.dart' ('lib/pages/annual_report_page.dart').
  Try correcting the name to the name of an existing getter, or defining a getter or field named 'AppLocalizations'.
      final l10n = AppLocalizations.of(context);
                   ^^^^^^^^^^^^^^^^
  lib/pages/annual_report_page.dart:581:18: Error: The getter 'AppLocalizations' isn't defined for the type '_AnnualReportPageState'.
   - '_AnnualReportPageState' is from 'package:thoughtecho/pages/annual_report_page.dart' ('lib/pages/annual_report_page.dart').
  Try correcting the name to the name of an existing getter, or defining a getter or field named 'AppLocalizations'.
      final l10n = AppLocalizations.of(context);
                   ^^^^^^^^^^^^^^^^
  lib/pages/annual_report_page.dart:683:18: Error: The getter 'AppLocalizations' isn't defined for the type '_AnnualReportPageState'.
   - '_AnnualReportPageState' is from 'package:thoughtecho/pages/annual_report_page.dart' ('lib/pages/annual_report_page.dart').
  Try correcting the name to the name of an existing getter, or defining a getter or field named 'AppLocalizations'.
      final l10n = AppLocalizations.of(context);
                   ^^^^^^^^^^^^^^^^
  lib/pages/annual_report_page.dart:798:18: Error: The getter 'AppLocalizations' isn't defined for the type '_AnnualReportPageState'.
   - '_AnnualReportPageState' is from 'package:thoughtecho/pages/annual_report_page.dart' ('lib/pages/annual_report_page.dart').
  Try correcting the name to the name of an existing getter, or defining a getter or field named 'AppLocalizations'.
      final l10n = AppLocalizations.of(context);
                   ^^^^^^^^^^^^^^^^
  lib/pages/annual_report_page.dart:935:18: Error: The getter 'AppLocalizations' isn't defined for the type '_AnnualReportPageState'.
   - '_AnnualReportPageState' is from 'package:thoughtecho/pages/annual_report_page.dart' ('lib/pages/annual_report_page.dart').
  Try correcting the name to the name of an existing getter, or defining a getter or field named 'AppLocalizations'.
      final l10n = AppLocalizations.of(context);
                   ^^^^^^^^^^^^^^^^
  lib/pages/annual_report_page.dart:1070:18: Error: The getter 'AppLocalizations' isn't defined for the type '_AnnualReportPageState'.
   - '_AnnualReportPageState' is from 'package:thoughtecho/pages/annual_report_page.dart' ('lib/pages/annual_report_page.dart').
  Try correcting the name to the name of an existing getter, or defining a getter or field named 'AppLocalizations'.
      final l10n = AppLocalizations.of(context);
                   ^^^^^^^^^^^^^^^^
  lib/pages/annual_report_page.dart:1119:18: Error: The getter 'AppLocalizations' isn't defined for the type '_AnnualReportPageState'.
   - '_AnnualReportPageState' is from 'package:thoughtecho/pages/annual_report_page.dart' ('lib/pages/annual_report_page.dart').
  Try correcting the name to the name of an existing getter, or defining a getter or field named 'AppLocalizations'.
      final l10n = AppLocalizations.of(context);
                   ^^^^^^^^^^^^^^^^
  lib/pages/annual_report_page.dart:1154:18: Error: The getter 'AppLocalizations' isn't defined for the type '_AnnualReportPageState'.
   - '_AnnualReportPageState' is from 'package:thoughtecho/pages/annual_report_page.dart' ('lib/pages/annual_report_page.dart').
  Try correcting the name to the name of an existing getter, or defining a getter or field named 'AppLocalizations'.
      final l10n = AppLocalizations.of(context);
                   ^^^^^^^^^^^^^^^^
  lib/pages/annual_report_page.dart:1415:18: Error: The getter 'AppLocalizations' isn't defined for the type '_AnnualReportPageState'.
   - '_AnnualReportPageState' is from 'package:thoughtecho/pages/annual_report_page.dart' ('lib/pages/annual_report_page.dart').
  Try correcting the name to the name of an existing getter, or defining a getter or field named 'AppLocalizations'.
      final l10n = AppLocalizations.of(context);
                   ^^^^^^^^^^^^^^^^
  lib/pages/annual_report_page.dart:1426:18: Error: The getter 'AppLocalizations' isn't defined for the type '_AnnualReportPageState'.
   - '_AnnualReportPageState' is from 'package:thoughtecho/pages/annual_report_page.dart' ('lib/pages/annual_report_page.dart').
  Try correcting the name to the name of an existing getter, or defining a getter or field named 'AppLocalizations'.
      final l10n = AppLocalizations.of(context);
                   ^^^^^^^^^^^^^^^^
  lib/pages/annual_report_page.dart:1447:18: Error: The getter 'AppLocalizations' isn't defined for the type '_AnnualReportPageState'.
   - '_AnnualReportPageState' is from 'package:thoughtecho/pages/annual_report_page.dart' ('lib/pages/annual_report_page.dart').
  Try correcting the name to the name of an existing getter, or defining a getter or field named 'AppLocalizations'.
      final l10n = AppLocalizations.of(context);
                   ^^^^^^^^^^^^^^^^
  lib/pages/annual_report_page.dart:1458:18: Error: The getter 'AppLocalizations' isn't defined for the type '_AnnualReportPageState'.
   - '_AnnualReportPageState' is from 'package:thoughtecho/pages/annual_report_page.dart' ('lib/pages/annual_report_page.dart').
  Try correcting the name to the name of an existing getter, or defining a getter or field named 'AppLocalizations'.
      final l10n = AppLocalizations.of(context);
                   ^^^^^^^^^^^^^^^^
  lib/pages/annual_report_page.dart:1516:5: Error: 'AppLocalizations' isn't a type.
      AppLocalizations l10n,
      ^^^^^^^^^^^^^^^^
  lib/pages/ai_annual_report_webview.dart:29:32: Error: The getter 'AppLocalizations' isn't defined for the type '_AIAnnualReportWebViewState'.
   - '_AIAnnualReportWebViewState' is from 'package:thoughtecho/pages/ai_annual_report_webview.dart' ('lib/pages/ai_annual_report_webview.dart').
  Try correcting the name to the name of an existing getter, or defining a getter or field named 'AppLocalizations'.
    AppLocalizations get l10n => AppLocalizations.of(context);
                                 ^^^^^^^^^^^^^^^^
  lib/pages/license_page.dart:52:18: Error: The getter 'AppLocalizations' isn't defined for the type '_LicensePageState'.
   - '_LicensePageState' is from 'package:thoughtecho/pages/license_page.dart' ('lib/pages/license_page.dart').
  Try correcting the name to the name of an existing getter, or defining a getter or field named 'AppLocalizations'.
      final l10n = AppLocalizations.of(context);
                   ^^^^^^^^^^^^^^^^
  lib/pages/license_page.dart:91:18: Error: The getter 'AppLocalizations' isn't defined for the type '_LicensePageState'.
   - '_LicensePageState' is from 'package:thoughtecho/pages/license_page.dart' ('lib/pages/license_page.dart').
  Try correcting the name to the name of an existing getter, or defining a getter or field named 'AppLocalizations'.
      final l10n = AppLocalizations.of(context);
                   ^^^^^^^^^^^^^^^^
  lib/pages/license_page.dart:101:18: Error: The getter 'AppLocalizations' isn't defined for the type '_LicensePageState'.
   - '_LicensePageState' is from 'package:thoughtecho/pages/license_page.dart' ('lib/pages/license_page.dart').
  Try correcting the name to the name of an existing getter, or defining a getter or field named 'AppLocalizations'.
      final l10n = AppLocalizations.of(context);
                   ^^^^^^^^^^^^^^^^
  lib/pages/license_page.dart:203:18: Error: The getter 'AppLocalizations' isn't defined for the type '_LicensePageState'.
   - '_LicensePageState' is from 'package:thoughtecho/pages/license_page.dart' ('lib/pages/license_page.dart').
  Try correcting the name to the name of an existing getter, or defining a getter or field named 'AppLocalizations'.
      final l10n = AppLocalizations.of(context);
                   ^^^^^^^^^^^^^^^^
  lib/pages/license_page.dart:247:18: Error: The getter 'AppLocalizations' isn't defined for the type '_LicensePageState'.
   - '_LicensePageState' is from 'package:thoughtecho/pages/license_page.dart' ('lib/pages/license_page.dart').
  Try correcting the name to the name of an existing getter, or defining a getter or field named 'AppLocalizations'.
      final l10n = AppLocalizations.of(context);
                   ^^^^^^^^^^^^^^^^
  lib/pages/license_page.dart:387:18: Error: The getter 'AppLocalizations' isn't defined for the type '_LicensePageState'.
   - '_LicensePageState' is from 'package:thoughtecho/pages/license_page.dart' ('lib/pages/license_page.dart').
  Try correcting the name to the name of an existing getter, or defining a getter or field named 'AppLocalizations'.
      final l10n = AppLocalizations.of(context);
                   ^^^^^^^^^^^^^^^^
  lib/pages/license_page.dart:419:18: Error: The getter 'AppLocalizations' isn't defined for the type '_LicensePageState'.
   - '_LicensePageState' is from 'package:thoughtecho/pages/license_page.dart' ('lib/pages/license_page.dart').
  Try correcting the name to the name of an existing getter, or defining a getter or field named 'AppLocalizations'.
      final l10n = AppLocalizations.of(context);
                   ^^^^^^^^^^^^^^^^
  lib/pages/license_page.dart:611:18: Error: The getter 'AppLocalizations' isn't defined for the type '_SystemLicensesPageState'.
   - '_SystemLicensesPageState' is from 'package:thoughtecho/pages/license_page.dart' ('lib/pages/license_page.dart').
  Try correcting the name to the name of an existing getter, or defining a getter or field named 'AppLocalizations'.
      final l10n = AppLocalizations.of(context);
                   ^^^^^^^^^^^^^^^^
  lib/pages/license_page.dart:690:18: Error: The getter 'AppLocalizations' isn't defined for the type '_SystemLicensesPageState'.
   - '_SystemLicensesPageState' is from 'package:thoughtecho/pages/license_page.dart' ('lib/pages/license_page.dart').
  Try correcting the name to the name of an existing getter, or defining a getter or field named 'AppLocalizations'.
      final l10n = AppLocalizations.of(context);
                   ^^^^^^^^^^^^^^^^
  lib/pages/license_page.dart:914:18: Error: The getter 'AppLocalizations' isn't defined for the type '_ProgressiveSystemLicensesPageState'.
   - '_ProgressiveSystemLicensesPageState' is from 'package:thoughtecho/pages/license_page.dart' ('lib/pages/license_page.dart').
  Try correcting the name to the name of an existing getter, or defining a getter or field named 'AppLocalizations'.
      final l10n = AppLocalizations.of(context);
                   ^^^^^^^^^^^^^^^^
  lib/pages/license_page.dart:922:18: Error: The getter 'AppLocalizations' isn't defined for the type '_ProgressiveSystemLicensesPageState'.
   - '_ProgressiveSystemLicensesPageState' is from 'package:thoughtecho/pages/license_page.dart' ('lib/pages/license_page.dart').
  Try correcting the name to the name of an existing getter, or defining a getter or field named 'AppLocalizations'.
      final l10n = AppLocalizations.of(context);
                   ^^^^^^^^^^^^^^^^
  lib/pages/license_page.dart:1032:18: Error: The getter 'AppLocalizations' isn't defined for the type 'LicenseDetailPage'.
   - 'LicenseDetailPage' is from 'package:thoughtecho/pages/license_page.dart' ('lib/pages/license_page.dart').
  Try correcting the name to the name of an existing getter, or defining a getter or field named 'AppLocalizations'.
      final l10n = AppLocalizations.of(context);
                   ^^^^^^^^^^^^^^^^
  lib/pages/preferences_detail_page.dart:43:18: Error: The getter 'AppLocalizations' isn't defined for the type '_PreferencesDetailPageState'.
   - '_PreferencesDetailPageState' is from 'package:thoughtecho/pages/preferences_detail_page.dart' ('lib/pages/preferences_detail_page.dart').
  Try correcting the name to the name of an existing getter, or defining a getter or field named 'AppLocalizations'.
      final l10n = AppLocalizations.of(context);
                   ^^^^^^^^^^^^^^^^
  lib/pages/preferences_detail_page.dart:310:18: Error: The getter 'AppLocalizations' isn't defined for the type '_PreferencesDetailPageState'.
   - '_PreferencesDetailPageState' is from 'package:thoughtecho/pages/preferences_detail_page.dart' ('lib/pages/preferences_detail_page.dart').
  Try correcting the name to the name of an existing getter, or defining a getter or field named 'AppLocalizations'.
      final l10n = AppLocalizations.of(context);
                   ^^^^^^^^^^^^^^^^
  lib/pages/user_guide_page.dart:52:18: Error: The getter 'AppLocalizations' isn't defined for the type '_UserGuidePageState'.
   - '_UserGuidePageState' is from 'package:thoughtecho/pages/user_guide_page.dart' ('lib/pages/user_guide_page.dart').
  Try correcting the name to the name of an existing getter, or defining a getter or field named 'AppLocalizations'.
      final l10n = AppLocalizations.of(context);
                   ^^^^^^^^^^^^^^^^
  lib/pages/storage_management_page.dart:60:22: Error: The getter 'AppLocalizations' isn't defined for the type '_StorageManagementPageState'.
   - '_StorageManagementPageState' is from 'package:thoughtecho/pages/storage_management_page.dart' ('lib/pages/storage_management_page.dart').
  Try correcting the name to the name of an existing getter, or defining a getter or field named 'AppLocalizations'.
          final l10n = AppLocalizations.of(context);
                       ^^^^^^^^^^^^^^^^
  lib/pages/storage_management_page.dart:93:18: Error: The getter 'AppLocalizations' isn't defined for the type '_StorageManagementPageState'.
   - '_StorageManagementPageState' is from 'package:thoughtecho/pages/storage_management_page.dart' ('lib/pages/storage_management_page.dart').
  Try correcting the name to the name of an existing getter, or defining a getter or field named 'AppLocalizations'.
      final l10n = AppLocalizations.of(context);
                   ^^^^^^^^^^^^^^^^
  lib/pages/storage_management_page.dart:169:18: Error: The getter 'AppLocalizations' isn't defined for the type '_StorageManagementPageState'.
   - '_StorageManagementPageState' is from 'package:thoughtecho/pages/storage_management_page.dart' ('lib/pages/storage_management_page.dart').
  Try correcting the name to the name of an existing getter, or defining a getter or field named 'AppLocalizations'.
      final l10n = AppLocalizations.of(context);
                   ^^^^^^^^^^^^^^^^
  lib/pages/storage_management_page.dart:230:18: Error: The getter 'AppLocalizations' isn't defined for the type '_StorageManagementPageState'.
   - '_StorageManagementPageState' is from 'package:thoughtecho/pages/storage_management_page.dart' ('lib/pages/storage_management_page.dart').
  Try correcting the name to the name of an existing getter, or defining a getter or field named 'AppLocalizations'.
      final l10n = AppLocalizations.of(context);
                   ^^^^^^^^^^^^^^^^
  lib/pages/storage_management_page.dart:401:18: Error: The getter 'AppLocalizations' isn't defined for the type '_StorageManagementPageState'.
   - '_StorageManagementPageState' is from 'package:thoughtecho/pages/storage_management_page.dart' ('lib/pages/storage_management_page.dart').
  Try correcting the name to the name of an existing getter, or defining a getter or field named 'AppLocalizations'.
      final l10n = AppLocalizations.of(context);
                   ^^^^^^^^^^^^^^^^
  lib/pages/storage_management_page.dart:453:5: Error: 'AppLocalizations' isn't a type.
      AppLocalizations l10n,
      ^^^^^^^^^^^^^^^^
  lib/pages/storage_management_page.dart:602:5: Error: 'AppLocalizations' isn't a type.
      AppLocalizations l10n,
      ^^^^^^^^^^^^^^^^
  lib/pages/storage_management_page.dart:635:5: Error: 'AppLocalizations' isn't a type.
      AppLocalizations l10n,
      ^^^^^^^^^^^^^^^^
  lib/pages/storage_management_page.dart:673:5: Error: 'AppLocalizations' isn't a type.
      AppLocalizations l10n,
      ^^^^^^^^^^^^^^^^
  lib/pages/storage_management_page.dart:693:18: Error: The getter 'AppLocalizations' isn't defined for the type '_StorageManagementPageState'.
   - '_StorageManagementPageState' is from 'package:thoughtecho/pages/storage_management_page.dart' ('lib/pages/storage_management_page.dart').
  Try correcting the name to the name of an existing getter, or defining a getter or field named 'AppLocalizations'.
      final l10n = AppLocalizations.of(context);
                   ^^^^^^^^^^^^^^^^
  lib/pages/storage_management_page.dart:708:55: Error: 'AppLocalizations' isn't a type.
    Widget _buildActionButtons(ColorScheme colorScheme, AppLocalizations l10n) {
                                                        ^^^^^^^^^^^^^^^^
  lib/pages/storage_management_page.dart:746:18: Error: The getter 'AppLocalizations' isn't defined for the type '_StorageManagementPageState'.
   - '_StorageManagementPageState' is from 'package:thoughtecho/pages/storage_management_page.dart' ('lib/pages/storage_management_page.dart').
  Try correcting the name to the name of an existing getter, or defining a getter or field named 'AppLocalizations'.
      final l10n = AppLocalizations.of(context);
                   ^^^^^^^^^^^^^^^^
  lib/pages/storage_management_page.dart:824:18: Error: The getter 'AppLocalizations' isn't defined for the type '_StorageManagementPageState'.
   - '_StorageManagementPageState' is from 'package:thoughtecho/pages/storage_management_page.dart' ('lib/pages/storage_management_page.dart').
  Try correcting the name to the name of an existing getter, or defining a getter or field named 'AppLocalizations'.
      final l10n = AppLocalizations.of(context);
                   ^^^^^^^^^^^^^^^^
  lib/pages/storage_management_page.dart:952:5: Error: 'AppLocalizations' isn't a type.
      AppLocalizations l10n,
      ^^^^^^^^^^^^^^^^
  lib/pages/local_ai_settings_page.dart:21:18: Error: The getter 'AppLocalizations' isn't defined for the type '_LocalAISettingsPageState'.
   - '_LocalAISettingsPageState' is from 'package:thoughtecho/pages/local_ai_settings_page.dart' ('lib/pages/local_ai_settings_page.dart').
  Try correcting the name to the name of an existing getter, or defining a getter or field named 'AppLocalizations'.
      final l10n = AppLocalizations.of(context);
                   ^^^^^^^^^^^^^^^^
  lib/pages/smart_push_settings_page.dart:80:22: Error: The getter 'AppLocalizations' isn't defined for the type '_SmartPushSettingsPageState'.
   - '_SmartPushSettingsPageState' is from 'package:thoughtecho/pages/smart_push_settings_page.dart' ('lib/pages/smart_push_settings_page.dart').
  Try correcting the name to the name of an existing getter, or defining a getter or field named 'AppLocalizations'.
                  Text(AppLocalizations.of(context).loadFailed(e.toString())),
                       ^^^^^^^^^^^^^^^^
  lib/pages/smart_push_settings_page.dart:96:27: Error: The getter 'AppLocalizations' isn't defined for the type '_SmartPushSettingsPageState'.
   - '_SmartPushSettingsPageState' is from 'package:thoughtecho/pages/smart_push_settings_page.dart' ('lib/pages/smart_push_settings_page.dart').
  Try correcting the name to the name of an existing getter, or defining a getter or field named 'AppLocalizations'.
              content: Text(AppLocalizations.of(context).settingsSaved),
                            ^^^^^^^^^^^^^^^^
  lib/pages/smart_push_settings_page.dart:107:22: Error: The getter 'AppLocalizations' isn't defined for the type '_SmartPushSettingsPageState'.
   - '_SmartPushSettingsPageState' is from 'package:thoughtecho/pages/smart_push_settings_page.dart' ('lib/pages/smart_push_settings_page.dart').
  Try correcting the name to the name of an existing getter, or defining a getter or field named 'AppLocalizations'.
                  Text(AppLocalizations.of(context).saveFailed(e.toString())),
                       ^^^^^^^^^^^^^^^^
  lib/pages/smart_push_settings_page.dart:127:19: Error: The getter 'AppLocalizations' isn't defined for the type '_SmartPushSettingsPageState'.
   - '_SmartPushSettingsPageState' is from 'package:thoughtecho/pages/smart_push_settings_page.dart' ('lib/pages/smart_push_settings_page.dart').
  Try correcting the name to the name of an existing getter, or defining a getter or field named 'AppLocalizations'.
                    AppLocalizations.of(context).smartPushPermissionRequired),
                    ^^^^^^^^^^^^^^^^
  lib/pages/smart_push_settings_page.dart:141:24: Error: The getter 'AppLocalizations' isn't defined for the type '_SmartPushSettingsPageState'.
   - '_SmartPushSettingsPageState' is from 'package:thoughtecho/pages/smart_push_settings_page.dart' ('lib/pages/smart_push_settings_page.dart').
  Try correcting the name to the name of an existing getter, or defining a getter or field named 'AppLocalizations'.
                    Text(AppLocalizations.of(context).smartPushNoMatchingNotes),
                         ^^^^^^^^^^^^^^^^
  lib/pages/smart_push_settings_page.dart:153:27: Error: The getter 'AppLocalizations' isn't defined for the type '_SmartPushSettingsPageState'.
   - '_SmartPushSettingsPageState' is from 'package:thoughtecho/pages/smart_push_settings_page.dart' ('lib/pages/smart_push_settings_page.dart').
  Try correcting the name to the name of an existing getter, or defining a getter or field named 'AppLocalizations'.
              content: Text(AppLocalizations.of(context).smartPushTestSent),
                            ^^^^^^^^^^^^^^^^
  lib/pages/smart_push_settings_page.dart:164:22: Error: The getter 'AppLocalizations' isn't defined for the type '_SmartPushSettingsPageState'.
   - '_SmartPushSettingsPageState' is from 'package:thoughtecho/pages/smart_push_settings_page.dart' ('lib/pages/smart_push_settings_page.dart').
  Try correcting the name to the name of an existing getter, or defining a getter or field named 'AppLocalizations'.
                  Text(AppLocalizations.of(context).testFailed(e.toString())),
                       ^^^^^^^^^^^^^^^^
  lib/pages/smart_push_settings_page.dart:187:24: Error: The getter 'AppLocalizations' isn't defined for the type '_SmartPushSettingsPageState'.
   - '_SmartPushSettingsPageState' is from 'package:thoughtecho/pages/smart_push_settings_page.dart' ('lib/pages/smart_push_settings_page.dart').
  Try correcting the name to the name of an existing getter, or defining a getter or field named 'AppLocalizations'.
            final l10n = AppLocalizations.of(context);
                         ^^^^^^^^^^^^^^^^
  lib/pages/smart_push_settings_page.dart:209:18: Error: The getter 'AppLocalizations' isn't defined for the type '_SmartPushSettingsPageState'.
   - '_SmartPushSettingsPageState' is from 'package:thoughtecho/pages/smart_push_settings_page.dart' ('lib/pages/smart_push_settings_page.dart').
  Try correcting the name to the name of an existing getter, or defining a getter or field named 'AppLocalizations'.
      final l10n = AppLocalizations.of(context);
                   ^^^^^^^^^^^^^^^^
  lib/pages/smart_push_settings_page.dart:297:7: Error: 'AppLocalizations' isn't a type.
        AppLocalizations l10n, ThemeData theme, ColorScheme colorScheme) {
        ^^^^^^^^^^^^^^^^
  lib/pages/smart_push_settings_page.dart:389:41: Error: The getter 'AppLocalizations' isn't defined for the type '_SmartPushSettingsPageState'.
   - '_SmartPushSettingsPageState' is from 'package:thoughtecho/pages/smart_push_settings_page.dart' ('lib/pages/smart_push_settings_page.dart').
  Try correcting the name to the name of an existing getter, or defining a getter or field named 'AppLocalizations'.
                            content: Text(AppLocalizations.of(context)
                                          ^^^^^^^^^^^^^^^^
  lib/pages/smart_push_settings_page.dart:412:7: Error: 'AppLocalizations' isn't a type.
        AppLocalizations l10n, ThemeData theme, ColorScheme colorScheme) {
        ^^^^^^^^^^^^^^^^
  lib/pages/smart_push_settings_page.dart:550:31: Error: The getter 'AppLocalizations' isn't defined for the type '_SmartPushSettingsPageState'.
   - '_SmartPushSettingsPageState' is from 'package:thoughtecho/pages/smart_push_settings_page.dart' ('lib/pages/smart_push_settings_page.dart').
  Try correcting the name to the name of an existing getter, or defining a getter or field named 'AppLocalizations'.
                                AppLocalizations.of(context).recommended,
                                ^^^^^^^^^^^^^^^^
  lib/pages/smart_push_settings_page.dart:586:7: Error: 'AppLocalizations' isn't a type.
        AppLocalizations l10n, ThemeData theme, ColorScheme colorScheme) {
        ^^^^^^^^^^^^^^^^
  lib/pages/smart_push_settings_page.dart:632:5: Error: 'AppLocalizations' isn't a type.
      AppLocalizations l10n,
      ^^^^^^^^^^^^^^^^
  lib/pages/smart_push_settings_page.dart:740:7: Error: 'AppLocalizations' isn't a type.
        AppLocalizations l10n, ThemeData theme, ColorScheme colorScheme) {
        ^^^^^^^^^^^^^^^^
  lib/pages/smart_push_settings_page.dart:792:7: Error: 'AppLocalizations' isn't a type.
        AppLocalizations l10n, ThemeData theme, ColorScheme colorScheme) {
        ^^^^^^^^^^^^^^^^
  lib/pages/smart_push_settings_page.dart:995:7: Error: 'AppLocalizations' isn't a type.
        AppLocalizations l10n, ThemeData theme, ColorScheme colorScheme) {
        ^^^^^^^^^^^^^^^^
  lib/pages/smart_push_settings_page.dart:1020:7: Error: 'AppLocalizations' isn't a type.
        AppLocalizations l10n, ThemeData theme, ColorScheme colorScheme) {
        ^^^^^^^^^^^^^^^^
  lib/pages/smart_push_settings_page.dart:1066:29: Error: 'AppLocalizations' isn't a type.
    String _getFrequencyLabel(AppLocalizations l10n, PushFrequency freq) {
                              ^^^^^^^^^^^^^^^^
  lib/pages/smart_push_settings_page.dart:1096:32: Error: 'AppLocalizations' isn't a type.
    String _getPastNoteTypeLabel(AppLocalizations l10n, PastNoteType type) {
                                 ^^^^^^^^^^^^^^^^
  lib/pages/smart_push_settings_page.dart:1128:27: Error: 'AppLocalizations' isn't a type.
    String _getWeatherLabel(AppLocalizations l10n, WeatherFilterType weather) {
                            ^^^^^^^^^^^^^^^^
  lib/pages/smart_push_settings_page.dart:1173:7: Error: 'AppLocalizations' isn't a type.
        AppLocalizations l10n, ThemeData theme, ColorScheme colorScheme) {
        ^^^^^^^^^^^^^^^^
  lib/pages/smart_push_settings_page.dart:1261:7: Error: 'AppLocalizations' isn't a type.
        AppLocalizations l10n, ThemeData theme, ColorScheme colorScheme) {
        ^^^^^^^^^^^^^^^^
  lib/pages/smart_push_settings_page.dart:1446:14: Error: 'AppLocalizations' isn't a type.
      required AppLocalizations l10n,
               ^^^^^^^^^^^^^^^^
  lib/pages/smart_push_settings_page.dart:1516:14: Error: 'AppLocalizations' isn't a type.
      required AppLocalizations l10n,
               ^^^^^^^^^^^^^^^^
  lib/widgets/streaming_text_dialog.dart:30:32: Error: The getter 'AppLocalizations' isn't defined for the type '_StreamingTextDialogState'.
   - '_StreamingTextDialogState' is from 'package:thoughtecho/widgets/streaming_text_dialog.dart' ('lib/widgets/streaming_text_dialog.dart').
  Try correcting the name to the name of an existing getter, or defining a getter or field named 'AppLocalizations'.
    AppLocalizations get l10n => AppLocalizations.of(context);
                                 ^^^^^^^^^^^^^^^^
  lib/models/feature_guide.dart:91:18: Error: Undefined name 'AppLocalizations'.
      final l10n = AppLocalizations.of(context);
                   ^^^^^^^^^^^^^^^^
  lib/models/feature_guide.dart:124:18: Error: Undefined name 'AppLocalizations'.
      final l10n = AppLocalizations.of(context);
                   ^^^^^^^^^^^^^^^^
  lib/pages/ai_analysis_history_page_clean.dart:107:21: Error: The getter 'AppLocalizations' isn't defined for the type '_AIAnalysisHistoryPageState'.
   - '_AIAnalysisHistoryPageState' is from 'package:thoughtecho/pages/ai_analysis_history_page_clean.dart' ('lib/pages/ai_analysis_history_page_clean.dart').
  Try correcting the name to the name of an existing getter, or defining a getter or field named 'AppLocalizations'.
          title: Text(AppLocalizations.of(context).confirmDelete),
                      ^^^^^^^^^^^^^^^^
  lib/pages/ai_analysis_history_page_clean.dart:108:23: Error: The getter 'AppLocalizations' isn't defined for the type '_AIAnalysisHistoryPageState'.
   - '_AIAnalysisHistoryPageState' is from 'package:thoughtecho/pages/ai_analysis_history_page_clean.dart' ('lib/pages/ai_analysis_history_page_clean.dart').
  Try correcting the name to the name of an existing getter, or defining a getter or field named 'AppLocalizations'.
          content: Text(AppLocalizations.of(context).confirmDeleteAnalysis),
                        ^^^^^^^^^^^^^^^^
  lib/pages/ai_analysis_history_page_clean.dart:112:25: Error: The getter 'AppLocalizations' isn't defined for the type '_AIAnalysisHistoryPageState'.
   - '_AIAnalysisHistoryPageState' is from 'package:thoughtecho/pages/ai_analysis_history_page_clean.dart' ('lib/pages/ai_analysis_history_page_clean.dart').
  Try correcting the name to the name of an existing getter, or defining a getter or field named 'AppLocalizations'.
              child: Text(AppLocalizations.of(context).cancel),
                          ^^^^^^^^^^^^^^^^
  lib/pages/ai_analysis_history_page_clean.dart:116:25: Error: The getter 'AppLocalizations' isn't defined for the type '_AIAnalysisHistoryPageState'.
   - '_AIAnalysisHistoryPageState' is from 'package:thoughtecho/pages/ai_analysis_history_page_clean.dart' ('lib/pages/ai_analysis_history_page_clean.dart').
  Try correcting the name to the name of an existing getter, or defining a getter or field named 'AppLocalizations'.
              child: Text(AppLocalizations.of(context).delete),
                          ^^^^^^^^^^^^^^^^
  lib/pages/ai_analysis_history_page_clean.dart:127:29: Error: The getter 'AppLocalizations' isn't defined for the type '_AIAnalysisHistoryPageState'.
   - '_AIAnalysisHistoryPageState' is from 'package:thoughtecho/pages/ai_analysis_history_page_clean.dart' ('lib/pages/ai_analysis_history_page_clean.dart').
  Try correcting the name to the name of an existing getter, or defining a getter or field named 'AppLocalizations'.
                content: Text(AppLocalizations.of(context)
                              ^^^^^^^^^^^^^^^^
  lib/pages/ai_analysis_history_page_clean.dart:142:29: Error: The getter 'AppLocalizations' isn't defined for the type '_AIAnalysisHistoryPageState'.
   - '_AIAnalysisHistoryPageState' is from 'package:thoughtecho/pages/ai_analysis_history_page_clean.dart' ('lib/pages/ai_analysis_history_page_clean.dart').
  Try correcting the name to the name of an existing getter, or defining a getter or field named 'AppLocalizations'.
                content: Text(AppLocalizations.of(context).deleteSuccess),
                              ^^^^^^^^^^^^^^^^
  lib/pages/ai_analysis_history_page_clean.dart:153:17: Error: The getter 'AppLocalizations' isn't defined for the type '_AIAnalysisHistoryPageState'.
   - '_AIAnalysisHistoryPageState' is from 'package:thoughtecho/pages/ai_analysis_history_page_clean.dart' ('lib/pages/ai_analysis_history_page_clean.dart').
  Try correcting the name to the name of an existing getter, or defining a getter or field named 'AppLocalizations'.
                  AppLocalizations.of(context).deleteFailed(e.toString()),
                  ^^^^^^^^^^^^^^^^
  lib/pages/ai_analysis_history_page_clean.dart:168:21: Error: The getter 'AppLocalizations' isn't defined for the type '_AIAnalysisHistoryPageState'.
   - '_AIAnalysisHistoryPageState' is from 'package:thoughtecho/pages/ai_analysis_history_page_clean.dart' ('lib/pages/ai_analysis_history_page_clean.dart').
  Try correcting the name to the name of an existing getter, or defining a getter or field named 'AppLocalizations'.
          title: Text(AppLocalizations.of(context).confirmDeleteAll),
                      ^^^^^^^^^^^^^^^^
  lib/pages/ai_analysis_history_page_clean.dart:169:23: Error: The getter 'AppLocalizations' isn't defined for the type '_AIAnalysisHistoryPageState'.
   - '_AIAnalysisHistoryPageState' is from 'package:thoughtecho/pages/ai_analysis_history_page_clean.dart' ('lib/pages/ai_analysis_history_page_clean.dart').
  Try correcting the name to the name of an existing getter, or defining a getter or field named 'AppLocalizations'.
          content: Text(AppLocalizations.of(context).deleteAllConfirmMessage),
                        ^^^^^^^^^^^^^^^^
  lib/pages/ai_analysis_history_page_clean.dart:173:25: Error: The getter 'AppLocalizations' isn't defined for the type '_AIAnalysisHistoryPageState'.
   - '_AIAnalysisHistoryPageState' is from 'package:thoughtecho/pages/ai_analysis_history_page_clean.dart' ('lib/pages/ai_analysis_history_page_clean.dart').
  Try correcting the name to the name of an existing getter, or defining a getter or field named 'AppLocalizations'.
              child: Text(AppLocalizations.of(context).cancel),
                          ^^^^^^^^^^^^^^^^
  lib/pages/ai_analysis_history_page_clean.dart:177:25: Error: The getter 'AppLocalizations' isn't defined for the type '_AIAnalysisHistoryPageState'.
   - '_AIAnalysisHistoryPageState' is from 'package:thoughtecho/pages/ai_analysis_history_page_clean.dart' ('lib/pages/ai_analysis_history_page_clean.dart').
  Try correcting the name to the name of an existing getter, or defining a getter or field named 'AppLocalizations'.
              child: Text(AppLocalizations.of(context).delete),
                          ^^^^^^^^^^^^^^^^
  lib/pages/ai_analysis_history_page_clean.dart:188:29: Error: The getter 'AppLocalizations' isn't defined for the type '_AIAnalysisHistoryPageState'.
   - '_AIAnalysisHistoryPageState' is from 'package:thoughtecho/pages/ai_analysis_history_page_clean.dart' ('lib/pages/ai_analysis_history_page_clean.dart').
  Try correcting the name to the name of an existing getter, or defining a getter or field named 'AppLocalizations'.
                content: Text(AppLocalizations.of(context)
                              ^^^^^^^^^^^^^^^^
  lib/pages/ai_analysis_history_page_clean.dart:207:29: Error: The getter 'AppLocalizations' isn't defined for the type '_AIAnalysisHistoryPageState'.
   - '_AIAnalysisHistoryPageState' is from 'package:thoughtecho/pages/ai_analysis_history_page_clean.dart' ('lib/pages/ai_analysis_history_page_clean.dart').
  Try correcting the name to the name of an existing getter, or defining a getter or field named 'AppLocalizations'.
                content: Text(AppLocalizations.of(context).allRecordsDeleted),
                              ^^^^^^^^^^^^^^^^
  lib/pages/ai_analysis_history_page_clean.dart:217:29: Error: The getter 'AppLocalizations' isn't defined for the type '_AIAnalysisHistoryPageState'.
   - '_AIAnalysisHistoryPageState' is from 'package:thoughtecho/pages/ai_analysis_history_page_clean.dart' ('lib/pages/ai_analysis_history_page_clean.dart').
  Try correcting the name to the name of an existing getter, or defining a getter or field named 'AppLocalizations'.
                content: Text(AppLocalizations.of(context).deleteFailedSimple),
                              ^^^^^^^^^^^^^^^^
  lib/pages/ai_analysis_history_page_clean.dart:268:27: Error: The getter 'AppLocalizations' isn't defined for the type '_AIAnalysisHistoryPageState'.
   - '_AIAnalysisHistoryPageState' is from 'package:thoughtecho/pages/ai_analysis_history_page_clean.dart' ('lib/pages/ai_analysis_history_page_clean.dart').
  Try correcting the name to the name of an existing getter, or defining a getter or field named 'AppLocalizations'.
                            AppLocalizations.of(context).aiAnalysisDetails,
                            ^^^^^^^^^^^^^^^^
  lib/pages/ai_analysis_history_page_clean.dart:328:23: Error: The getter 'AppLocalizations' isn't defined for the type '_AIAnalysisHistoryPageState'.
   - '_AIAnalysisHistoryPageState' is from 'package:thoughtecho/pages/ai_analysis_history_page_clean.dart' ('lib/pages/ai_analysis_history_page_clean.dart').
  Try correcting the name to the name of an existing getter, or defining a getter or field named 'AppLocalizations'.
                        AppLocalizations.of(context).analysisContent,
                        ^^^^^^^^^^^^^^^^
  lib/pages/ai_analysis_history_page_clean.dart:438:16: Error: The getter 'AppLocalizations' isn't defined for the type '_AIAnalysisHistoryPageState'.
   - '_AIAnalysisHistoryPageState' is from 'package:thoughtecho/pages/ai_analysis_history_page_clean.dart' ('lib/pages/ai_analysis_history_page_clean.dart').
  Try correcting the name to the name of an existing getter, or defining a getter or field named 'AppLocalizations'.
          return AppLocalizations.of(context).emotionalAnalysis;
                 ^^^^^^^^^^^^^^^^
  lib/pages/ai_analysis_history_page_clean.dart:440:16: Error: The getter 'AppLocalizations' isn't defined for the type '_AIAnalysisHistoryPageState'.
   - '_AIAnalysisHistoryPageState' is from 'package:thoughtecho/pages/ai_analysis_history_page_clean.dart' ('lib/pages/ai_analysis_history_page_clean.dart').
  Try correcting the name to the name of an existing getter, or defining a getter or field named 'AppLocalizations'.
          return AppLocalizations.of(context).comprehensiveAnalysis;
                 ^^^^^^^^^^^^^^^^
  lib/pages/ai_analysis_history_page_clean.dart:442:16: Error: The getter 'AppLocalizations' isn't defined for the type '_AIAnalysisHistoryPageState'.
   - '_AIAnalysisHistoryPageState' is from 'package:thoughtecho/pages/ai_analysis_history_page_clean.dart' ('lib/pages/ai_analysis_history_page_clean.dart').
  Try correcting the name to the name of an existing getter, or defining a getter or field named 'AppLocalizations'.
          return AppLocalizations.of(context).mindMapAnalysis;
                 ^^^^^^^^^^^^^^^^
  lib/pages/ai_analysis_history_page_clean.dart:444:16: Error: The getter 'AppLocalizations' isn't defined for the type '_AIAnalysisHistoryPageState'.
   - '_AIAnalysisHistoryPageState' is from 'package:thoughtecho/pages/ai_analysis_history_page_clean.dart' ('lib/pages/ai_analysis_history_page_clean.dart').
  Try correcting the name to the name of an existing getter, or defining a getter or field named 'AppLocalizations'.
          return AppLocalizations.of(context).growthAnalysis;
                 ^^^^^^^^^^^^^^^^
  lib/pages/ai_analysis_history_page_clean.dart:446:16: Error: The getter 'AppLocalizations' isn't defined for the type '_AIAnalysisHistoryPageState'.
   - '_AIAnalysisHistoryPageState' is from 'package:thoughtecho/pages/ai_analysis_history_page_clean.dart' ('lib/pages/ai_analysis_history_page_clean.dart').
  Try correcting the name to the name of an existing getter, or defining a getter or field named 'AppLocalizations'.
          return AppLocalizations.of(context).aiAnalysis;
                 ^^^^^^^^^^^^^^^^
  lib/pages/ai_analysis_history_page_clean.dart:539:19: Error: The getter 'AppLocalizations' isn't defined for the type '_AIAnalysisHistoryPageState'.
   - '_AIAnalysisHistoryPageState' is from 'package:thoughtecho/pages/ai_analysis_history_page_clean.dart' ('lib/pages/ai_analysis_history_page_clean.dart').
  Try correcting the name to the name of an existing getter, or defining a getter or field named 'AppLocalizations'.
                    AppLocalizations.of(context).selectAnnualReportType,
                    ^^^^^^^^^^^^^^^^
  lib/pages/ai_analysis_history_page_clean.dart:549:20: Error: The getter 'AppLocalizations' isn't defined for the type '_AIAnalysisHistoryPageState'.
   - '_AIAnalysisHistoryPageState' is from 'package:thoughtecho/pages/ai_analysis_history_page_clean.dart' ('lib/pages/ai_analysis_history_page_clean.dart').
  Try correcting the name to the name of an existing getter, or defining a getter or field named 'AppLocalizations'.
                Text(AppLocalizations.of(context).selectReportTypePrompt,
                     ^^^^^^^^^^^^^^^^
  lib/pages/ai_analysis_history_page_clean.dart:555:24: Error: The getter 'AppLocalizations' isn't defined for the type '_AIAnalysisHistoryPageState'.
   - '_AIAnalysisHistoryPageState' is from 'package:thoughtecho/pages/ai_analysis_history_page_clean.dart' ('lib/pages/ai_analysis_history_page_clean.dart').
  Try correcting the name to the name of an existing getter, or defining a getter or field named 'AppLocalizations'.
                  title: AppLocalizations.of(context).aiSmartReport,
                         ^^^^^^^^^^^^^^^^
  lib/pages/ai_analysis_history_page_clean.dart:556:30: Error: The getter 'AppLocalizations' isn't defined for the type '_AIAnalysisHistoryPageState'.
   - '_AIAnalysisHistoryPageState' is from 'package:thoughtecho/pages/ai_analysis_history_page_clean.dart' ('lib/pages/ai_analysis_history_page_clean.dart').
  Try correcting the name to the name of an existing getter, or defining a getter or field named 'AppLocalizations'.
                  description: AppLocalizations.of(context).aiSmartReportDesc,
                               ^^^^^^^^^^^^^^^^
  lib/pages/ai_analysis_history_page_clean.dart:564:24: Error: The getter 'AppLocalizations' isn't defined for the type '_AIAnalysisHistoryPageState'.
   - '_AIAnalysisHistoryPageState' is from 'package:thoughtecho/pages/ai_analysis_history_page_clean.dart' ('lib/pages/ai_analysis_history_page_clean.dart').
  Try correcting the name to the name of an existing getter, or defining a getter or field named 'AppLocalizations'.
                  title: AppLocalizations.of(context).nativeFlutterReport,
                         ^^^^^^^^^^^^^^^^
  lib/pages/ai_analysis_history_page_clean.dart:566:21: Error: The getter 'AppLocalizations' isn't defined for the type '_AIAnalysisHistoryPageState'.
   - '_AIAnalysisHistoryPageState' is from 'package:thoughtecho/pages/ai_analysis_history_page_clean.dart' ('lib/pages/ai_analysis_history_page_clean.dart').
  Try correcting the name to the name of an existing getter, or defining a getter or field named 'AppLocalizations'.
                      AppLocalizations.of(context).nativeFlutterReportDesc,
                      ^^^^^^^^^^^^^^^^
  lib/pages/ai_analysis_history_page_clean.dart:575:27: Error: The getter 'AppLocalizations' isn't defined for the type '_AIAnalysisHistoryPageState'.
   - '_AIAnalysisHistoryPageState' is from 'package:thoughtecho/pages/ai_analysis_history_page_clean.dart' ('lib/pages/ai_analysis_history_page_clean.dart').
  Try correcting the name to the name of an existing getter, or defining a getter or field named 'AppLocalizations'.
                child: Text(AppLocalizations.of(context).cancel),
                            ^^^^^^^^^^^^^^^^
  lib/pages/ai_analysis_history_page_clean.dart:610:22: Error: The getter 'AppLocalizations' isn't defined for the type '_AIAnalysisHistoryPageState'.
   - '_AIAnalysisHistoryPageState' is from 'package:thoughtecho/pages/ai_analysis_history_page_clean.dart' ('lib/pages/ai_analysis_history_page_clean.dart').
  Try correcting the name to the name of an existing getter, or defining a getter or field named 'AppLocalizations'.
                  Text(AppLocalizations.of(context).generateAnnualReportFailed),
                       ^^^^^^^^^^^^^^^^
  lib/pages/ai_analysis_history_page_clean.dart:627:22: Error: The getter 'AppLocalizations' isn't defined for the type '_AIAnalysisHistoryPageState'.
   - '_AIAnalysisHistoryPageState' is from 'package:thoughtecho/pages/ai_analysis_history_page_clean.dart' ('lib/pages/ai_analysis_history_page_clean.dart').
  Try correcting the name to the name of an existing getter, or defining a getter or field named 'AppLocalizations'.
          final l10n = AppLocalizations.of(context);
                       ^^^^^^^^^^^^^^^^
  lib/pages/ai_analysis_history_page_clean.dart:813:26: Error: The getter 'AppLocalizations' isn't defined for the type '_AIAnalysisHistoryPageState'.
   - '_AIAnalysisHistoryPageState' is from 'package:thoughtecho/pages/ai_analysis_history_page_clean.dart' ('lib/pages/ai_analysis_history_page_clean.dart').
  Try correcting the name to the name of an existing getter, or defining a getter or field named 'AppLocalizations'.
                      Text(AppLocalizations.of(context).aiReturnFormatAbnormal),
                           ^^^^^^^^^^^^^^^^
  lib/pages/ai_analysis_history_page_clean.dart:837:29: Error: The getter 'AppLocalizations' isn't defined for the type '_AIAnalysisHistoryPageState'.
   - '_AIAnalysisHistoryPageState' is from 'package:thoughtecho/pages/ai_analysis_history_page_clean.dart' ('lib/pages/ai_analysis_history_page_clean.dart').
  Try correcting the name to the name of an existing getter, or defining a getter or field named 'AppLocalizations'.
                content: Text(AppLocalizations.of(context).aiServiceAbnormal),
                              ^^^^^^^^^^^^^^^^
  lib/pages/ai_analysis_history_page_clean.dart:868:20: Error: The getter 'AppLocalizations' isn't defined for the type '_AIAnalysisHistoryPageState'.
   - '_AIAnalysisHistoryPageState' is from 'package:thoughtecho/pages/ai_analysis_history_page_clean.dart' ('lib/pages/ai_analysis_history_page_clean.dart').
  Try correcting the name to the name of an existing getter, or defining a getter or field named 'AppLocalizations'.
                  '${AppLocalizations.of(context).generateAnnualReportFailed}: ${e.toString()}'),
                     ^^^^^^^^^^^^^^^^
  lib/pages/ai_analysis_history_page_clean.dart:894:9: Error: The getter 'AppLocalizations' isn't defined for the type '_AIAnalysisHistoryPageState'.
   - '_AIAnalysisHistoryPageState' is from 'package:thoughtecho/pages/ai_analysis_history_page_clean.dart' ('lib/pages/ai_analysis_history_page_clean.dart').
  Try correcting the name to the name of an existing getter, or defining a getter or field named 'AppLocalizations'.
          AppLocalizations.of(context).monthJan,
          ^^^^^^^^^^^^^^^^
  lib/pages/ai_analysis_history_page_clean.dart:895:9: Error: The getter 'AppLocalizations' isn't defined for the type '_AIAnalysisHistoryPageState'.
   - '_AIAnalysisHistoryPageState' is from 'package:thoughtecho/pages/ai_analysis_history_page_clean.dart' ('lib/pages/ai_analysis_history_page_clean.dart').
  Try correcting the name to the name of an existing getter, or defining a getter or field named 'AppLocalizations'.
          AppLocalizations.of(context).monthFeb,
          ^^^^^^^^^^^^^^^^
  lib/pages/ai_analysis_history_page_clean.dart:896:9: Error: The getter 'AppLocalizations' isn't defined for the type '_AIAnalysisHistoryPageState'.
   - '_AIAnalysisHistoryPageState' is from 'package:thoughtecho/pages/ai_analysis_history_page_clean.dart' ('lib/pages/ai_analysis_history_page_clean.dart').
  Try correcting the name to the name of an existing getter, or defining a getter or field named 'AppLocalizations'.
          AppLocalizations.of(context).monthMar,
          ^^^^^^^^^^^^^^^^
  lib/pages/ai_analysis_history_page_clean.dart:897:9: Error: The getter 'AppLocalizations' isn't defined for the type '_AIAnalysisHistoryPageState'.
   - '_AIAnalysisHistoryPageState' is from 'package:thoughtecho/pages/ai_analysis_history_page_clean.dart' ('lib/pages/ai_analysis_history_page_clean.dart').
  Try correcting the name to the name of an existing getter, or defining a getter or field named 'AppLocalizations'.
          AppLocalizations.of(context).monthApr,
          ^^^^^^^^^^^^^^^^
  lib/pages/ai_analysis_history_page_clean.dart:898:9: Error: The getter 'AppLocalizations' isn't defined for the type '_AIAnalysisHistoryPageState'.
   - '_AIAnalysisHistoryPageState' is from 'package:thoughtecho/pages/ai_analysis_history_page_clean.dart' ('lib/pages/ai_analysis_history_page_clean.dart').
  Try correcting the name to the name of an existing getter, or defining a getter or field named 'AppLocalizations'.
          AppLocalizations.of(context).monthMay,
          ^^^^^^^^^^^^^^^^
  lib/pages/ai_analysis_history_page_clean.dart:899:9: Error: The getter 'AppLocalizations' isn't defined for the type '_AIAnalysisHistoryPageState'.
   - '_AIAnalysisHistoryPageState' is from 'package:thoughtecho/pages/ai_analysis_history_page_clean.dart' ('lib/pages/ai_analysis_history_page_clean.dart').
  Try correcting the name to the name of an existing getter, or defining a getter or field named 'AppLocalizations'.
          AppLocalizations.of(context).monthJun,
          ^^^^^^^^^^^^^^^^
  lib/pages/ai_analysis_history_page_clean.dart:900:9: Error: The getter 'AppLocalizations' isn't defined for the type '_AIAnalysisHistoryPageState'.
   - '_AIAnalysisHistoryPageState' is from 'package:thoughtecho/pages/ai_analysis_history_page_clean.dart' ('lib/pages/ai_analysis_history_page_clean.dart').
  Try correcting the name to the name of an existing getter, or defining a getter or field named 'AppLocalizations'.
          AppLocalizations.of(context).monthJul,
          ^^^^^^^^^^^^^^^^
  lib/pages/ai_analysis_history_page_clean.dart:901:9: Error: The getter 'AppLocalizations' isn't defined for the type '_AIAnalysisHistoryPageState'.
   - '_AIAnalysisHistoryPageState' is from 'package:thoughtecho/pages/ai_analysis_history_page_clean.dart' ('lib/pages/ai_analysis_history_page_clean.dart').
  Try correcting the name to the name of an existing getter, or defining a getter or field named 'AppLocalizations'.
          AppLocalizations.of(context).monthAug,
          ^^^^^^^^^^^^^^^^
  lib/pages/ai_analysis_history_page_clean.dart:902:9: Error: The getter 'AppLocalizations' isn't defined for the type '_AIAnalysisHistoryPageState'.
   - '_AIAnalysisHistoryPageState' is from 'package:thoughtecho/pages/ai_analysis_history_page_clean.dart' ('lib/pages/ai_analysis_history_page_clean.dart').
  Try correcting the name to the name of an existing getter, or defining a getter or field named 'AppLocalizations'.
          AppLocalizations.of(context).monthSep,
          ^^^^^^^^^^^^^^^^
  lib/pages/ai_analysis_history_page_clean.dart:903:9: Error: The getter 'AppLocalizations' isn't defined for the type '_AIAnalysisHistoryPageState'.
   - '_AIAnalysisHistoryPageState' is from 'package:thoughtecho/pages/ai_analysis_history_page_clean.dart' ('lib/pages/ai_analysis_history_page_clean.dart').
  Try correcting the name to the name of an existing getter, or defining a getter or field named 'AppLocalizations'.
          AppLocalizations.of(context).monthOct,
          ^^^^^^^^^^^^^^^^
  lib/pages/ai_analysis_history_page_clean.dart:904:9: Error: The getter 'AppLocalizations' isn't defined for the type '_AIAnalysisHistoryPageState'.
   - '_AIAnalysisHistoryPageState' is from 'package:thoughtecho/pages/ai_analysis_history_page_clean.dart' ('lib/pages/ai_analysis_history_page_clean.dart').
  Try correcting the name to the name of an existing getter, or defining a getter or field named 'AppLocalizations'.
          AppLocalizations.of(context).monthNov,
          ^^^^^^^^^^^^^^^^
  lib/pages/ai_analysis_history_page_clean.dart:905:9: Error: The getter 'AppLocalizations' isn't defined for the type '_AIAnalysisHistoryPageState'.
   - '_AIAnalysisHistoryPageState' is from 'package:thoughtecho/pages/ai_analysis_history_page_clean.dart' ('lib/pages/ai_analysis_history_page_clean.dart').
  Try correcting the name to the name of an existing getter, or defining a getter or field named 'AppLocalizations'.
          AppLocalizations.of(context).monthDec,
          ^^^^^^^^^^^^^^^^
  lib/pages/ai_analysis_history_page_clean.dart:988:21: Error: The getter 'AppLocalizations' isn't defined for the type '_AIAnalysisHistoryPageState'.
   - '_AIAnalysisHistoryPageState' is from 'package:thoughtecho/pages/ai_analysis_history_page_clean.dart' ('lib/pages/ai_analysis_history_page_clean.dart').
  Try correcting the name to the name of an existing getter, or defining a getter or field named 'AppLocalizations'.
          title: Text(AppLocalizations.of(context).aiAnalysis),
                      ^^^^^^^^^^^^^^^^
  lib/pages/ai_analysis_history_page_clean.dart:993:22: Error: The getter 'AppLocalizations' isn't defined for the type '_AIAnalysisHistoryPageState'.
   - '_AIAnalysisHistoryPageState' is from 'package:thoughtecho/pages/ai_analysis_history_page_clean.dart' ('lib/pages/ai_analysis_history_page_clean.dart').
  Try correcting the name to the name of an existing getter, or defining a getter or field named 'AppLocalizations'.
              tooltip: AppLocalizations.of(context).refresh,
                       ^^^^^^^^^^^^^^^^
  lib/pages/ai_analysis_history_page_clean.dart:998:22: Error: The getter 'AppLocalizations' isn't defined for the type '_AIAnalysisHistoryPageState'.
   - '_AIAnalysisHistoryPageState' is from 'package:thoughtecho/pages/ai_analysis_history_page_clean.dart' ('lib/pages/ai_analysis_history_page_clean.dart').
  Try correcting the name to the name of an existing getter, or defining a getter or field named 'AppLocalizations'.
              tooltip: AppLocalizations.of(context).annualReport,
                       ^^^^^^^^^^^^^^^^
  lib/pages/ai_analysis_history_page_clean.dart:1014:28: Error: The getter 'AppLocalizations' isn't defined for the type '_AIAnalysisHistoryPageState'.
   - '_AIAnalysisHistoryPageState' is from 'package:thoughtecho/pages/ai_analysis_history_page_clean.dart' ('lib/pages/ai_analysis_history_page_clean.dart').
  Try correcting the name to the name of an existing getter, or defining a getter or field named 'AppLocalizations'.
                        Text(AppLocalizations.of(context).clearRecords),
                             ^^^^^^^^^^^^^^^^
  lib/pages/ai_analysis_history_page_clean.dart:1031:29: Error: The getter 'AppLocalizations' isn't defined for the type '_AIAnalysisHistoryPageState'.
   - '_AIAnalysisHistoryPageState' is from 'package:thoughtecho/pages/ai_analysis_history_page_clean.dart' ('lib/pages/ai_analysis_history_page_clean.dart').
  Try correcting the name to the name of an existing getter, or defining a getter or field named 'AppLocalizations'.
                    hintText: AppLocalizations.of(context).searchAnalysisRecords,
                              ^^^^^^^^^^^^^^^^
  lib/pages/ai_analysis_history_page_clean.dart:1186:53: Error: The getter 'AppLocalizations' isn't defined for the type '_AIAnalysisHistoryPageState'.
   - '_AIAnalysisHistoryPageState' is from 'package:thoughtecho/pages/ai_analysis_history_page_clean.dart' ('lib/pages/ai_analysis_history_page_clean.dart').
  Try correcting the name to the name of an existing getter, or defining a getter or field named 'AppLocalizations'.
                                                      AppLocalizations.of(context)
                                                      ^^^^^^^^^^^^^^^^
  lib/pages/logs_page.dart:127:20: Error: The getter 'AppLocalizations' isn't defined for the type '_LogsPageState'.
   - '_LogsPageState' is from 'package:thoughtecho/pages/logs_page.dart' ('lib/pages/logs_page.dart').
  Try correcting the name to the name of an existing getter, or defining a getter or field named 'AppLocalizations'.
        final l10n = AppLocalizations.of(context);
                     ^^^^^^^^^^^^^^^^
  lib/pages/logs_page.dart:257:27: Error: The getter 'AppLocalizations' isn't defined for the type '_LogsPageState'.
   - '_LogsPageState' is from 'package:thoughtecho/pages/logs_page.dart' ('lib/pages/logs_page.dart').
  Try correcting the name to the name of an existing getter, or defining a getter or field named 'AppLocalizations'.
                            AppLocalizations.of(context).logDetailsTitle(
                            ^^^^^^^^^^^^^^^^
  lib/pages/logs_page.dart:266:36: Error: The getter 'AppLocalizations' isn't defined for the type '_LogsPageState'.
   - '_LogsPageState' is from 'package:thoughtecho/pages/logs_page.dart' ('lib/pages/logs_page.dart').
  Try correcting the name to the name of an existing getter, or defining a getter or field named 'AppLocalizations'.
                            tooltip: AppLocalizations.of(context).logCopyAll,
                                     ^^^^^^^^^^^^^^^^
  lib/pages/logs_page.dart:277:23: Error: The getter 'AppLocalizations' isn't defined for the type '_LogsPageState'.
   - '_LogsPageState' is from 'package:thoughtecho/pages/logs_page.dart' ('lib/pages/logs_page.dart').
  Try correcting the name to the name of an existing getter, or defining a getter or field named 'AppLocalizations'.
                        AppLocalizations.of(
                        ^^^^^^^^^^^^^^^^
  lib/pages/logs_page.dart:294:23: Error: The getter 'AppLocalizations' isn't defined for the type '_LogsPageState'.
   - '_LogsPageState' is from 'package:thoughtecho/pages/logs_page.dart' ('lib/pages/logs_page.dart').
  Try correcting the name to the name of an existing getter, or defining a getter or field named 'AppLocalizations'.
                        AppLocalizations.of(context).logMessage,
                        ^^^^^^^^^^^^^^^^
  lib/pages/logs_page.dart:316:25: Error: The getter 'AppLocalizations' isn't defined for the type '_LogsPageState'.
   - '_LogsPageState' is from 'package:thoughtecho/pages/logs_page.dart' ('lib/pages/logs_page.dart').
  Try correcting the name to the name of an existing getter, or defining a getter or field named 'AppLocalizations'.
                          AppLocalizations.of(context).logError,
                          ^^^^^^^^^^^^^^^^
  lib/pages/logs_page.dart:345:25: Error: The getter 'AppLocalizations' isn't defined for the type '_LogsPageState'.
   - '_LogsPageState' is from 'package:thoughtecho/pages/logs_page.dart' ('lib/pages/logs_page.dart').
  Try correcting the name to the name of an existing getter, or defining a getter or field named 'AppLocalizations'.
                          AppLocalizations.of(context).logStackTrace,
                          ^^^^^^^^^^^^^^^^
  lib/pages/logs_page.dart:375:18: Error: The getter 'AppLocalizations' isn't defined for the type '_LogsPageState'.
   - '_LogsPageState' is from 'package:thoughtecho/pages/logs_page.dart' ('lib/pages/logs_page.dart').
  Try correcting the name to the name of an existing getter, or defining a getter or field named 'AppLocalizations'.
      final l10n = AppLocalizations.of(context);
                   ^^^^^^^^^^^^^^^^
  lib/pages/logs_page.dart:472:18: Error: The getter 'AppLocalizations' isn't defined for the type '_LogsPageState'.
   - '_LogsPageState' is from 'package:thoughtecho/pages/logs_page.dart' ('lib/pages/logs_page.dart').
  Try correcting the name to the name of an existing getter, or defining a getter or field named 'AppLocalizations'.
      final l10n = AppLocalizations.of(context);
                   ^^^^^^^^^^^^^^^^
  lib/pages/logs_page.dart:551:20: Error: The getter 'AppLocalizations' isn't defined for the type '_LogsPageState'.
   - '_LogsPageState' is from 'package:thoughtecho/pages/logs_page.dart' ('lib/pages/logs_page.dart').
  Try correcting the name to the name of an existing getter, or defining a getter or field named 'AppLocalizations'.
        final l10n = AppLocalizations.of(context);
                     ^^^^^^^^^^^^^^^^
  lib/pages/logs_page.dart:727:20: Error: The getter 'AppLocalizations' isn't defined for the type '_LogsPageState'.
   - '_LogsPageState' is from 'package:thoughtecho/pages/logs_page.dart' ('lib/pages/logs_page.dart').
  Try correcting the name to the name of an existing getter, or defining a getter or field named 'AppLocalizations'.
        final l10n = AppLocalizations.of(context);
                     ^^^^^^^^^^^^^^^^
  lib/pages/logs_page.dart:805:23: Error: The getter 'AppLocalizations' isn't defined for the type '_LogsPageState'.
   - '_LogsPageState' is from 'package:thoughtecho/pages/logs_page.dart' ('lib/pages/logs_page.dart').
  Try correcting the name to the name of an existing getter, or defining a getter or field named 'AppLocalizations'.
                        AppLocalizations.of(context).logFilterOptions,
                        ^^^^^^^^^^^^^^^^
  lib/pages/logs_page.dart:817:35: Error: The getter 'AppLocalizations' isn't defined for the type '_LogsPageState'.
   - '_LogsPageState' is from 'package:thoughtecho/pages/logs_page.dart' ('lib/pages/logs_page.dart').
  Try correcting the name to the name of an existing getter, or defining a getter or field named 'AppLocalizations'.
                        child: Text(AppLocalizations.of(context).logFilterReset),
                                    ^^^^^^^^^^^^^^^^
  lib/pages/logs_page.dart:830:23: Error: The getter 'AppLocalizations' isn't defined for the type '_LogsPageState'.
   - '_LogsPageState' is from 'package:thoughtecho/pages/logs_page.dart' ('lib/pages/logs_page.dart').
  Try correcting the name to the name of an existing getter, or defining a getter or field named 'AppLocalizations'.
                        AppLocalizations.of(context).logFilterByLevel,
                        ^^^^^^^^^^^^^^^^
  lib/pages/logs_page.dart:868:23: Error: The getter 'AppLocalizations' isn't defined for the type '_LogsPageState'.
   - '_LogsPageState' is from 'package:thoughtecho/pages/logs_page.dart' ('lib/pages/logs_page.dart').
  Try correcting the name to the name of an existing getter, or defining a getter or field named 'AppLocalizations'.
                        AppLocalizations.of(context).logFilterBySource,
                        ^^^^^^^^^^^^^^^^
  lib/pages/logs_page.dart:875:35: Error: The getter 'AppLocalizations' isn't defined for the type '_LogsPageState'.
   - '_LogsPageState' is from 'package:thoughtecho/pages/logs_page.dart' ('lib/pages/logs_page.dart').
  Try correcting the name to the name of an existing getter, or defining a getter or field named 'AppLocalizations'.
                          hintText: AppLocalizations.of(
                                    ^^^^^^^^^^^^^^^^
  lib/pages/logs_page.dart:907:35: Error: The getter 'AppLocalizations' isn't defined for the type '_LogsPageState'.
   - '_LogsPageState' is from 'package:thoughtecho/pages/logs_page.dart' ('lib/pages/logs_page.dart').
  Try correcting the name to the name of an existing getter, or defining a getter or field named 'AppLocalizations'.
                        child: Text(AppLocalizations.of(context).cancel),
                                    ^^^^^^^^^^^^^^^^
  lib/pages/logs_page.dart:922:35: Error: The getter 'AppLocalizations' isn't defined for the type '_LogsPageState'.
   - '_LogsPageState' is from 'package:thoughtecho/pages/logs_page.dart' ('lib/pages/logs_page.dart').
  Try correcting the name to the name of an existing getter, or defining a getter or field named 'AppLocalizations'.
                        child: Text(AppLocalizations.of(context).logFilterApply),
                                    ^^^^^^^^^^^^^^^^
  lib/pages/logs_page.dart:936:18: Error: The getter 'AppLocalizations' isn't defined for the type '_LogsPageState'.
   - '_LogsPageState' is from 'package:thoughtecho/pages/logs_page.dart' ('lib/pages/logs_page.dart').
  Try correcting the name to the name of an existing getter, or defining a getter or field named 'AppLocalizations'.
      final l10n = AppLocalizations.of(context);
                   ^^^^^^^^^^^^^^^^
  lib/pages/logs_page.dart:1092:19: Error: The getter 'AppLocalizations' isn't defined for the type '_LogEntryItem'.
   - '_LogEntryItem' is from 'package:thoughtecho/pages/logs_page.dart' ('lib/pages/logs_page.dart').
  Try correcting the name to the name of an existing getter, or defining a getter or field named 'AppLocalizations'.
                    AppLocalizations.of(context).logContainsError,
                    ^^^^^^^^^^^^^^^^
  lib/widgets/unified_media_import_dialog.dart:38:32: Error: The getter 'AppLocalizations' isn't defined for the type '_UnifiedMediaImportDialogState'.
   - '_UnifiedMediaImportDialogState' is from 'package:thoughtecho/widgets/unified_media_import_dialog.dart' ('lib/widgets/unified_media_import_dialog.dart').
  Try correcting the name to the name of an existing getter, or defining a getter or field named 'AppLocalizations'.
    AppLocalizations get l10n => AppLocalizations.of(context);
                                 ^^^^^^^^^^^^^^^^
  .

To run this test again: /home/jules/flutter/bin/cache/dart-sdk/bin/dart test /app/test/unit/services/ai_card_generation_service_isolate_test.dart -p vm --plain-name 'loading /app/test/unit/services/ai_card_generation_service_isolate_test.dart'
00:23 +0 -1: Some tests failed.
